Archive member included to satisfy reference by file (symbol)

/Applications/STM32CubeIDE.app/Contents/Eclipse/plugins/com.st.stm32cube.ide.mcu.externaltools.gnu-tools-for-stm32.11.3.rel1.macos64_1.1.0.202305231506/tools/bin/../lib/gcc/arm-none-eabi/11.3.1/../../../../arm-none-eabi/lib/thumb/v7e-m+fp/hard/libc_nano.a(libc_a-exit.o)
                              /Applications/STM32CubeIDE.app/Contents/Eclipse/plugins/com.st.stm32cube.ide.mcu.externaltools.gnu-tools-for-stm32.11.3.rel1.macos64_1.1.0.202305231506/tools/bin/../lib/gcc/arm-none-eabi/11.3.1/../../../../arm-none-eabi/lib/thumb/v7e-m+fp/hard/crt0.o (exit)
/Applications/STM32CubeIDE.app/Contents/Eclipse/plugins/com.st.stm32cube.ide.mcu.externaltools.gnu-tools-for-stm32.11.3.rel1.macos64_1.1.0.202305231506/tools/bin/../lib/gcc/arm-none-eabi/11.3.1/../../../../arm-none-eabi/lib/thumb/v7e-m+fp/hard/libc_nano.a(libc_a-sprintf.o)
                              ./Core/Src/main.o (sprintf)
/Applications/STM32CubeIDE.app/Contents/Eclipse/plugins/com.st.stm32cube.ide.mcu.externaltools.gnu-tools-for-stm32.11.3.rel1.macos64_1.1.0.202305231506/tools/bin/../lib/gcc/arm-none-eabi/11.3.1/../../../../arm-none-eabi/lib/thumb/v7e-m+fp/hard/libc_nano.a(libc_a-findfp.o)
                              /Applications/STM32CubeIDE.app/Contents/Eclipse/plugins/com.st.stm32cube.ide.mcu.externaltools.gnu-tools-for-stm32.11.3.rel1.macos64_1.1.0.202305231506/tools/bin/../lib/gcc/arm-none-eabi/11.3.1/../../../../arm-none-eabi/lib/thumb/v7e-m+fp/hard/libc_nano.a(libc_a-exit.o) (__stdio_exit_handler)
/Applications/STM32CubeIDE.app/Contents/Eclipse/plugins/com.st.stm32cube.ide.mcu.externaltools.gnu-tools-for-stm32.11.3.rel1.macos64_1.1.0.202305231506/tools/bin/../lib/gcc/arm-none-eabi/11.3.1/../../../../arm-none-eabi/lib/thumb/v7e-m+fp/hard/libc_nano.a(libc_a-fwalk.o)
                              /Applications/STM32CubeIDE.app/Contents/Eclipse/plugins/com.st.stm32cube.ide.mcu.externaltools.gnu-tools-for-stm32.11.3.rel1.macos64_1.1.0.202305231506/tools/bin/../lib/gcc/arm-none-eabi/11.3.1/../../../../arm-none-eabi/lib/thumb/v7e-m+fp/hard/libc_nano.a(libc_a-findfp.o) (_fwalk_sglue)
/Applications/STM32CubeIDE.app/Contents/Eclipse/plugins/com.st.stm32cube.ide.mcu.externaltools.gnu-tools-for-stm32.11.3.rel1.macos64_1.1.0.202305231506/tools/bin/../lib/gcc/arm-none-eabi/11.3.1/../../../../arm-none-eabi/lib/thumb/v7e-m+fp/hard/libc_nano.a(libc_a-vsnprintf.o)
                              ./Core/Src/ili9163.o (vsnprintf)
/Applications/STM32CubeIDE.app/Contents/Eclipse/plugins/com.st.stm32cube.ide.mcu.externaltools.gnu-tools-for-stm32.11.3.rel1.macos64_1.1.0.202305231506/tools/bin/../lib/gcc/arm-none-eabi/11.3.1/../../../../arm-none-eabi/lib/thumb/v7e-m+fp/hard/libc_nano.a(libc_a-memset.o)
                              /Applications/STM32CubeIDE.app/Contents/Eclipse/plugins/com.st.stm32cube.ide.mcu.externaltools.gnu-tools-for-stm32.11.3.rel1.macos64_1.1.0.202305231506/tools/bin/../lib/gcc/arm-none-eabi/11.3.1/../../../../arm-none-eabi/lib/thumb/v7e-m+fp/hard/crt0.o (memset)
/Applications/STM32CubeIDE.app/Contents/Eclipse/plugins/com.st.stm32cube.ide.mcu.externaltools.gnu-tools-for-stm32.11.3.rel1.macos64_1.1.0.202305231506/tools/bin/../lib/gcc/arm-none-eabi/11.3.1/../../../../arm-none-eabi/lib/thumb/v7e-m+fp/hard/libc_nano.a(libc_a-impure.o)
                              /Applications/STM32CubeIDE.app/Contents/Eclipse/plugins/com.st.stm32cube.ide.mcu.externaltools.gnu-tools-for-stm32.11.3.rel1.macos64_1.1.0.202305231506/tools/bin/../lib/gcc/arm-none-eabi/11.3.1/../../../../arm-none-eabi/lib/thumb/v7e-m+fp/hard/libc_nano.a(libc_a-sprintf.o) (_impure_ptr)
/Applications/STM32CubeIDE.app/Contents/Eclipse/plugins/com.st.stm32cube.ide.mcu.externaltools.gnu-tools-for-stm32.11.3.rel1.macos64_1.1.0.202305231506/tools/bin/../lib/gcc/arm-none-eabi/11.3.1/../../../../arm-none-eabi/lib/thumb/v7e-m+fp/hard/libc_nano.a(libc_a-errno.o)
                              ./Core/Src/syscalls.o (__errno)
/Applications/STM32CubeIDE.app/Contents/Eclipse/plugins/com.st.stm32cube.ide.mcu.externaltools.gnu-tools-for-stm32.11.3.rel1.macos64_1.1.0.202305231506/tools/bin/../lib/gcc/arm-none-eabi/11.3.1/../../../../arm-none-eabi/lib/thumb/v7e-m+fp/hard/libc_nano.a(libc_a-init.o)
                              /Applications/STM32CubeIDE.app/Contents/Eclipse/plugins/com.st.stm32cube.ide.mcu.externaltools.gnu-tools-for-stm32.11.3.rel1.macos64_1.1.0.202305231506/tools/bin/../lib/gcc/arm-none-eabi/11.3.1/../../../../arm-none-eabi/lib/thumb/v7e-m+fp/hard/crt0.o (__libc_init_array)
/Applications/STM32CubeIDE.app/Contents/Eclipse/plugins/com.st.stm32cube.ide.mcu.externaltools.gnu-tools-for-stm32.11.3.rel1.macos64_1.1.0.202305231506/tools/bin/../lib/gcc/arm-none-eabi/11.3.1/../../../../arm-none-eabi/lib/thumb/v7e-m+fp/hard/libc_nano.a(libc_a-lock.o)
[...]
Memory Configuration

Name             Origin             Length             Attributes
RAM              0x0000000020000000 0x0000000000050000 xrw
FLASH            0x0000000008000000 0x0000000000100000 xr
*default*        0x0000000000000000 0xffffffffffffffff

Linker script and memory map

LOAD /Applications/STM32CubeIDE.app/Contents/Eclipse/plugins/com.st.stm32cube.ide.mcu.externaltools.gnu-tools-for-stm32.11.3.rel1.macos64_1.1.0.202305231506/tools/bin/../lib/gcc/arm-none-eabi/11.3.1/thumb/v7e-m+fp/hard/crti.o
LOAD /Applications/STM32CubeIDE.app/Contents/Eclipse/plugins/com.st.stm32cube.ide.mcu.externaltools.gnu-tools-for-stm32.11.3.rel1.macos64_1.1.0.202305231506/tools/bin/../lib/gcc/arm-none-eabi/11.3.1/thumb/v7e-m+fp/hard/crtbegin.o
LOAD /Applications/STM32CubeIDE.app/Contents/Eclipse/plugins/com.st.stm32cube.ide.mcu.externaltools.gnu-tools-for-stm32.11.3.rel1.macos64_1.1.0.202305231506/tools/bin/../lib/gcc/arm-none-eabi/11.3.1/../../../../arm-none-eabi/lib/thumb/v7e-m+fp/hard/crt0.o
LOAD ./Core/Src/fonts.o
LOAD ./Core/Src/ili9163.o
LOAD ./Core/Src/main.o
LOAD ./Core/Src/stm32f7xx_hal_msp.o
LOAD ./Core/Src/stm32f7xx_it.o
LOAD ./Core/Src/syscalls.o
LOAD ./Core/Src/sysmem.o
LOAD ./Core/Src/system_stm32f7xx.o
LOAD ./Core/Startup/startup_stm32f746zgtx.o
LOAD ./Drivers/STM32F7xx_HAL_Driver/Src/stm32f7xx_hal 2.o
LOAD ./Drivers/STM32F7xx_HAL_Driver/Src/stm32f7xx_hal.o
LOAD ./Drivers/STM32F7xx_HAL_Driver/Src/stm32f7xx_hal_cortex 2.o
LOAD ./Drivers/STM32F7xx_HAL_Driver/Src/stm32f7xx_hal_cortex.o
LOAD ./Drivers/STM32F7xx_HAL_Driver/Src/stm32f7xx_hal_dma 2.o
LOAD ./Drivers/STM32F7xx_HAL_Driver/Src/stm32f7xx_hal_dma.o
LOAD ./Drivers/STM32F7xx_HAL_Driver/Src/stm32f7xx_hal_dma_ex 2.o
LOAD ./Drivers/STM32F7xx_HAL_Driver/Src/stm32f7xx_hal_dma_ex.o
LOAD ./Drivers/STM32F7xx_HAL_Driver/Src/stm32f7xx_hal_exti 2.o
LOAD ./Drivers/STM32F7xx_HAL_Driver/Src/stm32f7xx_hal_exti.o
LOAD ./Drivers/STM32F7xx_HAL_Driver/Src/stm32f7xx_hal_flash 2.o
LOAD ./Drivers/STM32F7xx_HAL_Driver/Src/stm32f7xx_hal_flash.o
LOAD ./Drivers/STM32F7xx_HAL_Driver/Src/stm32f7xx_hal_flash_ex 2.o
LOAD ./Drivers/STM32F7xx_HAL_Driver/Src/stm32f7xx_hal_flash_ex.o
LOAD ./Drivers/STM32F7xx_HAL_Driver/Src/stm32f7xx_hal_gpio 2.o
LOAD ./Drivers/STM32F7xx_HAL_Driver/Src/stm32f7xx_hal_gpio.o
LOAD ./Drivers/STM32F7xx_HAL_Driver/Src/stm32f7xx_hal_i2c 2.o
LOAD ./Drivers/STM32F7xx_HAL_Driver/Src/stm32f7xx_hal_i2c.o
LOAD ./Drivers/STM32F7xx_HAL_Driver/Src/stm32f7xx_hal_i2c_ex 2.o
LOAD ./Drivers/STM32F7xx_HAL_Driver/Src/stm32f7xx_hal_i2c_ex.o
LOAD ./Drivers/STM32F7xx_HAL_Driver/Src/stm32f7xx_hal_pcd 2.o
LOAD ./Drivers/STM32F7xx_HAL_Driver/Src/stm32f7xx_hal_pcd.o
LOAD ./Drivers/STM32F7xx_HAL_Driver/Src/stm32f7xx_hal_pcd_ex 2.o
LOAD ./Drivers/STM32F7xx_HAL_Driver/Src/stm32f7xx_hal_pcd_ex.o
LOAD ./Drivers/STM32F7xx_HAL_Driver/Src/stm32f7xx_hal_pwr 2.o
LOAD ./Drivers/STM32F7xx_HAL_Driver/Src/stm32f7xx_hal_pwr.o
LOAD ./Drivers/STM32F7xx_HAL_Driver/Src/stm32f7xx_hal_pwr_ex 2.o
LOAD ./Drivers/STM32F7xx_HAL_Driver/Src/stm32f7xx_hal_pwr_ex.o
LOAD ./Drivers/STM32F7xx_HAL_Driver/Src/stm32f7xx_hal_rcc 2.o
LOAD ./Drivers/STM32F7xx_HAL_Driver/Src/stm32f7xx_hal_rcc.o
LOAD ./Drivers/STM32F7xx_HAL_Driver/Src/stm32f7xx_hal_rcc_ex 2.o
LOAD ./Drivers/STM32F7xx_HAL_Driver/Src/stm32f7xx_hal_rcc_ex.o
LOAD ./Drivers/STM32F7xx_HAL_Driver/Src/stm32f7xx_hal_spi 2.o
LOAD ./Drivers/STM32F7xx_HAL_Driver/Src/stm32f7xx_hal_spi.o
LOAD ./Drivers/STM32F7xx_HAL_Driver/Src/stm32f7xx_hal_spi_ex 2.o
LOAD ./Drivers/STM32F7xx_HAL_Driver/Src/stm32f7xx_hal_spi_ex.o
LOAD ./Drivers/STM32F7xx_HAL_Driver/Src/stm32f7xx_hal_tim 2.o
LOAD ./Drivers/STM32F7xx_HAL_Driver/Src/stm32f7xx_hal_tim.o
LOAD ./Drivers/STM32F7xx_HAL_Driver/Src/stm32f7xx_hal_tim_ex 2.o
LOAD ./Drivers/STM32F7xx_HAL_Driver/Src/stm32f7xx_hal_tim_ex.o
LOAD ./Drivers/STM32F7xx_HAL_Driver/Src/stm32f7xx_hal_uart 2.o
LOAD ./Drivers/STM32F7xx_HAL_Driver/Src/stm32f7xx_hal_uart.o
LOAD ./Drivers/STM32F7xx_HAL_Driver/Src/stm32f7xx_hal_uart_ex 2.o
LOAD ./Drivers/STM32F7xx_HAL_Driver/Src/stm32f7xx_hal_uart_ex.o
LOAD ./Drivers/STM32F7xx_HAL_Driver/Src/stm32f7xx_ll_usb 2.o
LOAD ./Drivers/STM32F7xx_HAL_Driver/Src/stm32f7xx_ll_usb.o
START GROUP
LOAD /Applications/STM32CubeIDE.app/Contents/Eclipse/plugins/com.st.stm32cube.ide.mcu.externaltools.gnu-tools-for-stm32.11.3.rel1.macos64_1.1.0.202305231506/tools/bin/../lib/gcc/arm-none-eabi/11.3.1/../../../../arm-none-eabi/lib/thumb/v7e-m+fp/hard/libc_nano.a
LOAD /Applications/STM32CubeIDE.app/Contents/Eclipse/plugins/com.st.stm32cube.ide.mcu.externaltools.gnu-tools-for-stm32.11.3.rel1.macos64_1.1.0.202305231506/tools/bin/../lib/gcc/arm-none-eabi/11.3.1/../../../../arm-none-eabi/lib/thumb/v7e-m+fp/hard/libm.a
END GROUP
START GROUP
LOAD /Applications/STM32CubeIDE.app/Contents/Eclipse/plugins/com.st.stm32cube.ide.mcu.externaltools.gnu-tools-for-stm32.11.3.rel1.macos64_1.1.0.202305231506/tools/bin/../lib/gcc/arm-none-eabi/11.3.1/thumb/v7e-m+fp/hard/libgcc.a
LOAD /Applications/STM32CubeIDE.app/Contents/Eclipse/plugins/com.st.stm32cube.ide.mcu.externaltools.gnu-tools-for-stm32.11.3.rel1.macos64_1.1.0.202305231506/tools/bin/../lib/gcc/arm-none-eabi/11.3.1/../../../../arm-none-eabi/lib/thumb/v7e-m+fp/hard/libc_nano.a
END GROUP
START GROUP
LOAD /Applications/STM32CubeIDE.app/Contents/Eclipse/plugins/com.st.stm32cube.ide.mcu.externaltools.gnu-tools-for-stm32.11.3.rel1.macos64_1.1.0.202305231506/tools/bin/../lib/gcc/arm-none-eabi/11.3.1/thumb/v7e-m+fp/hard/libgcc.a
LOAD /Applications/STM32CubeIDE.app/Contents/Eclipse/plugins/com.st.stm32cube.ide.mcu.externaltools.gnu-tools-for-stm32.11.3.rel1.macos64_1.1.0.202305231506/tools/bin/../lib/gcc/arm-none-eabi/11.3.1/../../../../arm-none-eabi/lib/thumb/v7e-m+fp/hard/libc_nano.a
LOAD /Applications/STM32CubeIDE.app/Contents/Eclipse/plugins/com.st.stm32cube.ide.mcu.externaltools.gnu-tools-for-stm32.11.3.rel1.macos64_1.1.0.202305231506/tools/bin/../lib/gcc/arm-none-eabi/11.3.1/../../../../arm-none-eabi/lib/thumb/v7e-m+fp/hard/libnosys.a
END GROUP
START GROUP
LOAD /Applications/STM32CubeIDE.app/Contents/Eclipse/plugins/com.st.stm32cube.ide.mcu.externaltools.gnu-tools-for-stm32.11.3.rel1.macos64_1.1.0.202305231506/tools/bin/../lib/gcc/arm-none-eabi/11.3.1/thumb/v7e-m+fp/hard/libgcc.a
LOAD /Applications/STM32CubeIDE.app/Contents/Eclipse/plugins/com.st.stm32cube.ide.mcu.externaltools.gnu-tools-for-stm32.11.3.rel1.macos64_1.1.0.202305231506/tools/bin/../lib/gcc/arm-none-eabi/11.3.1/../../../../arm-none-eabi/lib/thumb/v7e-m+fp/hard/libc_nano.a
LOAD /Applications/STM32CubeIDE.app/Contents/Eclipse/plugins/com.st.stm32cube.ide.mcu.externaltools.gnu-tools-for-stm32.11.3.rel1.macos64_1.1.0.202305231506/tools/bin/../lib/gcc/arm-none-eabi/11.3.1/../../../../arm-none-eabi/lib/thumb/v7e-m+fp/hard/libnosys.a
END GROUP
LOAD /Applications/STM32CubeIDE.app/Contents/Eclipse/plugins/com.st.stm32cube.ide.mcu.externaltools.gnu-tools-for-stm32.11.3.rel1.macos64_1.1.0.202305231506/tools/bin/../lib/gcc/arm-none-eabi/11.3.1/thumb/v7e-m+fp/hard/crtend.o
LOAD /Applications/STM32CubeIDE.app/Contents/Eclipse/plugins/com.st.stm32cube.ide.mcu.externaltools.gnu-tools-for-stm32.11.3.rel1.macos64_1.1.0.202305231506/tools/bin/../lib/gcc/arm-none-eabi/11.3.1/thumb/v7e-m+fp/hard/crtn.o
                0x0000000020050000                _estack = (ORIGIN (RAM) + LENGTH (RAM))
                0x0000000000000200                _Min_Heap_Size = 0x200
                0x0000000000000400                _Min_Stack_Size = 0x400

.isr_vector     0x0000000008000000      0x1c8
                0x0000000008000000                . = ALIGN (0x4)
 *(.isr_vector)
 .isr_vector    0x0000000008000000      0x1c8 ./Core/Startup/startup_stm32f746zgtx.o
                0x0000000008000000                g_pfnVectors
                0x00000000080001c8                . = ALIGN (0x4)

.text           0x00000000080001d0     0x5d58
                0x00000000080001d0                . = ALIGN (0x4)
 *(.text)
 .text          0x00000000080001d0       0x40 /Applications/STM32CubeIDE.app/Contents/Eclipse/plugins/com.st.stm32cube.ide.mcu.externaltools.gnu-tools-for-stm32.11.3.rel1.macos64_1.1.0.202305231506/tools/bin/../lib/gcc/arm-none-eabi/11.3.1/thumb/v7e-m+fp/hard/crtbegin.o
 .text          0x0000000008000210       0xa0 /Applications/STM32CubeIDE.app/Contents/Eclipse/plugins/com.st.stm32cube.ide.mcu.externaltools.gnu-tools-for-stm32.11.3.rel1.macos64_1.1.0.202305231506/tools/bin/../lib/gcc/arm-none-eabi/11.3.1/../../../../arm-none-eabi/lib/thumb/v7e-m+fp/hard/libc_nano.a(libc_a-memchr.o)
                0x0000000008000210                memchr
 .text          0x00000000080002b0       0x30 /Applications/STM32CubeIDE.app/Contents/Eclipse/plugins/com.st.stm32cube.ide.mcu.externaltools.gnu-tools-for-stm32.11.3.rel1.macos64_1.1.0.202305231506/tools/bin/../lib/gcc/arm-none-eabi/11.3.1/thumb/v7e-m+fp/hard/libgcc.a(_aeabi_uldivmod.o)
                0x00000000080002b0                __aeabi_uldivmod
 .text          0x00000000080002e0      0x2c8 /Applications/STM32CubeIDE.app/Contents/Eclipse/plugins/com.st.stm32cube.ide.mcu.externaltools.gnu-tools-for-stm32.11.3.rel1.macos64_1.1.0.202305231506/tools/bin/../lib/gcc/arm-none-eabi/11.3.1/thumb/v7e-m+fp/hard/libgcc.a(_udivmoddi4.o)
                0x00000000080002e0                __udivmoddi4
 .text          0x00000000080005a8        0x4 /Applications/STM32CubeIDE.app/Contents/Eclipse/plugins/com.st.stm32cube.ide.mcu.externaltools.gnu-tools-for-stm32.11.3.rel1.macos64_1.1.0.202305231506/tools/bin/../lib/gcc/arm-none-eabi/11.3.1/thumb/v7e-m+fp/hard/libgcc.a(_dvmd_tls.o)
                0x00000000080005a8                __aeabi_ldiv0
                0x00000000080005a8                __aeabi_idiv0
 *(.text*)
 .text.ILI9163_writeCommand
                0x00000000080005ac       0x4c ./Core/Src/ili9163.o
                0x00000000080005ac                ILI9163_writeCommand
 .text.ILI9163_writeData
                0x00000000080005f8       0x4c ./Core/Src/ili9163.o
                0x00000000080005f8                ILI9163_writeData
 .text.ILI9163_writeData16
                0x0000000008000644       0x5c ./Core/Src/ili9163.o
                0x0000000008000644                ILI9163_writeData16
 .text.ILI9163_setAddress
                0x00000000080006a0       0x58 ./Core/Src/ili9163.o
                0x00000000080006a0                ILI9163_setAddress
 .text.ILI9163_reset
                0x00000000080006f8       0x30 ./Core/Src/ili9163.o
                0x00000000080006f8                ILI9163_reset
 .text.ILI9163_init
                0x0000000008000728      0x1d0 ./Core/Src/ili9163.o
                0x0000000008000728                ILI9163_init
 .text.ILI9163_newFrame
                0x00000000080008f8       0x38 ./Core/Src/ili9163.o
                0x00000000080008f8                ILI9163_newFrame
 .text.ILI9163_render
                0x0000000008000930       0x5c ./Core/Src/ili9163.o
                0x0000000008000930                ILI9163_render
 .text.ILI9163_drawPixel
                0x000000000800098c       0x48 ./Core/Src/ili9163.o
                0x000000000800098c                ILI9163_drawPixel
 .text.ILI9163_fillRect
                0x00000000080009d4       0x5c ./Core/Src/ili9163.o
                0x00000000080009d4                ILI9163_fillRect
 .text.ILI9163_drawRect
                0x0000000008000a30       0x86 ./Core/Src/ili9163.o
                0x0000000008000a30                ILI9163_drawRect
 .text.ILI9163_drawChar
                0x0000000008000ab6       0x96 ./Core/Src/ili9163.o
                0x0000000008000ab6                ILI9163_drawChar
 .text.ILI9163_drawString
                0x0000000008000b4c       0x82 ./Core/Src/ili9163.o
                0x0000000008000b4c                ILI9163_drawString
 .text.ILI9163_drawStringF
                0x0000000008000bce       0x4c ./Core/Src/ili9163.o
                0x0000000008000bce                ILI9163_drawStringF
 *fill*         0x0000000008000c1a        0x2 
 .text.main     0x0000000008000c1c       0xd4 ./Core/Src/main.o
                0x0000000008000c1c                main
 .text.SystemClock_Config
                0x0000000008000cf0       0xd0 ./Core/Src/main.o
                0x0000000008000cf0                SystemClock_Config
 .text.MX_SPI1_Init
                0x0000000008000dc0       0x7c ./Core/Src/main.o
 .text.MX_USART3_UART_Init
                0x0000000008000e3c       0x60 ./Core/Src/main.o
 .text.MX_USB_OTG_FS_PCD_Init
                0x0000000008000e9c       0x5c ./Core/Src/main.o
 .text.MX_DMA_Init
                0x0000000008000ef8       0x3c ./Core/Src/main.o
 .text.MX_GPIO_Init
                0x0000000008000f34      0x1fc ./Core/Src/main.o
 .text.HAL_SPI_TxCpltCallback
                0x0000000008001130       0x40 ./Core/Src/main.o
                0x0000000008001130                HAL_SPI_TxCpltCallback
 .text.Error_Handler
                0x0000000008001170        0xa ./Core/Src/main.o
                0x0000000008001170                Error_Handler
 *fill*         0x000000000800117a        0x2 
 .text.HAL_MspInit
                0x000000000800117c       0x48 ./Core/Src/stm32f7xx_hal_msp.o
                0x000000000800117c                HAL_MspInit
 .text.HAL_SPI_MspInit
                0x00000000080011c4      0x13c ./Core/Src/stm32f7xx_hal_msp.o
                0x00000000080011c4                HAL_SPI_MspInit
 .text.HAL_UART_MspInit
                0x0000000008001300       0xc0 ./Core/Src/stm32f7xx_hal_msp.o
                0x0000000008001300                HAL_UART_MspInit
 .text.HAL_PCD_MspInit
                0x00000000080013c0       0xf4 ./Core/Src/stm32f7xx_hal_msp.o
                0x00000000080013c0                HAL_PCD_MspInit
 .text.NMI_Handler
                0x00000000080014b4        0xe ./Core/Src/stm32f7xx_it.o
                0x00000000080014b4                NMI_Handler
 .text.HardFault_Handler
                0x00000000080014c2        0x6 ./Core/Src/stm32f7xx_it.o
                0x00000000080014c2                HardFault_Handler
 .text.MemManage_Handler
                0x00000000080014c8        0x6 ./Core/Src/stm32f7xx_it.o
                0x00000000080014c8                MemManage_Handler
 .text.BusFault_Handler
                0x00000000080014ce        0x6 ./Core/Src/stm32f7xx_it.o
                0x00000000080014ce                BusFault_Handler
 .text.UsageFault_Handler
                0x00000000080014d4        0x6 ./Core/Src/stm32f7xx_it.o
                0x00000000080014d4                UsageFault_Handler
 .text.SVC_Handler
                0x00000000080014da        0xe ./Core/Src/stm32f7xx_it.o
                0x00000000080014da                SVC_Handler
 .text.DebugMon_Handler
                0x00000000080014e8        0xe ./Core/Src/stm32f7xx_it.o
                0x00000000080014e8                DebugMon_Handler
 .text.PendSV_Handler
                0x00000000080014f6        0xe ./Core/Src/stm32f7xx_it.o
                0x00000000080014f6                PendSV_Handler
 .text.SysTick_Handler
                0x0000000008001504        0xc ./Core/Src/stm32f7xx_it.o
                0x0000000008001504                SysTick_Handler
 .text.EXTI9_5_IRQHandler
                0x0000000008001510      0x168 ./Core/Src/stm32f7xx_it.o
                0x0000000008001510                EXTI9_5_IRQHandler
 .text.DMA2_Stream3_IRQHandler
                0x0000000008001678       0x14 ./Core/Src/stm32f7xx_it.o
                0x0000000008001678                DMA2_Stream3_IRQHandler
 .text.KeyPadGetChar
                0x000000000800168c      0x164 ./Core/Src/stm32f7xx_it.o
                0x000000000800168c                KeyPadGetChar
 .text._sbrk    0x00000000080017f0       0x6c ./Core/Src/sysmem.o
                0x00000000080017f0                _sbrk
 .text.SystemInit
                0x000000000800185c       0x24 ./Core/Src/system_stm32f7xx.o
                0x000000000800185c                SystemInit
 .text.Reset_Handler
                0x0000000008001880       0x50 ./Core/Startup/startup_stm32f746zgtx.o
                0x0000000008001880                Reset_Handler
 .text.Default_Handler
                0x00000000080018d0        0x2 ./Core/Startup/startup_stm32f746zgtx.o
                0x00000000080018d0                DMA1_Stream3_IRQHandler
                0x00000000080018d0                EXTI2_IRQHandler
                0x00000000080018d0                TIM8_CC_IRQHandler
                0x00000000080018d0                UART8_IRQHandler
                0x00000000080018d0                SPI4_IRQHandler
                0x00000000080018d0                TIM1_CC_IRQHandler
                0x00000000080018d0                DMA2_Stream5_IRQHandler
                0x00000000080018d0                DMA1_Stream5_IRQHandler
                0x00000000080018d0                PVD_IRQHandler
                0x00000000080018d0                TAMP_STAMP_IRQHandler
                0x00000000080018d0                CAN2_RX1_IRQHandler
                0x00000000080018d0                EXTI3_IRQHandler
                0x00000000080018d0                TIM8_TRG_COM_TIM14_IRQHandler
                0x00000000080018d0                TIM1_UP_TIM10_IRQHandler
                0x00000000080018d0                TIM8_UP_TIM13_IRQHandler
                0x00000000080018d0                I2C3_ER_IRQHandler
                0x00000000080018d0                EXTI0_IRQHandler
                0x00000000080018d0                I2C2_EV_IRQHandler
                0x00000000080018d0                DMA1_Stream2_IRQHandler
                0x00000000080018d0                CAN1_RX0_IRQHandler
                0x00000000080018d0                FPU_IRQHandler
                0x00000000080018d0                OTG_HS_WKUP_IRQHandler
                0x00000000080018d0                LTDC_ER_IRQHandler
                0x00000000080018d0                CAN2_SCE_IRQHandler
                0x00000000080018d0                DMA2_Stream2_IRQHandler
                0x00000000080018d0                SPI1_IRQHandler
                0x00000000080018d0                TIM6_DAC_IRQHandler
                0x00000000080018d0                TIM1_BRK_TIM9_IRQHandler
                0x00000000080018d0                DCMI_IRQHandler
                0x00000000080018d0                CAN2_RX0_IRQHandler
                0x00000000080018d0                SAI2_IRQHandler
                0x00000000080018d0                USART6_IRQHandler
                0x00000000080018d0                USART3_IRQHandler
                0x00000000080018d0                CAN1_RX1_IRQHandler
                0x00000000080018d0                UART5_IRQHandler
                0x00000000080018d0                DMA2_Stream0_IRQHandler
                0x00000000080018d0                TIM4_IRQHandler
                0x00000000080018d0                QUADSPI_IRQHandler
                0x00000000080018d0                I2C1_EV_IRQHandler
                0x00000000080018d0                DMA1_Stream6_IRQHandler
                0x00000000080018d0                DMA1_Stream1_IRQHandler
                0x00000000080018d0                UART4_IRQHandler
                0x00000000080018d0                TIM3_IRQHandler
                0x00000000080018d0                RCC_IRQHandler
                0x00000000080018d0                TIM8_BRK_TIM12_IRQHandler
                0x00000000080018d0                Default_Handler
                0x00000000080018d0                CEC_IRQHandler
                0x00000000080018d0                EXTI15_10_IRQHandler
                0x00000000080018d0                ADC_IRQHandler
                0x00000000080018d0                DMA1_Stream7_IRQHandler
                0x00000000080018d0                SPI5_IRQHandler
                0x00000000080018d0                TIM7_IRQHandler
                0x00000000080018d0                SDMMC1_IRQHandler
                0x00000000080018d0                CAN2_TX_IRQHandler
                0x00000000080018d0                TIM5_IRQHandler
                0x00000000080018d0                DMA2_Stream7_IRQHandler
                0x00000000080018d0                I2C3_EV_IRQHandler
                0x00000000080018d0                RTC_WKUP_IRQHandler
                0x00000000080018d0                LTDC_IRQHandler
                0x00000000080018d0                ETH_WKUP_IRQHandler
                0x00000000080018d0                SPDIF_RX_IRQHandler
                0x00000000080018d0                SPI2_IRQHandler
                0x00000000080018d0                OTG_HS_EP1_IN_IRQHandler
                0x00000000080018d0                DMA1_Stream0_IRQHandler
                0x00000000080018d0                CAN1_TX_IRQHandler
                0x00000000080018d0                EXTI4_IRQHandler
                0x00000000080018d0                RNG_IRQHandler
                0x00000000080018d0                ETH_IRQHandler
                0x00000000080018d0                OTG_HS_EP1_OUT_IRQHandler
                0x00000000080018d0                WWDG_IRQHandler
                0x00000000080018d0                SPI6_IRQHandler
                0x00000000080018d0                I2C4_EV_IRQHandler
                0x00000000080018d0                TIM2_IRQHandler
                0x00000000080018d0                OTG_FS_WKUP_IRQHandler
                0x00000000080018d0                TIM1_TRG_COM_TIM11_IRQHandler
                0x00000000080018d0                OTG_HS_IRQHandler
                0x00000000080018d0                DMA2D_IRQHandler
                0x00000000080018d0                EXTI1_IRQHandler
                0x00000000080018d0                UART7_IRQHandler
                0x00000000080018d0                USART2_IRQHandler
                0x00000000080018d0                I2C2_ER_IRQHandler
                0x00000000080018d0                DMA2_Stream1_IRQHandler
                0x00000000080018d0                CAN1_SCE_IRQHandler
                0x00000000080018d0                FLASH_IRQHandler
                0x00000000080018d0                DMA2_Stream4_IRQHandler
                0x00000000080018d0                USART1_IRQHandler
                0x00000000080018d0                OTG_FS_IRQHandler
                0x00000000080018d0                SPI3_IRQHandler
                0x00000000080018d0                DMA1_Stream4_IRQHandler
                0x00000000080018d0                I2C1_ER_IRQHandler
                0x00000000080018d0                FMC_IRQHandler
                0x00000000080018d0                LPTIM1_IRQHandler
                0x00000000080018d0                I2C4_ER_IRQHandler
                0x00000000080018d0                DMA2_Stream6_IRQHandler
                0x00000000080018d0                SAI1_IRQHandler
                0x00000000080018d0                RTC_Alarm_IRQHandler
 .text.HAL_Init
                0x00000000080018d2       0x1a ./Drivers/STM32F7xx_HAL_Driver/Src/stm32f7xx_hal 2.o
                0x00000000080018d2                HAL_Init
 .text.HAL_InitTick
                0x00000000080018ec       0x60 ./Drivers/STM32F7xx_HAL_Driver/Src/stm32f7xx_hal 2.o
                0x00000000080018ec                HAL_InitTick
 .text.HAL_IncTick
                0x000000000800194c       0x28 ./Drivers/STM32F7xx_HAL_Driver/Src/stm32f7xx_hal 2.o
                0x000000000800194c                HAL_IncTick
 .text.HAL_GetTick
                0x0000000008001974       0x18 ./Drivers/STM32F7xx_HAL_Driver/Src/stm32f7xx_hal 2.o
                0x0000000008001974                HAL_GetTick
 .text.HAL_Delay
                0x000000000800198c       0x48 ./Drivers/STM32F7xx_HAL_Driver/Src/stm32f7xx_hal 2.o
                0x000000000800198c                HAL_Delay
 .text.__NVIC_SetPriorityGrouping
                0x00000000080019d4       0x48 ./Drivers/STM32F7xx_HAL_Driver/Src/stm32f7xx_hal_cortex 2.o
 .text.__NVIC_GetPriorityGrouping
                0x0000000008001a1c       0x1c ./Drivers/STM32F7xx_HAL_Driver/Src/stm32f7xx_hal_cortex 2.o
 .text.__NVIC_EnableIRQ
                0x0000000008001a38       0x3c ./Drivers/STM32F7xx_HAL_Driver/Src/stm32f7xx_hal_cortex 2.o
 .text.__NVIC_SetPriority
                0x0000000008001a74       0x54 ./Drivers/STM32F7xx_HAL_Driver/Src/stm32f7xx_hal_cortex 2.o
 .text.NVIC_EncodePriority
                0x0000000008001ac8       0x66 ./Drivers/STM32F7xx_HAL_Driver/Src/stm32f7xx_hal_cortex 2.o
 *fill*         0x0000000008001b2e        0x2 
 .text.SysTick_Config
                0x0000000008001b30       0x44 ./Drivers/STM32F7xx_HAL_Driver/Src/stm32f7xx_hal_cortex 2.o
 .text.HAL_NVIC_SetPriorityGrouping
                0x0000000008001b74       0x16 ./Drivers/STM32F7xx_HAL_Driver/Src/stm32f7xx_hal_cortex 2.o
                0x0000000008001b74                HAL_NVIC_SetPriorityGrouping
 .text.HAL_NVIC_SetPriority
                0x0000000008001b8a       0x38 ./Drivers/STM32F7xx_HAL_Driver/Src/stm32f7xx_hal_cortex 2.o
                0x0000000008001b8a                HAL_NVIC_SetPriority
 .text.HAL_NVIC_EnableIRQ
                0x0000000008001bc2       0x1c ./Drivers/STM32F7xx_HAL_Driver/Src/stm32f7xx_hal_cortex 2.o
                0x0000000008001bc2                HAL_NVIC_EnableIRQ
 .text.HAL_SYSTICK_Config
                0x0000000008001bde       0x18 ./Drivers/STM32F7xx_HAL_Driver/Src/stm32f7xx_hal_cortex 2.o
                0x0000000008001bde                HAL_SYSTICK_Config
 *fill*         0x0000000008001bf6        0x2 
 .text.HAL_DMA_Init
                0x0000000008001bf8      0x15c ./Drivers/STM32F7xx_HAL_Driver/Src/stm32f7xx_hal_dma 2.o
                0x0000000008001bf8                HAL_DMA_Init
 .text.HAL_DMA_Start_IT
                0x0000000008001d54       0xc0 ./Drivers/STM32F7xx_HAL_Driver/Src/stm32f7xx_hal_dma 2.o
                0x0000000008001d54                HAL_DMA_Start_IT
 .text.HAL_DMA_Abort
                0x0000000008001e14       0xe0 ./Drivers/STM32F7xx_HAL_Driver/Src/stm32f7xx_hal_dma 2.o
                0x0000000008001e14                HAL_DMA_Abort
 .text.HAL_DMA_IRQHandler
                0x0000000008001ef4      0x314 ./Drivers/STM32F7xx_HAL_Driver/Src/stm32f7xx_hal_dma 2.o
                0x0000000008001ef4                HAL_DMA_IRQHandler
 .text.DMA_SetConfig
                0x0000000008002208       0x5c ./Drivers/STM32F7xx_HAL_Driver/Src/stm32f7xx_hal_dma 2.o
 .text.DMA_CalcBaseAndBitshift
                0x0000000008002264       0x6c ./Drivers/STM32F7xx_HAL_Driver/Src/stm32f7xx_hal_dma 2.o
 .text.DMA_CheckFifoParam
                0x00000000080022d0       0xf8 ./Drivers/STM32F7xx_HAL_Driver/Src/stm32f7xx_hal_dma 2.o
 .text.HAL_GPIO_Init
                0x00000000080023c8      0x358 ./Drivers/STM32F7xx_HAL_Driver/Src/stm32f7xx_hal_gpio 2.o
                0x00000000080023c8                HAL_GPIO_Init
 .text.HAL_GPIO_ReadPin
                0x0000000008002720       0x30 ./Drivers/STM32F7xx_HAL_Driver/Src/stm32f7xx_hal_gpio 2.o
                0x0000000008002720                HAL_GPIO_ReadPin
 .text.HAL_GPIO_WritePin
                0x0000000008002750       0x32 ./Drivers/STM32F7xx_HAL_Driver/Src/stm32f7xx_hal_gpio 2.o
                0x0000000008002750                HAL_GPIO_WritePin
 *fill*         0x0000000008002782        0x2 
 .text.HAL_GPIO_EXTI_IRQHandler
                0x0000000008002784       0x30 ./Drivers/STM32F7xx_HAL_Driver/Src/stm32f7xx_hal_gpio 2.o
                0x0000000008002784                HAL_GPIO_EXTI_IRQHandler
 .text.HAL_GPIO_EXTI_Callback
                0x00000000080027b4       0x16 ./Drivers/STM32F7xx_HAL_Driver/Src/stm32f7xx_hal_gpio 2.o
                0x00000000080027b4                HAL_GPIO_EXTI_Callback
 .text.HAL_PCD_Init
                0x00000000080027ca      0x248 ./Drivers/STM32F7xx_HAL_Driver/Src/stm32f7xx_hal_pcd 2.o
                0x00000000080027ca                HAL_PCD_Init
 *fill*         0x0000000008002a12        0x2 
 .text.HAL_PCDEx_ActivateLPM
                0x0000000008002a14       0x48 ./Drivers/STM32F7xx_HAL_Driver/Src/stm32f7xx_hal_pcd_ex 2.o
                0x0000000008002a14                HAL_PCDEx_ActivateLPM
 .text.HAL_PWR_EnableBkUpAccess
                0x0000000008002a5c       0x20 ./Drivers/STM32F7xx_HAL_Driver/Src/stm32f7xx_hal_pwr 2.o
                0x0000000008002a5c                HAL_PWR_EnableBkUpAccess
 .text.HAL_RCC_OscConfig
                0x0000000008002a7c      0x548 ./Drivers/STM32F7xx_HAL_Driver/Src/stm32f7xx_hal_rcc 2.o
                0x0000000008002a7c                HAL_RCC_OscConfig
 .text.HAL_RCC_ClockConfig
                0x0000000008002fc4      0x1d8 ./Drivers/STM32F7xx_HAL_Driver/Src/stm32f7xx_hal_rcc 2.o
                0x0000000008002fc4                HAL_RCC_ClockConfig
 .text.HAL_RCC_GetSysClockFreq
                0x000000000800319c      0x20c ./Drivers/STM32F7xx_HAL_Driver/Src/stm32f7xx_hal_rcc 2.o
                0x000000000800319c                HAL_RCC_GetSysClockFreq
 .text.HAL_RCC_GetHCLKFreq
                0x00000000080033a8       0x18 ./Drivers/STM32F7xx_HAL_Driver/Src/stm32f7xx_hal_rcc 2.o
                0x00000000080033a8                HAL_RCC_GetHCLKFreq
 .text.HAL_RCC_GetPCLK1Freq
                0x00000000080033c0       0x28 ./Drivers/STM32F7xx_HAL_Driver/Src/stm32f7xx_hal_rcc 2.o
                0x00000000080033c0                HAL_RCC_GetPCLK1Freq
 .text.HAL_RCC_GetPCLK2Freq
                0x00000000080033e8       0x28 ./Drivers/STM32F7xx_HAL_Driver/Src/stm32f7xx_hal_rcc 2.o
                0x00000000080033e8                HAL_RCC_GetPCLK2Freq
 .text.HAL_RCCEx_PeriphCLKConfig
                0x0000000008003410      0x7e0 ./Drivers/STM32F7xx_HAL_Driver/Src/stm32f7xx_hal_rcc_ex 2.o
                0x0000000008003410                HAL_RCCEx_PeriphCLKConfig
 .text.HAL_SPI_Init
                0x0000000008003bf0      0x156 ./Drivers/STM32F7xx_HAL_Driver/Src/stm32f7xx_hal_spi 2.o
                0x0000000008003bf0                HAL_SPI_Init
 .text.HAL_SPI_Transmit
                0x0000000008003d46      0x2dc ./Drivers/STM32F7xx_HAL_Driver/Src/stm32f7xx_hal_spi 2.o
                0x0000000008003d46                HAL_SPI_Transmit
 *fill*         0x0000000008004022        0x2 
 .text.HAL_SPI_Transmit_DMA
                0x0000000008004024      0x1e8 ./Drivers/STM32F7xx_HAL_Driver/Src/stm32f7xx_hal_spi 2.o
                0x0000000008004024                HAL_SPI_Transmit_DMA
 .text.HAL_SPI_DMAStop
                0x000000000800420c       0x7e ./Drivers/STM32F7xx_HAL_Driver/Src/stm32f7xx_hal_spi 2.o
                0x000000000800420c                HAL_SPI_DMAStop
 .text.HAL_SPI_TxHalfCpltCallback
                0x000000000800428a       0x14 ./Drivers/STM32F7xx_HAL_Driver/Src/stm32f7xx_hal_spi 2.o
                0x000000000800428a                HAL_SPI_TxHalfCpltCallback
 .text.HAL_SPI_ErrorCallback
                0x000000000800429e       0x14 ./Drivers/STM32F7xx_HAL_Driver/Src/stm32f7xx_hal_spi 2.o
                0x000000000800429e                HAL_SPI_ErrorCallback
 .text.SPI_DMATransmitCplt
                0x00000000080042b2       0xa8 ./Drivers/STM32F7xx_HAL_Driver/Src/stm32f7xx_hal_spi 2.o
 .text.SPI_DMAHalfTransmitCplt
                0x000000000800435a       0x1c ./Drivers/STM32F7xx_HAL_Driver/Src/stm32f7xx_hal_spi 2.o
 .text.SPI_DMAError
                0x0000000008004376       0x40 ./Drivers/STM32F7xx_HAL_Driver/Src/stm32f7xx_hal_spi 2.o
 *fill*         0x00000000080043b6        0x2 
 .text.SPI_WaitFlagStateUntilTimeout
                0x00000000080043b8      0x110 ./Drivers/STM32F7xx_HAL_Driver/Src/stm32f7xx_hal_spi 2.o
 .text.SPI_WaitFifoStateUntilTimeout
                0x00000000080044c8      0x12c ./Drivers/STM32F7xx_HAL_Driver/Src/stm32f7xx_hal_spi 2.o
 .text.SPI_EndRxTxTransaction
                0x00000000080045f4       0xd4 ./Drivers/STM32F7xx_HAL_Driver/Src/stm32f7xx_hal_spi 2.o
 .text.HAL_UART_Init
                0x00000000080046c8       0x9c ./Drivers/STM32F7xx_HAL_Driver/Src/stm32f7xx_hal_uart 2.o
                0x00000000080046c8                HAL_UART_Init
 .text.UART_SetConfig
                0x0000000008004764      0x4c8 ./Drivers/STM32F7xx_HAL_Driver/Src/stm32f7xx_hal_uart 2.o
                0x0000000008004764                UART_SetConfig
 .text.UART_AdvFeatureConfig
                0x0000000008004c2c      0x144 ./Drivers/STM32F7xx_HAL_Driver/Src/stm32f7xx_hal_uart 2.o
                0x0000000008004c2c                UART_AdvFeatureConfig
 .text.UART_CheckIdleState
                0x0000000008004d70       0x6e ./Drivers/STM32F7xx_HAL_Driver/Src/stm32f7xx_hal_uart 2.o
                0x0000000008004d70                UART_CheckIdleState
 .text.UART_WaitOnFlagUntilTimeout
                0x0000000008004dde      0x18c ./Drivers/STM32F7xx_HAL_Driver/Src/stm32f7xx_hal_uart 2.o
                0x0000000008004dde                UART_WaitOnFlagUntilTimeout
 *fill*         0x0000000008004f6a        0x2 
 .text.USB_CoreInit
                0x0000000008004f6c       0xb0 ./Drivers/STM32F7xx_HAL_Driver/Src/stm32f7xx_ll_usb 2.o
                0x0000000008004f6c                USB_CoreInit
 .text.USB_DisableGlobalInt
                0x000000000800501c       0x22 ./Drivers/STM32F7xx_HAL_Driver/Src/stm32f7xx_ll_usb 2.o
                0x000000000800501c                USB_DisableGlobalInt
 .text.USB_SetCurrentMode
                0x000000000800503e       0x98 ./Drivers/STM32F7xx_HAL_Driver/Src/stm32f7xx_ll_usb 2.o
                0x000000000800503e                USB_SetCurrentMode
 *fill*         0x00000000080050d6        0x2 
 .text.USB_DevInit
                0x00000000080050d8      0x2bc ./Drivers/STM32F7xx_HAL_Driver/Src/stm32f7xx_ll_usb 2.o
                0x00000000080050d8                USB_DevInit
 .text.USB_FlushTxFifo
                0x0000000008005394       0x68 ./Drivers/STM32F7xx_HAL_Driver/Src/stm32f7xx_ll_usb 2.o
                0x0000000008005394                USB_FlushTxFifo
 .text.USB_FlushRxFifo
                0x00000000080053fc       0x60 ./Drivers/STM32F7xx_HAL_Driver/Src/stm32f7xx_ll_usb 2.o
                0x00000000080053fc                USB_FlushRxFifo
 .text.USB_SetDevSpeed
                0x000000000800545c       0x32 ./Drivers/STM32F7xx_HAL_Driver/Src/stm32f7xx_ll_usb 2.o
                0x000000000800545c                USB_SetDevSpeed
 .text.USB_DevDisconnect
                0x000000000800548e       0x42 ./Drivers/STM32F7xx_HAL_Driver/Src/stm32f7xx_ll_usb 2.o
                0x000000000800548e                USB_DevDisconnect
 .text.USB_GetMode
                0x00000000080054d0       0x1c ./Drivers/STM32F7xx_HAL_Driver/Src/stm32f7xx_ll_usb 2.o
                0x00000000080054d0                USB_GetMode
 .text.USB_CoreReset
                0x00000000080054ec       0x68 ./Drivers/STM32F7xx_HAL_Driver/Src/stm32f7xx_ll_usb 2.o
 .text.sprintf  0x0000000008005554       0x40 /Applications/STM32CubeIDE.app/Contents/Eclipse/plugins/com.st.stm32cube.ide.mcu.externaltools.gnu-tools-for-stm32.11.3.rel1.macos64_1.1.0.202305231506/tools/bin/../lib/gcc/arm-none-eabi/11.3.1/../../../../arm-none-eabi/lib/thumb/v7e-m+fp/hard/libc_nano.a(libc_a-sprintf.o)
                0x0000000008005554                sprintf
                0x0000000008005554                siprintf
 .text._vsnprintf_r
                0x0000000008005594       0x56 /Applications/STM32CubeIDE.app/Contents/Eclipse/plugins/com.st.stm32cube.ide.mcu.externaltools.gnu-tools-for-stm32.11.3.rel1.macos64_1.1.0.202305231506/tools/bin/../lib/gcc/arm-none-eabi/11.3.1/../../../../arm-none-eabi/lib/thumb/v7e-m+fp/hard/libc_nano.a(libc_a-vsnprintf.o)
                0x0000000008005594                _vsnprintf_r
                0x0000000008005594                _vsniprintf_r
 *fill*         0x00000000080055ea        0x2 
 .text.vsnprintf
                0x00000000080055ec       0x1c /Applications/STM32CubeIDE.app/Contents/Eclipse/plugins/com.st.stm32cube.ide.mcu.externaltools.gnu-tools-for-stm32.11.3.rel1.macos64_1.1.0.202305231506/tools/bin/../lib/gcc/arm-none-eabi/11.3.1/../../../../arm-none-eabi/lib/thumb/v7e-m+fp/hard/libc_nano.a(libc_a-vsnprintf.o)
                0x00000000080055ec                vsnprintf
                0x00000000080055ec                vsniprintf
 .text.memset   0x0000000008005608       0x10 /Applications/STM32CubeIDE.app/Contents/Eclipse/plugins/com.st.stm32cube.ide.mcu.externaltools.gnu-tools-for-stm32.11.3.rel1.macos64_1.1.0.202305231506/tools/bin/../lib/gcc/arm-none-eabi/11.3.1/../../../../arm-none-eabi/lib/thumb/v7e-m+fp/hard/libc_nano.a(libc_a-memset.o)
                0x0000000008005608                memset
 .text.__errno  0x0000000008005618        0xc /Applications/STM32CubeIDE.app/Contents/Eclipse/plugins/com.st.stm32cube.ide.mcu.externaltools.gnu-tools-for-stm32.11.3.rel1.macos64_1.1.0.202305231506/tools/bin/../lib/gcc/arm-none-eabi/11.3.1/../../../../arm-none-eabi/lib/thumb/v7e-m+fp/hard/libc_nano.a(libc_a-errno.o)
                0x0000000008005618                __errno
 .text.__libc_init_array
                0x0000000008005624       0x48 /Applications/STM32CubeIDE.app/Contents/Eclipse/plugins/com.st.stm32cube.ide.mcu.externaltools.gnu-tools-for-stm32.11.3.rel1.macos64_1.1.0.202305231506/tools/bin/../lib/gcc/arm-none-eabi/11.3.1/../../../../arm-none-eabi/lib/thumb/v7e-m+fp/hard/libc_nano.a(libc_a-init.o)
                0x0000000008005624                __libc_init_array
 .text.__retarget_lock_acquire_recursive
                0x000000000800566c        0x2 /Applications/STM32CubeIDE.app/Contents/Eclipse/plugins/com.st.stm32cube.ide.mcu.externaltools.gnu-tools-for-stm32.11.3.rel1.macos64_1.1.0.202305231506/tools/bin/../lib/gcc/arm-none-eabi/11.3.1/../../../../arm-none-eabi/lib/thumb/v7e-m+fp/hard/libc_nano.a(libc_a-lock.o)
                0x000000000800566c                __retarget_lock_acquire_recursive
 .text.__retarget_lock_release_recursive
                0x000000000800566e        0x2 /Applications/STM32CubeIDE.app/Contents/Eclipse/plugins/com.st.stm32cube.ide.mcu.externaltools.gnu-tools-for-stm32.11.3.rel1.macos64_1.1.0.202305231506/tools/bin/../lib/gcc/arm-none-eabi/11.3.1/../../../../arm-none-eabi/lib/thumb/v7e-m+fp/hard/libc_nano.a(libc_a-lock.o)
                0x000000000800566e                __retarget_lock_release_recursive
 .text.__ssputs_r
                0x0000000008005670       0xb4 /Applications/STM32CubeIDE.app/Contents/Eclipse/plugins/com.st.stm32cube.ide.mcu.externaltools.gnu-tools-for-stm32.11.3.rel1.macos64_1.1.0.202305231506/tools/bin/../lib/gcc/arm-none-eabi/11.3.1/../../../../arm-none-eabi/lib/thumb/v7e-m+fp/hard/libc_nano.a(libc_a-nano-svfprintf.o)
                0x0000000008005670                __ssputs_r
 .text._svfprintf_r
                0x0000000008005724      0x1fc /Applications/STM32CubeIDE.app/Contents/Eclipse/plugins/com.st.stm32cube.ide.mcu.externaltools.gnu-tools-for-stm32.11.3.rel1.macos64_1.1.0.202305231506/tools/bin/../lib/gcc/arm-none-eabi/11.3.1/../../../../arm-none-eabi/lib/thumb/v7e-m+fp/hard/libc_nano.a(libc_a-nano-svfprintf.o)
                0x0000000008005724                _svfprintf_r
                0x0000000008005724                _svfiprintf_r
 .text.sbrk_aligned
                0x0000000008005920       0x40 /Applications/STM32CubeIDE.app/Contents/Eclipse/plugins/com.st.stm32cube.ide.mcu.externaltools.gnu-tools-for-stm32.11.3.rel1.macos64_1.1.0.202305231506/tools/bin/../lib/gcc/arm-none-eabi/11.3.1/../../../../arm-none-eabi/lib/thumb/v7e-m+fp/hard/libc_nano.a(libc_a-mallocr.o)
 .text._malloc_r
                0x0000000008005960      0x100 /Applications/STM32CubeIDE.app/Contents/Eclipse/plugins/com.st.stm32cube.ide.mcu.externaltools.gnu-tools-for-stm32.11.3.rel1.macos64_1.1.0.202305231506/tools/bin/../lib/gcc/arm-none-eabi/11.3.1/../../../../arm-none-eabi/lib/thumb/v7e-m+fp/hard/libc_nano.a(libc_a-mallocr.o)
                0x0000000008005960                _malloc_r
 .text._printf_common
                0x0000000008005a60       0xda /Applications/STM32CubeIDE.app/Contents/Eclipse/plugins/com.st.stm32cube.ide.mcu.externaltools.gnu-tools-for-stm32.11.3.rel1.macos64_1.1.0.202305231506/tools/bin/../lib/gcc/arm-none-eabi/11.3.1/../../../../arm-none-eabi/lib/thumb/v7e-m+fp/hard/libc_nano.a(libc_a-nano-vfprintf_i.o)
                0x0000000008005a60                _printf_common
 *fill*         0x0000000008005b3a        0x2 
 .text._printf_i
                0x0000000008005b3c      0x244 /Applications/STM32CubeIDE.app/Contents/Eclipse/plugins/com.st.stm32cube.ide.mcu.externaltools.gnu-tools-for-stm32.11.3.rel1.macos64_1.1.0.202305231506/tools/bin/../lib/gcc/arm-none-eabi/11.3.1/../../../../arm-none-eabi/lib/thumb/v7e-m+fp/hard/libc_nano.a(libc_a-nano-vfprintf_i.o)
                0x0000000008005b3c                _printf_i
 .text.__malloc_lock
                0x0000000008005d80        0xc /Applications/STM32CubeIDE.app/Contents/Eclipse/plugins/com.st.stm32cube.ide.mcu.externaltools.gnu-tools-for-stm32.11.3.rel1.macos64_1.1.0.202305231506/tools/bin/../lib/gcc/arm-none-eabi/11.3.1/../../../../arm-none-eabi/lib/thumb/v7e-m+fp/hard/libc_nano.a(libc_a-mlock.o)
                0x0000000008005d80                __malloc_lock
 .text.__malloc_unlock
                0x0000000008005d8c        0xc /Applications/STM32CubeIDE.app/Contents/Eclipse/plugins/com.st.stm32cube.ide.mcu.externaltools.gnu-tools-for-stm32.11.3.rel1.macos64_1.1.0.202305231506/tools/bin/../lib/gcc/arm-none-eabi/11.3.1/../../../../arm-none-eabi/lib/thumb/v7e-m+fp/hard/libc_nano.a(libc_a-mlock.o)
                0x0000000008005d8c                __malloc_unlock
 .text._realloc_r
                0x0000000008005d98       0x5e /Applications/STM32CubeIDE.app/Contents/Eclipse/plugins/com.st.stm32cube.ide.mcu.externaltools.gnu-tools-for-stm32.11.3.rel1.macos64_1.1.0.202305231506/tools/bin/../lib/gcc/arm-none-eabi/11.3.1/../../../../arm-none-eabi/lib/thumb/v7e-m+fp/hard/libc_nano.a(libc_a-reallocr.o)
                0x0000000008005d98                _realloc_r
 .text.memmove  0x0000000008005df6       0x34 /Applications/STM32CubeIDE.app/Contents/Eclipse/plugins/com.st.stm32cube.ide.mcu.externaltools.gnu-tools-for-stm32.11.3.rel1.macos64_1.1.0.202305231506/tools/bin/../lib/gcc/arm-none-eabi/11.3.1/../../../../arm-none-eabi/lib/thumb/v7e-m+fp/hard/libc_nano.a(libc_a-memmove.o)
                0x0000000008005df6                memmove
 *fill*         0x0000000008005e2a        0x2 
 .text._sbrk_r  0x0000000008005e2c       0x20 /Applications/STM32CubeIDE.app/Contents/Eclipse/plugins/com.st.stm32cube.ide.mcu.externaltools.gnu-tools-for-stm32.11.3.rel1.macos64_1.1.0.202305231506/tools/bin/../lib/gcc/arm-none-eabi/11.3.1/../../../../arm-none-eabi/lib/thumb/v7e-m+fp/hard/libc_nano.a(libc_a-sbrkr.o)
                0x0000000008005e2c                _sbrk_r
 .text.memcpy   0x0000000008005e4c       0x1c /Applications/STM32CubeIDE.app/Contents/Eclipse/plugins/com.st.stm32cube.ide.mcu.externaltools.gnu-tools-for-stm32.11.3.rel1.macos64_1.1.0.202305231506/tools/bin/../lib/gcc/arm-none-eabi/11.3.1/../../../../arm-none-eabi/lib/thumb/v7e-m+fp/hard/libc_nano.a(libc_a-memcpy-stub.o)
                0x0000000008005e4c                memcpy
 .text._free_r  0x0000000008005e68       0x98 /Applications/STM32CubeIDE.app/Contents/Eclipse/plugins/com.st.stm32cube.ide.mcu.externaltools.gnu-tools-for-stm32.11.3.rel1.macos64_1.1.0.202305231506/tools/bin/../lib/gcc/arm-none-eabi/11.3.1/../../../../arm-none-eabi/lib/thumb/v7e-m+fp/hard/libc_nano.a(libc_a-freer.o)
                0x0000000008005e68                _free_r
 .text._malloc_usable_size_r
                0x0000000008005f00       0x10 /Applications/STM32CubeIDE.app/Contents/Eclipse/plugins/com.st.stm32cube.ide.mcu.externaltools.gnu-tools-for-stm32.11.3.rel1.macos64_1.1.0.202305231506/tools/bin/../lib/gcc/arm-none-eabi/11.3.1/../../../../arm-none-eabi/lib/thumb/v7e-m+fp/hard/libc_nano.a(libc_a-msizer.o)
                0x0000000008005f00                _malloc_usable_size_r
 *(.glue_7)
 .glue_7        0x0000000008005f10        0x0 linker stubs
 *(.glue_7t)
 .glue_7t       0x0000000008005f10        0x0 linker stubs
 *(.eh_frame)
 .eh_frame      0x0000000008005f10        0x0 /Applications/STM32CubeIDE.app/Contents/Eclipse/plugins/com.st.stm32cube.ide.mcu.externaltools.gnu-tools-for-stm32.11.3.rel1.macos64_1.1.0.202305231506/tools/bin/../lib/gcc/arm-none-eabi/11.3.1/thumb/v7e-m+fp/hard/crtbegin.o
 *(.init)
 .init          0x0000000008005f10        0x4 /Applications/STM32CubeIDE.app/Contents/Eclipse/plugins/com.st.stm32cube.ide.mcu.externaltools.gnu-tools-for-stm32.11.3.rel1.macos64_1.1.0.202305231506/tools/bin/../lib/gcc/arm-none-eabi/11.3.1/thumb/v7e-m+fp/hard/crti.o
                0x0000000008005f10                _init
 .init          0x0000000008005f14        0x8 /Applications/STM32CubeIDE.app/Contents/Eclipse/plugins/com.st.stm32cube.ide.mcu.externaltools.gnu-tools-for-stm32.11.3.rel1.macos64_1.1.0.202305231506/tools/bin/../lib/gcc/arm-none-eabi/11.3.1/thumb/v7e-m+fp/hard/crtn.o
 *(.fini)
 .fini          0x0000000008005f1c        0x4 /Applications/STM32CubeIDE.app/Contents/Eclipse/plugins/com.st.stm32cube.ide.mcu.externaltools.gnu-tools-for-stm32.11.3.rel1.macos64_1.1.0.202305231506/tools/bin/../lib/gcc/arm-none-eabi/11.3.1/thumb/v7e-m+fp/hard/crti.o
                0x0000000008005f1c                _fini
 .fini          0x0000000008005f20        0x8 /Applications/STM32CubeIDE.app/Contents/Eclipse/plugins/com.st.stm32cube.ide.mcu.externaltools.gnu-tools-for-stm32.11.3.rel1.macos64_1.1.0.202305231506/tools/bin/../lib/gcc/arm-none-eabi/11.3.1/thumb/v7e-m+fp/hard/crtn.o
                0x0000000008005f28                . = ALIGN (0x4)
                0x0000000008005f28                _etext = .

.vfp11_veneer   0x0000000008005f28        0x0
 .vfp11_veneer  0x0000000008005f28        0x0 linker stubs

.v4_bx          0x0000000008005f28        0x0
 .v4_bx         0x0000000008005f28        0x0 linker stubs

.iplt           0x0000000008005f28        0x0
 .iplt          0x0000000008005f28        0x0 /Applications/STM32CubeIDE.app/Contents/Eclipse/plugins/com.st.stm32cube.ide.mcu.externaltools.gnu-tools-for-stm32.11.3.rel1.macos64_1.1.0.202305231506/tools/bin/../lib/gcc/arm-none-eabi/11.3.1/thumb/v7e-m+fp/hard/crtbegin.o

.rodata         0x0000000008005f28     0x1b30
                0x0000000008005f28                . = ALIGN (0x4)
 *(.rodata)
 .rodata        0x0000000008005f28       0x11 ./Core/Src/main.o
 *(.rodata*)
 *fill*         0x0000000008005f39        0x3 
 .rodata.Font7x10
                0x0000000008005f3c      0x76c ./Core/Src/fonts.o
 .rodata.Font16x26
                0x00000000080066a8     0x134c ./Core/Src/fonts.o
 .rodata._KEYPAD_COLUMN_GPIO_PIN
                0x00000000080079f4        0x8 ./Core/Src/stm32f7xx_it.o
                0x00000000080079f4                _KEYPAD_COLUMN_GPIO_PIN
 .rodata._KEYPAD_ROW_GPIO_PIN
                0x00000000080079fc        0x8 ./Core/Src/stm32f7xx_it.o
                0x00000000080079fc                _KEYPAD_ROW_GPIO_PIN
 .rodata.AHBPrescTable
                0x0000000008007a04       0x10 ./Core/Src/system_stm32f7xx.o
                0x0000000008007a04                AHBPrescTable
 .rodata.APBPrescTable
                0x0000000008007a14        0x8 ./Core/Src/system_stm32f7xx.o
                0x0000000008007a14                APBPrescTable
 .rodata.flagBitshiftOffset.0
                0x0000000008007a1c        0x8 ./Drivers/STM32F7xx_HAL_Driver/Src/stm32f7xx_hal_dma 2.o
 .rodata._svfprintf_r.str1.1
                0x0000000008007a24       0x11 /Applications/STM32CubeIDE.app/Contents/Eclipse/plugins/com.st.stm32cube.ide.mcu.externaltools.gnu-tools-for-stm32.11.3.rel1.macos64_1.1.0.202305231506/tools/bin/../lib/gcc/arm-none-eabi/11.3.1/../../../../arm-none-eabi/lib/thumb/v7e-m+fp/hard/libc_nano.a(libc_a-nano-svfprintf.o)
 .rodata._printf_i.str1.1
                0x0000000008007a35       0x22 /Applications/STM32CubeIDE.app/Contents/Eclipse/plugins/com.st.stm32cube.ide.mcu.externaltools.gnu-tools-for-stm32.11.3.rel1.macos64_1.1.0.202305231506/tools/bin/../lib/gcc/arm-none-eabi/11.3.1/../../../../arm-none-eabi/lib/thumb/v7e-m+fp/hard/libc_nano.a(libc_a-nano-vfprintf_i.o)
                0x0000000008007a58                . = ALIGN (0x4)
 *fill*         0x0000000008007a57        0x1 

.ARM.extab      0x0000000008007a58        0x0
                0x0000000008007a58                . = ALIGN (0x4)
 *(.ARM.extab* .gnu.linkonce.armextab.*)
                0x0000000008007a58                . = ALIGN (0x4)

.ARM            0x0000000008007a58        0x8
                0x0000000008007a58                . = ALIGN (0x4)
                0x0000000008007a58                __exidx_start = .
 *(.ARM.exidx*)
 .ARM.exidx     0x0000000008007a58        0x8 /Applications/STM32CubeIDE.app/Contents/Eclipse/plugins/com.st.stm32cube.ide.mcu.externaltools.gnu-tools-for-stm32.11.3.rel1.macos64_1.1.0.202305231506/tools/bin/../lib/gcc/arm-none-eabi/11.3.1/thumb/v7e-m+fp/hard/libgcc.a(_udivmoddi4.o)
                0x0000000008007a60                __exidx_end = .
                0x0000000008007a60                . = ALIGN (0x4)

.rel.dyn        0x0000000008007a60        0x0
 .rel.iplt      0x0000000008007a60        0x0 /Applications/STM32CubeIDE.app/Contents/Eclipse/plugins/com.st.stm32cube.ide.mcu.externaltools.gnu-tools-for-stm32.11.3.rel1.macos64_1.1.0.202305231506/tools/bin/../lib/gcc/arm-none-eabi/11.3.1/thumb/v7e-m+fp/hard/crtbegin.o

.preinit_array  0x0000000008007a60        0x0
                0x0000000008007a60                . = ALIGN (0x4)
                0x0000000008007a60                PROVIDE (__preinit_array_start = .)
 *(.preinit_array*)
                0x0000000008007a60                PROVIDE (__preinit_array_end = .)
                0x0000000008007a60                . = ALIGN (0x4)

.init_array     0x0000000008007a60        0x4
                0x0000000008007a60                . = ALIGN (0x4)
                0x0000000008007a60                PROVIDE (__init_array_start = .)
 *(SORT_BY_NAME(.init_array.*))
 *(.init_array*)
 .init_array    0x0000000008007a60        0x4 /Applications/STM32CubeIDE.app/Contents/Eclipse/plugins/com.st.stm32cube.ide.mcu.externaltools.gnu-tools-for-stm32.11.3.rel1.macos64_1.1.0.202305231506/tools/bin/../lib/gcc/arm-none-eabi/11.3.1/thumb/v7e-m+fp/hard/crtbegin.o
                0x0000000008007a64                PROVIDE (__init_array_end = .)
                0x0000000008007a64                . = ALIGN (0x4)

.fini_array     0x0000000008007a64        0x4
                0x0000000008007a64                . = ALIGN (0x4)
                [!provide]                        PROVIDE (__fini_array_start = .)
 *(SORT_BY_NAME(.fini_array.*))
 *(.fini_array*)
 .fini_array    0x0000000008007a64        0x4 /Applications/STM32CubeIDE.app/Contents/Eclipse/plugins/com.st.stm32cube.ide.mcu.externaltools.gnu-tools-for-stm32.11.3.rel1.macos64_1.1.0.202305231506/tools/bin/../lib/gcc/arm-none-eabi/11.3.1/thumb/v7e-m+fp/hard/crtbegin.o
                [!provide]                        PROVIDE (__fini_array_end = .)
                0x0000000008007a68                . = ALIGN (0x4)
                0x0000000008007a68                _sidata = LOADADDR (.data)

.data           0x0000000020000000       0x90 load address 0x0000000008007a68
                0x0000000020000000                . = ALIGN (0x4)
                0x0000000020000000                _sdata = .
 *(.data)
 *(.data*)
 .data.Font_7x10
                0x0000000020000000        0x8 ./Core/Src/fonts.o
                0x0000000020000000                Font_7x10
 .data.Font_16x26
                0x0000000020000008        0x8 ./Core/Src/fonts.o
                0x0000000020000008                Font_16x26
 .data.SPI_DMA_CNT
                0x0000000020000010        0x4 ./Core/Src/main.o
                0x0000000020000010                SPI_DMA_CNT
 .data._KEYPAD_COLUMN_GPIO_PORT
                0x0000000020000014       0x10 ./Core/Src/stm32f7xx_it.o
                0x0000000020000014                _KEYPAD_COLUMN_GPIO_PORT
 .data._KEYPAD_ROW_GPIO_PORT
                0x0000000020000024       0x10 ./Core/Src/stm32f7xx_it.o
                0x0000000020000024                _KEYPAD_ROW_GPIO_PORT
 .data.SystemCoreClock
                0x0000000020000034        0x4 ./Core/Src/system_stm32f7xx.o
                0x0000000020000034                SystemCoreClock
 .data.uwTickPrio
                0x0000000020000038        0x4 ./Drivers/STM32F7xx_HAL_Driver/Src/stm32f7xx_hal 2.o
                0x0000000020000038                uwTickPrio
 .data.uwTickFreq
                0x000000002000003c        0x1 ./Drivers/STM32F7xx_HAL_Driver/Src/stm32f7xx_hal 2.o
                0x000000002000003c                uwTickFreq
 *fill*         0x000000002000003d        0x3 
 .data._impure_data
                0x0000000020000040       0x4c /Applications/STM32CubeIDE.app/Contents/Eclipse/plugins/com.st.stm32cube.ide.mcu.externaltools.gnu-tools-for-stm32.11.3.rel1.macos64_1.1.0.202305231506/tools/bin/../lib/gcc/arm-none-eabi/11.3.1/../../../../arm-none-eabi/lib/thumb/v7e-m+fp/hard/libc_nano.a(libc_a-impure.o)
                0x0000000020000040                _impure_data
 .data._impure_ptr
                0x000000002000008c        0x4 /Applications/STM32CubeIDE.app/Contents/Eclipse/plugins/com.st.stm32cube.ide.mcu.externaltools.gnu-tools-for-stm32.11.3.rel1.macos64_1.1.0.202305231506/tools/bin/../lib/gcc/arm-none-eabi/11.3.1/../../../../arm-none-eabi/lib/thumb/v7e-m+fp/hard/libc_nano.a(libc_a-impure.o)
                0x000000002000008c                _impure_ptr
 *(.RamFunc)
 *(.RamFunc*)
                0x0000000020000090                . = ALIGN (0x4)
                0x0000000020000090                _edata = .

.igot.plt       0x0000000020000090        0x0 load address 0x0000000008007af8
 .igot.plt      0x0000000020000090        0x0 /Applications/STM32CubeIDE.app/Contents/Eclipse/plugins/com.st.stm32cube.ide.mcu.externaltools.gnu-tools-for-stm32.11.3.rel1.macos64_1.1.0.202305231506/tools/bin/../lib/gcc/arm-none-eabi/11.3.1/thumb/v7e-m+fp/hard/crtbegin.o
                0x0000000020000090                . = ALIGN (0x4)

.bss            0x0000000020000090     0xa7c4 load address 0x0000000008007af8
                0x0000000020000090                _sbss = .
                0x0000000020000090                __bss_start__ = _sbss
 *(.bss)
 .bss           0x0000000020000090       0x1c /Applications/STM32CubeIDE.app/Contents/Eclipse/plugins/com.st.stm32cube.ide.mcu.externaltools.gnu-tools-for-stm32.11.3.rel1.macos64_1.1.0.202305231506/tools/bin/../lib/gcc/arm-none-eabi/11.3.1/thumb/v7e-m+fp/hard/crtbegin.o
 *(.bss*)
 .bss.frameBuffer
                0x00000000200000ac     0xa000 ./Core/Src/ili9163.o
                0x00000000200000ac                frameBuffer
 .bss.hspi1     0x000000002000a0ac       0x64 ./Core/Src/main.o
                0x000000002000a0ac                hspi1
 .bss.hdma_spi1_tx
                0x000000002000a110       0x60 ./Core/Src/main.o
                0x000000002000a110                hdma_spi1_tx
 .bss.huart3    0x000000002000a170       0x88 ./Core/Src/main.o
                0x000000002000a170                huart3
 .bss.hpcd_USB_OTG_FS
                0x000000002000a1f8      0x508 ./Core/Src/main.o
                0x000000002000a1f8                hpcd_USB_OTG_FS
 .bss.SPI_DMA_FL
                0x000000002000a700        0x1 ./Core/Src/main.o
                0x000000002000a700                SPI_DMA_FL
 *fill*         0x000000002000a701        0x3 
 .bss.__sbrk_heap_end
                0x000000002000a704        0x4 ./Core/Src/sysmem.o
 .bss.uwTick    0x000000002000a708        0x4 ./Drivers/STM32F7xx_HAL_Driver/Src/stm32f7xx_hal 2.o
                0x000000002000a708                uwTick
 .bss.__sf      0x000000002000a70c      0x138 /Applications/STM32CubeIDE.app/Contents/Eclipse/plugins/com.st.stm32cube.ide.mcu.externaltools.gnu-tools-for-stm32.11.3.rel1.macos64_1.1.0.202305231506/tools/bin/../lib/gcc/arm-none-eabi/11.3.1/../../../../arm-none-eabi/lib/thumb/v7e-m+fp/hard/libc_nano.a(libc_a-findfp.o)
                0x000000002000a70c                __sf
 .bss.__lock___malloc_recursive_mutex
                0x000000002000a844        0x1 /Applications/STM32CubeIDE.app/Contents/Eclipse/plugins/com.st.stm32cube.ide.mcu.externaltools.gnu-tools-for-stm32.11.3.rel1.macos64_1.1.0.202305231506/tools/bin/../lib/gcc/arm-none-eabi/11.3.1/../../../../arm-none-eabi/lib/thumb/v7e-m+fp/hard/libc_nano.a(libc_a-lock.o)
                0x000000002000a844                __lock___malloc_recursive_mutex
 *fill*         0x000000002000a845        0x3 
 .bss.__malloc_free_list
                0x000000002000a848        0x4 /Applications/STM32CubeIDE.app/Contents/Eclipse/plugins/com.st.stm32cube.ide.mcu.externaltools.gnu-tools-for-stm32.11.3.rel1.macos64_1.1.0.202305231506/tools/bin/../lib/gcc/arm-none-eabi/11.3.1/../../../../arm-none-eabi/lib/thumb/v7e-m+fp/hard/libc_nano.a(libc_a-mallocr.o)
                0x000000002000a848                __malloc_free_list
 .bss.__malloc_sbrk_start
                0x000000002000a84c        0x4 /Applications/STM32CubeIDE.app/Contents/Eclipse/plugins/com.st.stm32cube.ide.mcu.externaltools.gnu-tools-for-stm32.11.3.rel1.macos64_1.1.0.202305231506/tools/bin/../lib/gcc/arm-none-eabi/11.3.1/../../../../arm-none-eabi/lib/thumb/v7e-m+fp/hard/libc_nano.a(libc_a-mallocr.o)
                0x000000002000a84c                __malloc_sbrk_start
 .bss.errno     0x000000002000a850        0x4 /Applications/STM32CubeIDE.app/Contents/Eclipse/plugins/com.st.stm32cube.ide.mcu.externaltools.gnu-tools-for-stm32.11.3.rel1.macos64_1.1.0.202305231506/tools/bin/../lib/gcc/arm-none-eabi/11.3.1/../../../../arm-none-eabi/lib/thumb/v7e-m+fp/hard/libc_nano.a(libc_a-reent.o)
                0x000000002000a850                errno
 *(COMMON)
                0x000000002000a854                . = ALIGN (0x4)
                0x000000002000a854                _ebss = .
                0x000000002000a854                __bss_end__ = _ebss

._user_heap_stack
                0x000000002000a854      0x604 load address 0x0000000008007af8
                0x000000002000a858                . = ALIGN (0x8)
 *fill*         0x000000002000a854        0x4 
                [!provide]                        PROVIDE (end = .)
                0x000000002000a858                PROVIDE (_end = .)
                0x000000002000aa58                . = (. + _Min_Heap_Size)
 *fill*         0x000000002000a858      0x200 
                0x000000002000ae58                . = (. + _Min_Stack_Size)
 *fill*         0x000000002000aa58      0x400 
                0x000000002000ae58                . = ALIGN (0x8)

/DISCARD/
 libc.a(*)
 libm.a(*)
 libgcc.a(*)

.ARM.attributes
                0x0000000000000000       0x30
 *(.ARM.attributes)
 .ARM.attributes
                0x0000000000000000       0x1e /Applications/STM32CubeIDE.app/Contents/Eclipse/plugins/com.st.stm32cube.ide.mcu.externaltools.gnu-tools-for-stm32.11.3.rel1.macos64_1.1.0.202305231506/tools/bin/../lib/gcc/arm-none-eabi/11.3.1/thumb/v7e-m+fp/hard/crti.o
 .ARM.attributes
                0x000000000000001e       0x34 /Applications/STM32CubeIDE.app/Contents/Eclipse/plugins/com.st.stm32cube.ide.mcu.externaltools.gnu-tools-for-stm32.11.3.rel1.macos64_1.1.0.202305231506/tools/bin/../lib/gcc/arm-none-eabi/11.3.1/thumb/v7e-m+fp/hard/crtbegin.o
 .ARM.attributes
                0x0000000000000052       0x34 ./Core/Src/fonts.o
 .ARM.attributes
                0x0000000000000086       0x34 ./Core/Src/ili9163.o
 .ARM.attributes
                0x00000000000000ba       0x34 ./Core/Src/main.o
 .ARM.attributes
                0x00000000000000ee       0x34 ./Core/Src/stm32f7xx_hal_msp.o
 .ARM.attributes
                0x0000000000000122       0x34 ./Core/Src/stm32f7xx_it.o
 .ARM.attributes
                0x0000000000000156       0x34 ./Core/Src/sysmem.o
 .ARM.attributes
                0x000000000000018a       0x34 ./Core/Src/system_stm32f7xx.o
 .ARM.attributes
                0x00000000000001be       0x21 ./Core/Startup/startup_stm32f746zgtx.o
 .ARM.attributes
                0x00000000000001df       0x34 ./Drivers/STM32F7xx_HAL_Driver/Src/stm32f7xx_hal 2.o
 .ARM.attributes
                0x0000000000000213       0x34 ./Drivers/STM32F7xx_HAL_Driver/Src/stm32f7xx_hal_cortex 2.o
 .ARM.attributes
                0x0000000000000247       0x34 ./Drivers/STM32F7xx_HAL_Driver/Src/stm32f7xx_hal_dma 2.o
 .ARM.attributes
                0x000000000000027b       0x34 ./Drivers/STM32F7xx_HAL_Driver/Src/stm32f7xx_hal_gpio 2.o
 .ARM.attributes
                0x00000000000002af       0x34 ./Drivers/STM32F7xx_HAL_Driver/Src/stm32f7xx_hal_pcd 2.o
 .ARM.attributes
                0x00000000000002e3       0x34 ./Drivers/STM32F7xx_HAL_Driver/Src/stm32f7xx_hal_pcd_ex 2.o
 .ARM.attributes
                0x0000000000000317       0x34 ./Drivers/STM32F7xx_HAL_Driver/Src/stm32f7xx_hal_pwr 2.o
 .ARM.attributes
                0x000000000000034b       0x34 ./Drivers/STM32F7xx_HAL_Driver/Src/stm32f7xx_hal_rcc 2.o
 .ARM.attributes
                0x000000000000037f       0x34 ./Drivers/STM32F7xx_HAL_Driver/Src/stm32f7xx_hal_rcc_ex 2.o
 .ARM.attributes
                0x00000000000003b3       0x34 ./Drivers/STM32F7xx_HAL_Driver/Src/stm32f7xx_hal_spi 2.o
 .ARM.attributes
                0x00000000000003e7       0x34 ./Drivers/STM32F7xx_HAL_Driver/Src/stm32f7xx_hal_uart 2.o
 .ARM.attributes
                0x000000000000041b       0x34 ./Drivers/STM32F7xx_HAL_Driver/Src/stm32f7xx_ll_usb 2.o
 .ARM.attributes
                0x000000000000044f       0x34 /Applications/STM32CubeIDE.app/Contents/Eclipse/plugins/com.st.stm32cube.ide.mcu.externaltools.gnu-tools-for-stm32.11.3.rel1.macos64_1.1.0.202305231506/tools/bin/../lib/gcc/arm-none-eabi/11.3.1/../../../../arm-none-eabi/lib/thumb/v7e-m+fp/hard/libc_nano.a(libc_a-sprintf.o)
 .ARM.attributes
                0x0000000000000483       0x34 /Applications/STM32CubeIDE.app/Contents/Eclipse/plugins/com.st.stm32cube.ide.mcu.externaltools.gnu-tools-for-stm32.11.3.rel1.macos64_1.1.0.202305231506/tools/bin/../lib/gcc/arm-none-eabi/11.3.1/../../../../arm-none-eabi/lib/thumb/v7e-m+fp/hard/libc_nano.a(libc_a-findfp.o)
 .ARM.attributes
                0x00000000000004b7       0x34 /Applications/STM32CubeIDE.app/Contents/Eclipse/plugins/com.st.stm32cube.ide.mcu.externaltools.gnu-tools-for-stm32.11.3.rel1.macos64_1.1.0.202305231506/tools/bin/../lib/gcc/arm-none-eabi/11.3.1/../../../../arm-none-eabi/lib/thumb/v7e-m+fp/hard/libc_nano.a(libc_a-vsnprintf.o)
 .ARM.attributes
                0x00000000000004eb       0x34 /Applications/STM32CubeIDE.app/Contents/Eclipse/plugins/com.st.stm32cube.ide.mcu.externaltools.gnu-tools-for-stm32.11.3.rel1.macos64_1.1.0.202305231506/tools/bin/../lib/gcc/arm-none-eabi/11.3.1/../../../../arm-none-eabi/lib/thumb/v7e-m+fp/hard/libc_nano.a(libc_a-memset.o)
 .ARM.attributes
                0x000000000000051f       0x34 /Applications/STM32CubeIDE.app/Contents/Eclipse/plugins/com.st.stm32cube.ide.mcu.externaltools.gnu-tools-for-stm32.11.3.rel1.macos64_1.1.0.202305231506/tools/bin/../lib/gcc/arm-none-eabi/11.3.1/../../../../arm-none-eabi/lib/thumb/v7e-m+fp/hard/libc_nano.a(libc_a-impure.o)
 .ARM.attributes
                0x0000000000000553       0x34 /Applications/STM32CubeIDE.app/Contents/Eclipse/plugins/com.st.stm32cube.ide.mcu.externaltools.gnu-tools-for-stm32.11.3.rel1.macos64_1.1.0.202305231506/tools/bin/../lib/gcc/arm-none-eabi/11.3.1/../../../../arm-none-eabi/lib/thumb/v7e-m+fp/hard/libc_nano.a(libc_a-errno.o)
 .ARM.attributes
                0x0000000000000587       0x34 /Applications/STM32CubeIDE.app/Contents/Eclipse/plugins/com.st.stm32cube.ide.mcu.externaltools.gnu-tools-for-stm32.11.3.rel1.macos64_1.1.0.202305231506/tools/bin/../lib/gcc/arm-none-eabi/11.3.1/../../../../arm-none-eabi/lib/thumb/v7e-m+fp/hard/libc_nano.a(libc_a-init.o)
 .ARM.attributes
                0x00000000000005bb       0x34 /Applications/STM32CubeIDE.app/Contents/Eclipse/plugins/com.st.stm32cube.ide.mcu.externaltools.gnu-tools-for-stm32.11.3.rel1.macos64_1.1.0.202305231506/tools/bin/../lib/gcc/arm-none-eabi/11.3.1/../../../../arm-none-eabi/lib/thumb/v7e-m+fp/hard/libc_nano.a(libc_a-lock.o)
 .ARM.attributes
                0x00000000000005ef       0x34 /Applications/STM32CubeIDE.app/Contents/Eclipse/plugins/com.st.stm32cube.ide.mcu.externaltools.gnu-tools-for-stm32.11.3.rel1.macos64_1.1.0.202305231506/tools/bin/../lib/gcc/arm-none-eabi/11.3.1/../../../../arm-none-eabi/lib/thumb/v7e-m+fp/hard/libc_nano.a(libc_a-nano-svfprintf.o)
 .ARM.attributes
                0x0000000000000623       0x34 /Applications/STM32CubeIDE.app/Contents/Eclipse/plugins/com.st.stm32cube.ide.mcu.externaltools.gnu-tools-for-stm32.11.3.rel1.macos64_1.1.0.202305231506/tools/bin/../lib/gcc/arm-none-eabi/11.3.1/../../../../arm-none-eabi/lib/thumb/v7e-m+fp/hard/libc_nano.a(libc_a-mallocr.o)
 .ARM.attributes
                0x0000000000000657       0x34 /Applications/STM32CubeIDE.app/Contents/Eclipse/plugins/com.st.stm32cube.ide.mcu.externaltools.gnu-tools-for-stm32.11.3.rel1.macos64_1.1.0.202305231506/tools/bin/../lib/gcc/arm-none-eabi/11.3.1/../../../../arm-none-eabi/lib/thumb/v7e-m+fp/hard/libc_nano.a(libc_a-nano-vfprintf_i.o)
 .ARM.attributes
                0x000000000000068b       0x34 /Applications/STM32CubeIDE.app/Contents/Eclipse/plugins/com.st.stm32cube.ide.mcu.externaltools.gnu-tools-for-stm32.11.3.rel1.macos64_1.1.0.202305231506/tools/bin/../lib/gcc/arm-none-eabi/11.3.1/../../../../arm-none-eabi/lib/thumb/v7e-m+fp/hard/libc_nano.a(libc_a-mlock.o)
 .ARM.attributes
                0x00000000000006bf       0x34 /Applications/STM32CubeIDE.app/Contents/Eclipse/plugins/com.st.stm32cube.ide.mcu.externaltools.gnu-tools-for-stm32.11.3.rel1.macos64_1.1.0.202305231506/tools/bin/../lib/gcc/arm-none-eabi/11.3.1/../../../../arm-none-eabi/lib/thumb/v7e-m+fp/hard/libc_nano.a(libc_a-reallocr.o)
 .ARM.attributes
                0x00000000000006f3       0x34 /Applications/STM32CubeIDE.app/Contents/Eclipse/plugins/com.st.stm32cube.ide.mcu.externaltools.gnu-tools-for-stm32.11.3.rel1.macos64_1.1.0.202305231506/tools/bin/../lib/gcc/arm-none-eabi/11.3.1/../../../../arm-none-eabi/lib/thumb/v7e-m+fp/hard/libc_nano.a(libc_a-memmove.o)
 .ARM.attributes
                0x0000000000000727       0x34 /Applications/STM32CubeIDE.app/Contents/Eclipse/plugins/com.st.stm32cube.ide.mcu.externaltools.gnu-tools-for-stm32.11.3.rel1.macos64_1.1.0.202305231506/tools/bin/../lib/gcc/arm-none-eabi/11.3.1/../../../../arm-none-eabi/lib/thumb/v7e-m+fp/hard/libc_nano.a(libc_a-reent.o)
 .ARM.attributes
                0x000000000000075b       0x34 /Applications/STM32CubeIDE.app/Contents/Eclipse/plugins/com.st.stm32cube.ide.mcu.externaltools.gnu-tools-for-stm32.11.3.rel1.macos64_1.1.0.202305231506/tools/bin/../lib/gcc/arm-none-eabi/11.3.1/../../../../arm-none-eabi/lib/thumb/v7e-m+fp/hard/libc_nano.a(libc_a-sbrkr.o)
 .ARM.attributes
                0x000000000000078f       0x1c /Applications/STM32CubeIDE.app/Contents/Eclipse/plugins/com.st.stm32cube.ide.mcu.externaltools.gnu-tools-for-stm32.11.3.rel1.macos64_1.1.0.202305231506/tools/bin/../lib/gcc/arm-none-eabi/11.3.1/../../../../arm-none-eabi/lib/thumb/v7e-m+fp/hard/libc_nano.a(libc_a-memchr.o)
 .ARM.attributes
                0x00000000000007ab       0x34 /Applications/STM32CubeIDE.app/Contents/Eclipse/plugins/com.st.stm32cube.ide.mcu.externaltools.gnu-tools-for-stm32.11.3.rel1.macos64_1.1.0.202305231506/tools/bin/../lib/gcc/arm-none-eabi/11.3.1/../../../../arm-none-eabi/lib/thumb/v7e-m+fp/hard/libc_nano.a(libc_a-memcpy-stub.o)
 .ARM.attributes
                0x00000000000007df       0x34 /Applications/STM32CubeIDE.app/Contents/Eclipse/plugins/com.st.stm32cube.ide.mcu.externaltools.gnu-tools-for-stm32.11.3.rel1.macos64_1.1.0.202305231506/tools/bin/../lib/gcc/arm-none-eabi/11.3.1/../../../../arm-none-eabi/lib/thumb/v7e-m+fp/hard/libc_nano.a(libc_a-freer.o)
 .ARM.attributes
                0x0000000000000813       0x34 /Applications/STM32CubeIDE.app/Contents/Eclipse/plugins/com.st.stm32cube.ide.mcu.externaltools.gnu-tools-for-stm32.11.3.rel1.macos64_1.1.0.202305231506/tools/bin/../lib/gcc/arm-none-eabi/11.3.1/../../../../arm-none-eabi/lib/thumb/v7e-m+fp/hard/libc_nano.a(libc_a-msizer.o)
 .ARM.attributes
                0x0000000000000847       0x1e /Applications/STM32CubeIDE.app/Contents/Eclipse/plugins/com.st.stm32cube.ide.mcu.externaltools.gnu-tools-for-stm32.11.3.rel1.macos64_1.1.0.202305231506/tools/bin/../lib/gcc/arm-none-eabi/11.3.1/thumb/v7e-m+fp/hard/libgcc.a(_aeabi_uldivmod.o)
 .ARM.attributes
                0x0000000000000865       0x34 /Applications/STM32CubeIDE.app/Contents/Eclipse/plugins/com.st.stm32cube.ide.mcu.externaltools.gnu-tools-for-stm32.11.3.rel1.macos64_1.1.0.202305231506/tools/bin/../lib/gcc/arm-none-eabi/11.3.1/thumb/v7e-m+fp/hard/libgcc.a(_udivmoddi4.o)
 .ARM.attributes
                0x0000000000000899       0x1e /Applications/STM32CubeIDE.app/Contents/Eclipse/plugins/com.st.stm32cube.ide.mcu.externaltools.gnu-tools-for-stm32.11.3.rel1.macos64_1.1.0.202305231506/tools/bin/../lib/gcc/arm-none-eabi/11.3.1/thumb/v7e-m+fp/hard/libgcc.a(_dvmd_tls.o)
 .ARM.attributes
                0x00000000000008b7       0x1e /Applications/STM32CubeIDE.app/Contents/Eclipse/plugins/com.st.stm32cube.ide.mcu.externaltools.gnu-tools-for-stm32.11.3.rel1.macos64_1.1.0.202305231506/tools/bin/../lib/gcc/arm-none-eabi/11.3.1/thumb/v7e-m+fp/hard/crtn.o
OUTPUT(Hopkins_Project2_V1.elf elf32-littlearm)
LOAD linker stubs
LOAD /Applications/STM32CubeIDE.app/Contents/Eclipse/plugins/com.st.stm32cube.ide.mcu.externaltools.gnu-tools-for-stm32.11.3.rel1.macos64_1.1.0.202305231506/tools/bin/../lib/gcc/arm-none-eabi/11.3.1/../../../../arm-none-eabi/lib/thumb/v7e-m+fp/hard/libc.a
LOAD /Applications/STM32CubeIDE.app/Contents/Eclipse/plugins/com.st.stm32cube.ide.mcu.externaltools.gnu-tools-for-stm32.11.3.rel1.macos64_1.1.0.202305231506/tools/bin/../lib/gcc/arm-none-eabi/11.3.1/../../../../arm-none-eabi/lib/thumb/v7e-m+fp/hard/libm.a
LOAD /Applications/STM32CubeIDE.app/Contents/Eclipse/plugins/com.st.stm32cube.ide.mcu.externaltools.gnu-tools-for-stm32.11.3.rel1.macos64_1.1.0.202305231506/tools/bin/../lib/gcc/arm-none-eabi/11.3.1/thumb/v7e-m+fp/hard/libgcc.a

.comment        0x0000000000000000       0x43
 .comment       0x0000000000000000       0x43 /Applications/STM32CubeIDE.app/Contents/Eclipse/plugins/com.st.stm32cube.ide.mcu.externaltools.gnu-tools-for-stm32.11.3.rel1.macos64_1.1.0.202305231506/tools/bin/../lib/gcc/arm-none-eabi/11.3.1/thumb/v7e-m+fp/hard/crtbegin.o
                                         0x44 (size before relaxing)
 .comment       0x0000000000000043       0x44 ./Core/Src/fonts.o
 .comment       0x0000000000000043       0x44 ./Core/Src/ili9163.o
 .comment       0x0000000000000043       0x44 ./Core/Src/main.o
 .comment       0x0000000000000043       0x44 ./Core/Src/stm32f7xx_hal_msp.o
 .comment       0x0000000000000043       0x44 ./Core/Src/stm32f7xx_it.o
 .comment       0x0000000000000043       0x44 ./Core/Src/sysmem.o
 .comment       0x0000000000000043       0x44 ./Core/Src/system_stm32f7xx.o
 .comment       0x0000000000000043       0x44 ./Drivers/STM32F7xx_HAL_Driver/Src/stm32f7xx_hal 2.o
 .comment       0x0000000000000043       0x44 ./Drivers/STM32F7xx_HAL_Driver/Src/stm32f7xx_hal_cortex 2.o
 .comment       0x0000000000000043       0x44 ./Drivers/STM32F7xx_HAL_Driver/Src/stm32f7xx_hal_dma 2.o
 .comment       0x0000000000000043       0x44 ./Drivers/STM32F7xx_HAL_Driver/Src/stm32f7xx_hal_gpio 2.o
 .comment       0x0000000000000043       0x44 ./Drivers/STM32F7xx_HAL_Driver/Src/stm32f7xx_hal_pcd 2.o
 .comment       0x0000000000000043       0x44 ./Drivers/STM32F7xx_HAL_Driver/Src/stm32f7xx_hal_pcd_ex 2.o
 .comment       0x0000000000000043       0x44 ./Drivers/STM32F7xx_HAL_Driver/Src/stm32f7xx_hal_pwr 2.o
 .comment       0x0000000000000043       0x44 ./Drivers/STM32F7xx_HAL_Driver/Src/stm32f7xx_hal_rcc 2.o
 .comment       0x0000000000000043       0x44 ./Drivers/STM32F7xx_HAL_Driver/Src/stm32f7xx_hal_rcc_ex 2.o
 .comment       0x0000000000000043       0x44 ./Drivers/STM32F7xx_HAL_Driver/Src/stm32f7xx_hal_spi 2.o
 .comment       0x0000000000000043       0x44 ./Drivers/STM32F7xx_HAL_Driver/Src/stm32f7xx_hal_uart 2.o
 .comment       0x0000000000000043       0x44 ./Drivers/STM32F7xx_HAL_Driver/Src/stm32f7xx_ll_usb 2.o

.debug_info     0x0000000000000000    0x1164e
 .debug_info    0x0000000000000000      0x19a ./Core/Src/fonts.o
 .debug_info    0x000000000000019a      0xe03 ./Core/Src/ili9163.o
 .debug_info    0x0000000000000f9d     0x19c2 ./Core/Src/main.o
 .debug_info    0x000000000000295f     0x1551 ./Core/Src/stm32f7xx_hal_msp.o
 .debug_info    0x0000000000003eb0      0x5fb ./Core/Src/stm32f7xx_it.o
 .debug_info    0x00000000000044ab      0x168 ./Core/Src/sysmem.o
 .debug_info    0x0000000000004613      0x6ed ./Core/Src/system_stm32f7xx.o
 .debug_info    0x0000000000004d00       0x23 ./Core/Startup/startup_stm32f746zgtx.o
 .debug_info    0x0000000000004d23      0x9d8 ./Drivers/STM32F7xx_HAL_Driver/Src/stm32f7xx_hal 2.o
 .debug_info    0x00000000000056fb      0xf49 ./Drivers/STM32F7xx_HAL_Driver/Src/stm32f7xx_hal_cortex 2.o
 .debug_info    0x0000000000006644      0x8e7 ./Drivers/STM32F7xx_HAL_Driver/Src/stm32f7xx_hal_dma 2.o
 .debug_info    0x0000000000006f2b      0x6e7 ./Drivers/STM32F7xx_HAL_Driver/Src/stm32f7xx_hal_gpio 2.o
 .debug_info    0x0000000000007612     0x156c ./Drivers/STM32F7xx_HAL_Driver/Src/stm32f7xx_hal_pcd 2.o
 .debug_info    0x0000000000008b7e      0x78b ./Drivers/STM32F7xx_HAL_Driver/Src/stm32f7xx_hal_pcd_ex 2.o
 .debug_info    0x0000000000009309      0x90e ./Drivers/STM32F7xx_HAL_Driver/Src/stm32f7xx_hal_pwr 2.o
 .debug_info    0x0000000000009c17      0x8dc ./Drivers/STM32F7xx_HAL_Driver/Src/stm32f7xx_hal_rcc 2.o
 .debug_info    0x000000000000a4f3      0x6bd ./Drivers/STM32F7xx_HAL_Driver/Src/stm32f7xx_hal_rcc_ex 2.o
 .debug_info    0x000000000000abb0     0x169b ./Drivers/STM32F7xx_HAL_Driver/Src/stm32f7xx_hal_spi 2.o
 .debug_info    0x000000000000c24b     0x3a47 ./Drivers/STM32F7xx_HAL_Driver/Src/stm32f7xx_hal_uart 2.o
 .debug_info    0x000000000000fc92     0x19bc ./Drivers/STM32F7xx_HAL_Driver/Src/stm32f7xx_ll_usb 2.o

.debug_abbrev   0x0000000000000000     0x2a1f
 .debug_abbrev  0x0000000000000000       0xb3 ./Core/Src/fonts.o
 .debug_abbrev  0x00000000000000b3      0x300 ./Core/Src/ili9163.o
 .debug_abbrev  0x00000000000003b3      0x37f ./Core/Src/main.o
 .debug_abbrev  0x0000000000000732      0x26c ./Core/Src/stm32f7xx_hal_msp.o
 .debug_abbrev  0x000000000000099e      0x262 ./Core/Src/stm32f7xx_it.o
 .debug_abbrev  0x0000000000000c00       0xbc ./Core/Src/sysmem.o
 .debug_abbrev  0x0000000000000cbc      0x13b ./Core/Src/system_stm32f7xx.o
 .debug_abbrev  0x0000000000000df7       0x12 ./Core/Startup/startup_stm32f746zgtx.o
 .debug_abbrev  0x0000000000000e09      0x213 ./Drivers/STM32F7xx_HAL_Driver/Src/stm32f7xx_hal 2.o
 .debug_abbrev  0x000000000000101c      0x329 ./Drivers/STM32F7xx_HAL_Driver/Src/stm32f7xx_hal_cortex 2.o
 .debug_abbrev  0x0000000000001345      0x264 ./Drivers/STM32F7xx_HAL_Driver/Src/stm32f7xx_hal_dma 2.o
 .debug_abbrev  0x00000000000015a9      0x1d4 ./Drivers/STM32F7xx_HAL_Driver/Src/stm32f7xx_hal_gpio 2.o
 .debug_abbrev  0x000000000000177d      0x2e7 ./Drivers/STM32F7xx_HAL_Driver/Src/stm32f7xx_hal_pcd 2.o
 .debug_abbrev  0x0000000000001a64      0x1ca ./Drivers/STM32F7xx_HAL_Driver/Src/stm32f7xx_hal_pcd_ex 2.o
 .debug_abbrev  0x0000000000001c2e      0x1c5 ./Drivers/STM32F7xx_HAL_Driver/Src/stm32f7xx_hal_pwr 2.o
 .debug_abbrev  0x0000000000001df3      0x288 ./Drivers/STM32F7xx_HAL_Driver/Src/stm32f7xx_hal_rcc 2.o
 .debug_abbrev  0x000000000000207b      0x1c9 ./Drivers/STM32F7xx_HAL_Driver/Src/stm32f7xx_hal_rcc_ex 2.o
 .debug_abbrev  0x0000000000002244      0x269 ./Drivers/STM32F7xx_HAL_Driver/Src/stm32f7xx_hal_spi 2.o
 .debug_abbrev  0x00000000000024ad      0x2e6 ./Drivers/STM32F7xx_HAL_Driver/Src/stm32f7xx_hal_uart 2.o
 .debug_abbrev  0x0000000000002793      0x28c ./Drivers/STM32F7xx_HAL_Driver/Src/stm32f7xx_ll_usb 2.o

.debug_aranges  0x0000000000000000      0xe08
 .debug_aranges
                0x0000000000000000       0x18 ./Core/Src/fonts.o
 .debug_aranges
                0x0000000000000018       0xa8 ./Core/Src/ili9163.o
 .debug_aranges
                0x00000000000000c0       0x60 ./Core/Src/main.o
 .debug_aranges
                0x0000000000000120       0x50 ./Core/Src/stm32f7xx_hal_msp.o
 .debug_aranges
                0x0000000000000170       0x78 ./Core/Src/stm32f7xx_it.o
 .debug_aranges
                0x00000000000001e8       0x20 ./Core/Src/sysmem.o
 .debug_aranges
                0x0000000000000208       0x28 ./Core/Src/system_stm32f7xx.o
 .debug_aranges
                0x0000000000000230       0x28 ./Core/Startup/startup_stm32f746zgtx.o
 .debug_aranges
                0x0000000000000258      0x100 ./Drivers/STM32F7xx_HAL_Driver/Src/stm32f7xx_hal 2.o
 .debug_aranges
                0x0000000000000358      0x118 ./Drivers/STM32F7xx_HAL_Driver/Src/stm32f7xx_hal_cortex 2.o
 .debug_aranges
                0x0000000000000470       0x90 ./Drivers/STM32F7xx_HAL_Driver/Src/stm32f7xx_hal_dma 2.o
 .debug_aranges
                0x0000000000000500       0x58 ./Drivers/STM32F7xx_HAL_Driver/Src/stm32f7xx_hal_gpio 2.o
 .debug_aranges
                0x0000000000000558      0x148 ./Drivers/STM32F7xx_HAL_Driver/Src/stm32f7xx_hal_pcd 2.o
 .debug_aranges
                0x00000000000006a0       0x48 ./Drivers/STM32F7xx_HAL_Driver/Src/stm32f7xx_hal_pcd_ex 2.o
 .debug_aranges
                0x00000000000006e8       0xa0 ./Drivers/STM32F7xx_HAL_Driver/Src/stm32f7xx_hal_pwr 2.o
 .debug_aranges
                0x0000000000000788       0x88 ./Drivers/STM32F7xx_HAL_Driver/Src/stm32f7xx_hal_rcc 2.o
 .debug_aranges
                0x0000000000000810       0x50 ./Drivers/STM32F7xx_HAL_Driver/Src/stm32f7xx_hal_rcc_ex 2.o
 .debug_aranges
                0x0000000000000860      0x1d8 ./Drivers/STM32F7xx_HAL_Driver/Src/stm32f7xx_hal_spi 2.o
 .debug_aranges
                0x0000000000000a38      0x228 ./Drivers/STM32F7xx_HAL_Driver/Src/stm32f7xx_hal_uart 2.o
 .debug_aranges
                0x0000000000000c60      0x1a8 ./Drivers/STM32F7xx_HAL_Driver/Src/stm32f7xx_ll_usb 2.o

.debug_macro    0x0000000000000000    0x26a56
 .debug_macro   0x0000000000000000       0x6d ./Core/Src/fonts.o
 .debug_macro   0x000000000000006d      0xaa8 ./Core/Src/fonts.o
 .debug_macro   0x0000000000000b15       0x22 ./Core/Src/fonts.o
 .debug_macro   0x0000000000000b37       0x8e ./Core/Src/fonts.o
 .debug_macro   0x0000000000000bc5       0x51 ./Core/Src/fonts.o
 .debug_macro   0x0000000000000c16      0x103 ./Core/Src/fonts.o
 .debug_macro   0x0000000000000d19       0x6a ./Core/Src/fonts.o
 .debug_macro   0x0000000000000d83      0x1df ./Core/Src/fonts.o
 .debug_macro   0x0000000000000f62      0x343 ./Core/Src/ili9163.o
 .debug_macro   0x00000000000012a5      0x299 ./Core/Src/ili9163.o
 .debug_macro   0x000000000000153e       0x2e ./Core/Src/ili9163.o
 .debug_macro   0x000000000000156c       0x3b ./Core/Src/ili9163.o
 .debug_macro   0x00000000000015a7       0x1c ./Core/Src/ili9163.o
 .debug_macro   0x00000000000015c3       0x22 ./Core/Src/ili9163.o
 .debug_macro   0x00000000000015e5       0xd9 ./Core/Src/ili9163.o
 .debug_macro   0x00000000000016be     0x12cd ./Core/Src/ili9163.o
 .debug_macro   0x000000000000298b      0x11f ./Core/Src/ili9163.o
 .debug_macro   0x0000000000002aaa       0x19 ./Core/Src/ili9163.o
 .debug_macro   0x0000000000002ac3    0x1920a ./Core/Src/ili9163.o
 .debug_macro   0x000000000001bccd       0x6d ./Core/Src/ili9163.o
 .debug_macro   0x000000000001bd3a     0x3749 ./Core/Src/ili9163.o
 .debug_macro   0x000000000001f483      0x174 ./Core/Src/ili9163.o
 .debug_macro   0x000000000001f5f7       0x63 ./Core/Src/ili9163.o
 .debug_macro   0x000000000001f65a     0x18ad ./Core/Src/ili9163.o
 .debug_macro   0x0000000000020f07      0x6c4 ./Core/Src/ili9163.o
 .debug_macro   0x00000000000215cb      0x185 ./Core/Src/ili9163.o
 .debug_macro   0x0000000000021750      0x115 ./Core/Src/ili9163.o
 .debug_macro   0x0000000000021865      0x1fd ./Core/Src/ili9163.o
 .debug_macro   0x0000000000021a62       0xa5 ./Core/Src/ili9163.o
 .debug_macro   0x0000000000021b07      0x24f ./Core/Src/ili9163.o
 .debug_macro   0x0000000000021d56       0x41 ./Core/Src/ili9163.o
 .debug_macro   0x0000000000021d97       0x58 ./Core/Src/ili9163.o
 .debug_macro   0x0000000000021def      0x236 ./Core/Src/ili9163.o
 .debug_macro   0x0000000000022025      0x14e ./Core/Src/ili9163.o
 .debug_macro   0x0000000000022173      0x25a ./Core/Src/ili9163.o
 .debug_macro   0x00000000000223cd       0x12 ./Core/Src/ili9163.o
 .debug_macro   0x00000000000223df      0x22c ./Core/Src/ili9163.o
 .debug_macro   0x000000000002260b       0x61 ./Core/Src/ili9163.o
 .debug_macro   0x000000000002266c       0xa5 ./Core/Src/ili9163.o
 .debug_macro   0x0000000000022711      0x12e ./Core/Src/ili9163.o
 .debug_macro   0x000000000002283f      0x108 ./Core/Src/ili9163.o
 .debug_macro   0x0000000000022947       0x35 ./Core/Src/ili9163.o
 .debug_macro   0x000000000002297c      0x2fe ./Core/Src/ili9163.o
 .debug_macro   0x0000000000022c7a      0x56d ./Core/Src/ili9163.o
 .debug_macro   0x00000000000231e7       0x44 ./Core/Src/ili9163.o
 .debug_macro   0x000000000002322b      0x256 ./Core/Src/ili9163.o
 .debug_macro   0x0000000000023481       0xba ./Core/Src/ili9163.o
 .debug_macro   0x000000000002353b      0x14d ./Core/Src/ili9163.o
 .debug_macro   0x0000000000023688      0x124 ./Core/Src/ili9163.o
 .debug_macro   0x00000000000237ac       0x61 ./Core/Src/ili9163.o
 .debug_macro   0x000000000002380d       0x2a ./Core/Src/ili9163.o
 .debug_macro   0x0000000000023837       0x43 ./Core/Src/ili9163.o
 .debug_macro   0x000000000002387a       0x34 ./Core/Src/ili9163.o
 .debug_macro   0x00000000000238ae       0x16 ./Core/Src/ili9163.o
 .debug_macro   0x00000000000238c4       0x43 ./Core/Src/ili9163.o
 .debug_macro   0x0000000000023907       0x34 ./Core/Src/ili9163.o
 .debug_macro   0x000000000002393b       0x10 ./Core/Src/ili9163.o
 .debug_macro   0x000000000002394b       0x58 ./Core/Src/ili9163.o
 .debug_macro   0x00000000000239a3       0x8e ./Core/Src/ili9163.o
 .debug_macro   0x0000000000023a31       0x1c ./Core/Src/ili9163.o
 .debug_macro   0x0000000000023a4d      0x177 ./Core/Src/ili9163.o
 .debug_macro   0x0000000000023bc4      0x369 ./Core/Src/ili9163.o
 .debug_macro   0x0000000000023f2d       0x10 ./Core/Src/ili9163.o
 .debug_macro   0x0000000000023f3d       0x35 ./Core/Src/ili9163.o
 .debug_macro   0x0000000000023f72       0x20 ./Core/Src/ili9163.o
 .debug_macro   0x0000000000023f92       0x1c ./Core/Src/ili9163.o
 .debug_macro   0x0000000000023fae       0x10 ./Core/Src/ili9163.o
 .debug_macro   0x0000000000023fbe       0x1c ./Core/Src/ili9163.o
 .debug_macro   0x0000000000023fda       0x16 ./Core/Src/ili9163.o
 .debug_macro   0x0000000000023ff0      0x147 ./Core/Src/ili9163.o
 .debug_macro   0x0000000000024137       0x46 ./Core/Src/ili9163.o
 .debug_macro   0x000000000002417d      0x1ae ./Core/Src/ili9163.o
 .debug_macro   0x000000000002432b       0x4c ./Core/Src/ili9163.o
 .debug_macro   0x0000000000024377      0x33a ./Core/Src/main.o
 .debug_macro   0x00000000000246b1      0x216 ./Core/Src/stm32f7xx_hal_msp.o
 .debug_macro   0x00000000000248c7      0x301 ./Core/Src/stm32f7xx_it.o
 .debug_macro   0x0000000000024bc8       0x22 ./Core/Src/stm32f7xx_it.o
 .debug_macro   0x0000000000024bea       0x16 ./Core/Src/stm32f7xx_it.o
 .debug_macro   0x0000000000024c00       0x16 ./Core/Src/stm32f7xx_it.o
 .debug_macro   0x0000000000024c16       0xff ./Core/Src/sysmem.o
 .debug_macro   0x0000000000024d15      0x23c ./Core/Src/sysmem.o
 .debug_macro   0x0000000000024f51      0x207 ./Core/Src/system_stm32f7xx.o
 .debug_macro   0x0000000000025158      0x22b ./Drivers/STM32F7xx_HAL_Driver/Src/stm32f7xx_hal 2.o
 .debug_macro   0x0000000000025383      0x207 ./Drivers/STM32F7xx_HAL_Driver/Src/stm32f7xx_hal_cortex 2.o
 .debug_macro   0x000000000002558a      0x20d ./Drivers/STM32F7xx_HAL_Driver/Src/stm32f7xx_hal_dma 2.o
 .debug_macro   0x0000000000025797      0x20d ./Drivers/STM32F7xx_HAL_Driver/Src/stm32f7xx_hal_gpio 2.o
 .debug_macro   0x00000000000259a4      0x213 ./Drivers/STM32F7xx_HAL_Driver/Src/stm32f7xx_hal_pcd 2.o
 .debug_macro   0x0000000000025bb7      0x207 ./Drivers/STM32F7xx_HAL_Driver/Src/stm32f7xx_hal_pcd_ex 2.o
 .debug_macro   0x0000000000025dbe      0x225 ./Drivers/STM32F7xx_HAL_Driver/Src/stm32f7xx_hal_pwr 2.o
 .debug_macro   0x0000000000025fe3      0x22b ./Drivers/STM32F7xx_HAL_Driver/Src/stm32f7xx_hal_rcc 2.o
 .debug_macro   0x000000000002620e      0x207 ./Drivers/STM32F7xx_HAL_Driver/Src/stm32f7xx_hal_rcc_ex 2.o
 .debug_macro   0x0000000000026415      0x216 ./Drivers/STM32F7xx_HAL_Driver/Src/stm32f7xx_hal_spi 2.o
 .debug_macro   0x000000000002662b      0x224 ./Drivers/STM32F7xx_HAL_Driver/Src/stm32f7xx_hal_uart 2.o
 .debug_macro   0x000000000002684f      0x207 ./Drivers/STM32F7xx_HAL_Driver/Src/stm32f7xx_ll_usb 2.o

.debug_line     0x0000000000000000    0x11e75
 .debug_line    0x0000000000000000      0x393 ./Core/Src/fonts.o
 .debug_line    0x0000000000000393      0xceb ./Core/Src/ili9163.o
 .debug_line    0x000000000000107e      0xb33 ./Core/Src/main.o
 .debug_line    0x0000000000001bb1      0x8aa ./Core/Src/stm32f7xx_hal_msp.o
 .debug_line    0x000000000000245b      0xaad ./Core/Src/stm32f7xx_it.o
 .debug_line    0x0000000000002f08      0x512 ./Core/Src/sysmem.o
 .debug_line    0x000000000000341a      0x7cd ./Core/Src/system_stm32f7xx.o
 .debug_line    0x0000000000003be7       0x7a ./Core/Startup/startup_stm32f746zgtx.o
 .debug_line    0x0000000000003c61      0xa60 ./Drivers/STM32F7xx_HAL_Driver/Src/stm32f7xx_hal 2.o
 .debug_line    0x00000000000046c1      0xce6 ./Drivers/STM32F7xx_HAL_Driver/Src/stm32f7xx_hal_cortex 2.o
 .debug_line    0x00000000000053a7      0xfaf ./Drivers/STM32F7xx_HAL_Driver/Src/stm32f7xx_hal_dma 2.o
 .debug_line    0x0000000000006356      0xbd4 ./Drivers/STM32F7xx_HAL_Driver/Src/stm32f7xx_hal_gpio 2.o
 .debug_line    0x0000000000006f2a     0x14af ./Drivers/STM32F7xx_HAL_Driver/Src/stm32f7xx_hal_pcd 2.o
 .debug_line    0x00000000000083d9      0x861 ./Drivers/STM32F7xx_HAL_Driver/Src/stm32f7xx_hal_pcd_ex 2.o
 .debug_line    0x0000000000008c3a      0x964 ./Drivers/STM32F7xx_HAL_Driver/Src/stm32f7xx_hal_pwr 2.o
 .debug_line    0x000000000000959e      0xea0 ./Drivers/STM32F7xx_HAL_Driver/Src/stm32f7xx_hal_rcc 2.o
 .debug_line    0x000000000000a43e      0xe54 ./Drivers/STM32F7xx_HAL_Driver/Src/stm32f7xx_hal_rcc_ex 2.o
 .debug_line    0x000000000000b292     0x1fb6 ./Drivers/STM32F7xx_HAL_Driver/Src/stm32f7xx_hal_spi 2.o
 .debug_line    0x000000000000d248     0x3111 ./Drivers/STM32F7xx_HAL_Driver/Src/stm32f7xx_hal_uart 2.o
 .debug_line    0x0000000000010359     0x1b1c ./Drivers/STM32F7xx_HAL_Driver/Src/stm32f7xx_ll_usb 2.o

.debug_str      0x0000000000000000    0xeb996
 .debug_str     0x0000000000000000     0x3bf8 ./Core/Src/fonts.o
                                       0x3d6e (size before relaxing)
 .debug_str     0x0000000000003bf8    0xe3653 ./Core/Src/ili9163.o
                                      0xe79a1 (size before relaxing)
 .debug_str     0x00000000000e724b      0xed6 ./Core/Src/main.o
                                      0xe85fd (size before relaxing)
 .debug_str     0x00000000000e8121      0x32a ./Core/Src/stm32f7xx_hal_msp.o
                                      0xe3e56 (size before relaxing)
 .debug_str     0x00000000000e844b      0x1e1 ./Core/Src/stm32f7xx_it.o
                                      0xe6b63 (size before relaxing)
 .debug_str     0x00000000000e862c      0x4dc ./Core/Src/sysmem.o
                                       0x6068 (size before relaxing)
 .debug_str     0x00000000000e8b08      0x1a4 ./Core/Src/system_stm32f7xx.o
                                      0xe2d94 (size before relaxing)
 .debug_str     0x00000000000e8cac       0x34 ./Core/Startup/startup_stm32f746zgtx.o
                                         0x78 (size before relaxing)
 .debug_str     0x00000000000e8ce0      0x404 ./Drivers/STM32F7xx_HAL_Driver/Src/stm32f7xx_hal 2.o
                                      0xe36ff (size before relaxing)
 .debug_str     0x00000000000e90e4      0x332 ./Drivers/STM32F7xx_HAL_Driver/Src/stm32f7xx_hal_cortex 2.o
                                      0xe36ea (size before relaxing)
 .debug_str     0x00000000000e9416      0x2f8 ./Drivers/STM32F7xx_HAL_Driver/Src/stm32f7xx_hal_dma 2.o
                                      0xe30d5 (size before relaxing)
 .debug_str     0x00000000000e970e       0xdd ./Drivers/STM32F7xx_HAL_Driver/Src/stm32f7xx_hal_gpio 2.o
                                      0xe2e54 (size before relaxing)
 .debug_str     0x00000000000e97eb      0x834 ./Drivers/STM32F7xx_HAL_Driver/Src/stm32f7xx_hal_pcd 2.o
                                      0xe37b3 (size before relaxing)
 .debug_str     0x00000000000ea01f      0x12f ./Drivers/STM32F7xx_HAL_Driver/Src/stm32f7xx_hal_pcd_ex 2.o
                                      0xe30b4 (size before relaxing)
 .debug_str     0x00000000000ea14e      0x2ae ./Drivers/STM32F7xx_HAL_Driver/Src/stm32f7xx_hal_pwr 2.o
                                      0xe3037 (size before relaxing)
 .debug_str     0x00000000000ea3fc      0x240 ./Drivers/STM32F7xx_HAL_Driver/Src/stm32f7xx_hal_rcc 2.o
                                      0xe30f8 (size before relaxing)
 .debug_str     0x00000000000ea63c      0x151 ./Drivers/STM32F7xx_HAL_Driver/Src/stm32f7xx_hal_rcc_ex 2.o
                                      0xe3030 (size before relaxing)
 .debug_str     0x00000000000ea78d      0x55d ./Drivers/STM32F7xx_HAL_Driver/Src/stm32f7xx_hal_spi 2.o
                                      0xe35d6 (size before relaxing)
 .debug_str     0x00000000000eacea      0x84a ./Drivers/STM32F7xx_HAL_Driver/Src/stm32f7xx_hal_uart 2.o
                                      0xe3a45 (size before relaxing)
 .debug_str     0x00000000000eb534      0x462 ./Drivers/STM32F7xx_HAL_Driver/Src/stm32f7xx_ll_usb 2.o
                                      0xe3639 (size before relaxing)

.debug_rnglists
                0x0000000000000000      0xab9
 .debug_rnglists
                0x0000000000000000       0x80 ./Core/Src/ili9163.o
 .debug_rnglists
                0x0000000000000080       0x46 ./Core/Src/main.o
 .debug_rnglists
                0x00000000000000c6       0x3a ./Core/Src/stm32f7xx_hal_msp.o
 .debug_rnglists
                0x0000000000000100       0x57 ./Core/Src/stm32f7xx_it.o
 .debug_rnglists
                0x0000000000000157       0x13 ./Core/Src/sysmem.o
 .debug_rnglists
                0x000000000000016a       0x1a ./Core/Src/system_stm32f7xx.o
 .debug_rnglists
                0x0000000000000184       0x19 ./Core/Startup/startup_stm32f746zgtx.o
 .debug_rnglists
                0x000000000000019d       0xbb ./Drivers/STM32F7xx_HAL_Driver/Src/stm32f7xx_hal 2.o
 .debug_rnglists
                0x0000000000000258       0xce ./Drivers/STM32F7xx_HAL_Driver/Src/stm32f7xx_hal_cortex 2.o
 .debug_rnglists
                0x0000000000000326       0x70 ./Drivers/STM32F7xx_HAL_Driver/Src/stm32f7xx_hal_dma 2.o
 .debug_rnglists
                0x0000000000000396       0x3f ./Drivers/STM32F7xx_HAL_Driver/Src/stm32f7xx_hal_gpio 2.o
 .debug_rnglists
                0x00000000000003d5       0xfc ./Drivers/STM32F7xx_HAL_Driver/Src/stm32f7xx_hal_pcd 2.o
 .debug_rnglists
                0x00000000000004d1       0x32 ./Drivers/STM32F7xx_HAL_Driver/Src/stm32f7xx_hal_pcd_ex 2.o
 .debug_rnglists
                0x0000000000000503       0x74 ./Drivers/STM32F7xx_HAL_Driver/Src/stm32f7xx_hal_pwr 2.o
 .debug_rnglists
                0x0000000000000577       0x67 ./Drivers/STM32F7xx_HAL_Driver/Src/stm32f7xx_hal_rcc 2.o
 .debug_rnglists
                0x00000000000005de       0x3c ./Drivers/STM32F7xx_HAL_Driver/Src/stm32f7xx_hal_rcc_ex 2.o
 .debug_rnglists
                0x000000000000061a      0x178 ./Drivers/STM32F7xx_HAL_Driver/Src/stm32f7xx_hal_spi 2.o
 .debug_rnglists
                0x0000000000000792      0x1d9 ./Drivers/STM32F7xx_HAL_Driver/Src/stm32f7xx_hal_uart 2.o
 .debug_rnglists
                0x000000000000096b      0x14e ./Drivers/STM32F7xx_HAL_Driver/Src/stm32f7xx_ll_usb 2.o

.debug_frame    0x0000000000000000     0x3f5c
 .debug_frame   0x0000000000000000      0x2bc ./Core/Src/ili9163.o
 .debug_frame   0x00000000000002bc      0x12c ./Core/Src/main.o
 .debug_frame   0x00000000000003e8      0x118 ./Core/Src/stm32f7xx_hal_msp.o
 .debug_frame   0x0000000000000500      0x174 ./Core/Src/stm32f7xx_it.o
 .debug_frame   0x0000000000000674       0x34 ./Core/Src/sysmem.o
 .debug_frame   0x00000000000006a8       0x58 ./Core/Src/system_stm32f7xx.o
 .debug_frame   0x0000000000000700      0x3b4 ./Drivers/STM32F7xx_HAL_Driver/Src/stm32f7xx_hal 2.o
 .debug_frame   0x0000000000000ab4      0x498 ./Drivers/STM32F7xx_HAL_Driver/Src/stm32f7xx_hal_cortex 2.o
 .debug_frame   0x0000000000000f4c      0x250 ./Drivers/STM32F7xx_HAL_Driver/Src/stm32f7xx_hal_dma 2.o
 .debug_frame   0x000000000000119c      0x14c ./Drivers/STM32F7xx_HAL_Driver/Src/stm32f7xx_hal_gpio 2.o
 .debug_frame   0x00000000000012e8      0x5bc ./Drivers/STM32F7xx_HAL_Driver/Src/stm32f7xx_hal_pcd 2.o
 .debug_frame   0x00000000000018a4      0x100 ./Drivers/STM32F7xx_HAL_Driver/Src/stm32f7xx_hal_pcd_ex 2.o
 .debug_frame   0x00000000000019a4      0x254 ./Drivers/STM32F7xx_HAL_Driver/Src/stm32f7xx_hal_pwr 2.o
 .debug_frame   0x0000000000001bf8      0x1f8 ./Drivers/STM32F7xx_HAL_Driver/Src/stm32f7xx_hal_rcc 2.o
 .debug_frame   0x0000000000001df0      0x118 ./Drivers/STM32F7xx_HAL_Driver/Src/stm32f7xx_hal_rcc_ex 2.o
 .debug_frame   0x0000000000001f08      0x860 ./Drivers/STM32F7xx_HAL_Driver/Src/stm32f7xx_hal_spi 2.o
 .debug_frame   0x0000000000002768      0x9e4 ./Drivers/STM32F7xx_HAL_Driver/Src/stm32f7xx_hal_uart 2.o
 .debug_frame   0x000000000000314c      0x7e8 ./Drivers/STM32F7xx_HAL_Driver/Src/stm32f7xx_ll_usb 2.o
 .debug_frame   0x0000000000003934       0x6c /Applications/STM32CubeIDE.app/Contents/Eclipse/plugins/com.st.stm32cube.ide.mcu.externaltools.gnu-tools-for-stm32.11.3.rel1.macos64_1.1.0.202305231506/tools/bin/../lib/gcc/arm-none-eabi/11.3.1/../../../../arm-none-eabi/lib/thumb/v7e-m+fp/hard/libc_nano.a(libc_a-sprintf.o)
 .debug_frame   0x00000000000039a0      0x13c /Applications/STM32CubeIDE.app/Contents/Eclipse/plugins/com.st.stm32cube.ide.mcu.externaltools.gnu-tools-for-stm32.11.3.rel1.macos64_1.1.0.202305231506/tools/bin/../lib/gcc/arm-none-eabi/11.3.1/../../../../arm-none-eabi/lib/thumb/v7e-m+fp/hard/libc_nano.a(libc_a-findfp.o)
 .debug_frame   0x0000000000003adc       0x4c /Applications/STM32CubeIDE.app/Contents/Eclipse/plugins/com.st.stm32cube.ide.mcu.externaltools.gnu-tools-for-stm32.11.3.rel1.macos64_1.1.0.202305231506/tools/bin/../lib/gcc/arm-none-eabi/11.3.1/../../../../arm-none-eabi/lib/thumb/v7e-m+fp/hard/libc_nano.a(libc_a-vsnprintf.o)