Archive member included to satisfy reference by file (symbol)

/Applications/STM32CubeIDE.app/Contents/Eclipse/plugins/com.st.stm32cube.ide.mcu.externaltools.gnu-tools-for-stm32.11.3.rel1.macos64_1.1.0.202305231506/tools/bin/../lib/gcc/arm-none-eabi/11.3.1/../../../../arm-none-eabi/lib/thumb/v7e-m+fp/hard/libc_nano.a(libc_a-exit.o)
                              /Applications/STM32CubeIDE.app/Contents/Eclipse/plugins/com.st.stm32cube.ide.mcu.externaltools.gnu-tools-for-stm32.11.3.rel1.macos64_1.1.0.202305231506/tools/bin/../lib/gcc/arm-none-eabi/11.3.1/../../../../arm-none-eabi/lib/thumb/v7e-m+fp/hard/crt0.o (exit)
/Applications/STM32CubeIDE.app/Contents/Eclipse/plugins/com.st.stm32cube.ide.mcu.externaltools.gnu-tools-for-stm32.11.3.rel1.macos64_1.1.0.202305231506/tools/bin/../lib/gcc/arm-none-eabi/11.3.1/../../../../arm-none-eabi/lib/thumb/v7e-m+fp/hard/libc_nano.a(libc_a-sprintf.o)
                              ./Core/Src/main.o (sprintf)
/Applications/STM32CubeIDE.app/Contents/Eclipse/plugins/com.st.stm32cube.ide.mcu.externaltools.gnu-tools-for-stm32.11.3.rel1.macos64_1.1.0.202305231506/tools/bin/../lib/gcc/arm-none-eabi/11.3.1/../../../../arm-none-eabi/lib/thumb/v7e-m+fp/hard/libc_nano.a(libc_a-findfp.o)
                              /Applications/STM32CubeIDE.app/Contents/Eclipse/plugins/com.st.stm32cube.ide.mcu.externaltools.gnu-tools-for-stm32.11.3.rel1.macos64_1.1.0.202305231506/tools/bin/../lib/gcc/arm-none-eabi/11.3.1/../../../../arm-none-eabi/lib/thumb/v7e-m+fp/hard/libc_nano.a(libc_a-exit.o) (__stdio_exit_handler)
/Applications/STM32CubeIDE.app/Contents/Eclipse/plugins/com.st.stm32cube.ide.mcu.externaltools.gnu-tools-for-stm32.11.3.rel1.macos64_1.1.0.202305231506/tools/bin/../lib/gcc/arm-none-eabi/11.3.1/../../../../arm-none-eabi/lib/thumb/v7e-m+fp/hard/libc_nano.a(libc_a-fwalk.o)
                              /Applications/STM32CubeIDE.app/Contents/Eclipse/plugins/com.st.stm32cube.ide.mcu.externaltools.gnu-tools-for-stm32.11.3.rel1.macos64_1.1.0.202305231506/tools/bin/../lib/gcc/arm-none-eabi/11.3.1/../../../../arm-none-eabi/lib/thumb/v7e-m+fp/hard/libc_nano.a(libc_a-findfp.o) (_fwalk_sglue)
/Applications/STM32CubeIDE.app/Contents/Eclipse/plugins/com.st.stm32cube.ide.mcu.externaltools.gnu-tools-for-stm32.11.3.rel1.macos64_1.1.0.202305231506/tools/bin/../lib/gcc/arm-none-eabi/11.3.1/../../../../arm-none-eabi/lib/thumb/v7e-m+fp/hard/libc_nano.a(libc_a-vsnprintf.o)
                              ./Core/Src/ili9163.o (vsnprintf)
/Applications/STM32CubeIDE.app/Contents/Eclipse/plugins/com.st.stm32cube.ide.mcu.externaltools.gnu-tools-for-stm32.11.3.rel1.macos64_1.1.0.202305231506/tools/bin/../lib/gcc/arm-none-eabi/11.3.1/../../../../arm-none-eabi/lib/thumb/v7e-m+fp/hard/libc_nano.a(libc_a-memset.o)
                              /Applications/STM32CubeIDE.app/Contents/Eclipse/plugins/com.st.stm32cube.ide.mcu.externaltools.gnu-tools-for-stm32.11.3.rel1.macos64_1.1.0.202305231506/tools/bin/../lib/gcc/arm-none-eabi/11.3.1/../../../../arm-none-eabi/lib/thumb/v7e-m+fp/hard/crt0.o (memset)
/Applications/STM32CubeIDE.app/Contents/Eclipse/plugins/com.st.stm32cube.ide.mcu.externaltools.gnu-tools-for-stm32.11.3.rel1.macos64_1.1.0.202305231506/tools/bin/../lib/gcc/arm-none-eabi/11.3.1/../../../../arm-none-eabi/lib/thumb/v7e-m+fp/hard/libc_nano.a(libc_a-impure.o)
                              /Applications/STM32CubeIDE.app/Contents/Eclipse/plugins/com.st.stm32cube.ide.mcu.externaltools.gnu-tools-for-stm32.11.3.rel1.macos64_1.1.0.202305231506/tools/bin/../lib/gcc/arm-none-eabi/11.3.1/../../../../arm-none-eabi/lib/thumb/v7e-m+fp/hard/libc_nano.a(libc_a-sprintf.o) (_impure_ptr)
/Applications/STM32CubeIDE.app/Contents/Eclipse/plugins/com.st.stm32cube.ide.mcu.externaltools.gnu-tools-for-stm32.11.3.rel1.macos64_1.1.0.202305231506/tools/bin/../lib/gcc/arm-none-eabi/11.3.1/../../../../arm-none-eabi/lib/thumb/v7e-m+fp/hard/libc_nano.a(libc_a-errno.o)
                              ./Core/Src/syscalls.o (__errno)
/Applications/STM32CubeIDE.app/Contents/Eclipse/plugins/com.st.stm32cube.ide.mcu.externaltools.gnu-tools-for-stm32.11.3.rel1.macos64_1.1.0.202305231506/tools/bin/../lib/gcc/arm-none-eabi/11.3.1/../../../../arm-none-eabi/lib/thumb/v7e-m+fp/hard/libc_nano.a(libc_a-init.o)
                              /Applications/STM32CubeIDE.app/Contents/Eclipse/plugins/com.st.stm32cube.ide.mcu.externaltools.gnu-tools-for-stm32.11.3.rel1.macos64_1.1.0.202305231506/tools/bin/../lib/gcc/arm-none-eabi/11.3.1/../../../../arm-none-eabi/lib/thumb/v7e-m+fp/hard/crt0.o (__libc_init_array)
/Applications/STM32CubeIDE.app/Contents/Eclipse/plugins/com.st.stm32cube.ide.mcu.externaltools.gnu-tools-for-stm32.11.3.rel1.macos64_1.1.0.202305231506/tools/bin/../lib/gcc/arm-none-eabi/11.3.1/../../../../arm-none-eabi/lib/thumb/v7e-m+fp/hard/libc_nano.a(libc_a-lock.o)
[...]
Memory Configuration

Name             Origin             Length             Attributes
RAM              0x0000000020000000 0x0000000000050000 xrw
FLASH            0x0000000008000000 0x0000000000100000 xr
*default*        0x0000000000000000 0xffffffffffffffff

Linker script and memory map

LOAD /Applications/STM32CubeIDE.app/Contents/Eclipse/plugins/com.st.stm32cube.ide.mcu.externaltools.gnu-tools-for-stm32.11.3.rel1.macos64_1.1.0.202305231506/tools/bin/../lib/gcc/arm-none-eabi/11.3.1/thumb/v7e-m+fp/hard/crti.o
LOAD /Applications/STM32CubeIDE.app/Contents/Eclipse/plugins/com.st.stm32cube.ide.mcu.externaltools.gnu-tools-for-stm32.11.3.rel1.macos64_1.1.0.202305231506/tools/bin/../lib/gcc/arm-none-eabi/11.3.1/thumb/v7e-m+fp/hard/crtbegin.o
LOAD /Applications/STM32CubeIDE.app/Contents/Eclipse/plugins/com.st.stm32cube.ide.mcu.externaltools.gnu-tools-for-stm32.11.3.rel1.macos64_1.1.0.202305231506/tools/bin/../lib/gcc/arm-none-eabi/11.3.1/../../../../arm-none-eabi/lib/thumb/v7e-m+fp/hard/crt0.o
LOAD ./Core/Src/fonts.o
LOAD ./Core/Src/ili9163.o
LOAD ./Core/Src/main.o
LOAD ./Core/Src/stm32f7xx_hal_msp.o
LOAD ./Core/Src/stm32f7xx_it.o
LOAD ./Core/Src/syscalls.o
LOAD ./Core/Src/sysmem.o
LOAD ./Core/Src/system_stm32f7xx.o
LOAD ./Core/Startup/startup_stm32f746zgtx.o
LOAD ./Drivers/STM32F7xx_HAL_Driver/Src/stm32f7xx_hal 4.o
LOAD ./Drivers/STM32F7xx_HAL_Driver/Src/stm32f7xx_hal.o
LOAD ./Drivers/STM32F7xx_HAL_Driver/Src/stm32f7xx_hal_cortex 4.o
LOAD ./Drivers/STM32F7xx_HAL_Driver/Src/stm32f7xx_hal_cortex.o
LOAD ./Drivers/STM32F7xx_HAL_Driver/Src/stm32f7xx_hal_dma 4.o
LOAD ./Drivers/STM32F7xx_HAL_Driver/Src/stm32f7xx_hal_dma.o
LOAD ./Drivers/STM32F7xx_HAL_Driver/Src/stm32f7xx_hal_dma_ex 4.o
LOAD ./Drivers/STM32F7xx_HAL_Driver/Src/stm32f7xx_hal_dma_ex.o
LOAD ./Drivers/STM32F7xx_HAL_Driver/Src/stm32f7xx_hal_exti 4.o
LOAD ./Drivers/STM32F7xx_HAL_Driver/Src/stm32f7xx_hal_exti.o
LOAD ./Drivers/STM32F7xx_HAL_Driver/Src/stm32f7xx_hal_flash 4.o
LOAD ./Drivers/STM32F7xx_HAL_Driver/Src/stm32f7xx_hal_flash.o
LOAD ./Drivers/STM32F7xx_HAL_Driver/Src/stm32f7xx_hal_flash_ex 4.o
LOAD ./Drivers/STM32F7xx_HAL_Driver/Src/stm32f7xx_hal_flash_ex.o
LOAD ./Drivers/STM32F7xx_HAL_Driver/Src/stm32f7xx_hal_gpio 4.o
LOAD ./Drivers/STM32F7xx_HAL_Driver/Src/stm32f7xx_hal_gpio.o
LOAD ./Drivers/STM32F7xx_HAL_Driver/Src/stm32f7xx_hal_i2c 4.o
LOAD ./Drivers/STM32F7xx_HAL_Driver/Src/stm32f7xx_hal_i2c.o
LOAD ./Drivers/STM32F7xx_HAL_Driver/Src/stm32f7xx_hal_i2c_ex 4.o
LOAD ./Drivers/STM32F7xx_HAL_Driver/Src/stm32f7xx_hal_i2c_ex.o
LOAD ./Drivers/STM32F7xx_HAL_Driver/Src/stm32f7xx_hal_pcd 4.o
LOAD ./Drivers/STM32F7xx_HAL_Driver/Src/stm32f7xx_hal_pcd.o
LOAD ./Drivers/STM32F7xx_HAL_Driver/Src/stm32f7xx_hal_pcd_ex 4.o
LOAD ./Drivers/STM32F7xx_HAL_Driver/Src/stm32f7xx_hal_pcd_ex.o
LOAD ./Drivers/STM32F7xx_HAL_Driver/Src/stm32f7xx_hal_pwr 4.o
LOAD ./Drivers/STM32F7xx_HAL_Driver/Src/stm32f7xx_hal_pwr.o
LOAD ./Drivers/STM32F7xx_HAL_Driver/Src/stm32f7xx_hal_pwr_ex 4.o
LOAD ./Drivers/STM32F7xx_HAL_Driver/Src/stm32f7xx_hal_pwr_ex.o
LOAD ./Drivers/STM32F7xx_HAL_Driver/Src/stm32f7xx_hal_rcc 4.o
LOAD ./Drivers/STM32F7xx_HAL_Driver/Src/stm32f7xx_hal_rcc.o
LOAD ./Drivers/STM32F7xx_HAL_Driver/Src/stm32f7xx_hal_rcc_ex 4.o
LOAD ./Drivers/STM32F7xx_HAL_Driver/Src/stm32f7xx_hal_rcc_ex.o
LOAD ./Drivers/STM32F7xx_HAL_Driver/Src/stm32f7xx_hal_spi 4.o
LOAD ./Drivers/STM32F7xx_HAL_Driver/Src/stm32f7xx_hal_spi.o
LOAD ./Drivers/STM32F7xx_HAL_Driver/Src/stm32f7xx_hal_spi_ex 4.o
LOAD ./Drivers/STM32F7xx_HAL_Driver/Src/stm32f7xx_hal_spi_ex.o
LOAD ./Drivers/STM32F7xx_HAL_Driver/Src/stm32f7xx_hal_tim 4.o
LOAD ./Drivers/STM32F7xx_HAL_Driver/Src/stm32f7xx_hal_tim.o
LOAD ./Drivers/STM32F7xx_HAL_Driver/Src/stm32f7xx_hal_tim_ex 4.o
LOAD ./Drivers/STM32F7xx_HAL_Driver/Src/stm32f7xx_hal_tim_ex.o
LOAD ./Drivers/STM32F7xx_HAL_Driver/Src/stm32f7xx_hal_uart 4.o
LOAD ./Drivers/STM32F7xx_HAL_Driver/Src/stm32f7xx_hal_uart.o
LOAD ./Drivers/STM32F7xx_HAL_Driver/Src/stm32f7xx_hal_uart_ex 4.o
LOAD ./Drivers/STM32F7xx_HAL_Driver/Src/stm32f7xx_hal_uart_ex.o
LOAD ./Drivers/STM32F7xx_HAL_Driver/Src/stm32f7xx_ll_usb 4.o
LOAD ./Drivers/STM32F7xx_HAL_Driver/Src/stm32f7xx_ll_usb.o
START GROUP
LOAD /Applications/STM32CubeIDE.app/Contents/Eclipse/plugins/com.st.stm32cube.ide.mcu.externaltools.gnu-tools-for-stm32.11.3.rel1.macos64_1.1.0.202305231506/tools/bin/../lib/gcc/arm-none-eabi/11.3.1/../../../../arm-none-eabi/lib/thumb/v7e-m+fp/hard/libc_nano.a
LOAD /Applications/STM32CubeIDE.app/Contents/Eclipse/plugins/com.st.stm32cube.ide.mcu.externaltools.gnu-tools-for-stm32.11.3.rel1.macos64_1.1.0.202305231506/tools/bin/../lib/gcc/arm-none-eabi/11.3.1/../../../../arm-none-eabi/lib/thumb/v7e-m+fp/hard/libm.a
END GROUP
START GROUP
LOAD /Applications/STM32CubeIDE.app/Contents/Eclipse/plugins/com.st.stm32cube.ide.mcu.externaltools.gnu-tools-for-stm32.11.3.rel1.macos64_1.1.0.202305231506/tools/bin/../lib/gcc/arm-none-eabi/11.3.1/thumb/v7e-m+fp/hard/libgcc.a
LOAD /Applications/STM32CubeIDE.app/Contents/Eclipse/plugins/com.st.stm32cube.ide.mcu.externaltools.gnu-tools-for-stm32.11.3.rel1.macos64_1.1.0.202305231506/tools/bin/../lib/gcc/arm-none-eabi/11.3.1/../../../../arm-none-eabi/lib/thumb/v7e-m+fp/hard/libc_nano.a
END GROUP
START GROUP
LOAD /Applications/STM32CubeIDE.app/Contents/Eclipse/plugins/com.st.stm32cube.ide.mcu.externaltools.gnu-tools-for-stm32.11.3.rel1.macos64_1.1.0.202305231506/tools/bin/../lib/gcc/arm-none-eabi/11.3.1/thumb/v7e-m+fp/hard/libgcc.a
LOAD /Applications/STM32CubeIDE.app/Contents/Eclipse/plugins/com.st.stm32cube.ide.mcu.externaltools.gnu-tools-for-stm32.11.3.rel1.macos64_1.1.0.202305231506/tools/bin/../lib/gcc/arm-none-eabi/11.3.1/../../../../arm-none-eabi/lib/thumb/v7e-m+fp/hard/libc_nano.a
LOAD /Applications/STM32CubeIDE.app/Contents/Eclipse/plugins/com.st.stm32cube.ide.mcu.externaltools.gnu-tools-for-stm32.11.3.rel1.macos64_1.1.0.202305231506/tools/bin/../lib/gcc/arm-none-eabi/11.3.1/../../../../arm-none-eabi/lib/thumb/v7e-m+fp/hard/libnosys.a
END GROUP
START GROUP
LOAD /Applications/STM32CubeIDE.app/Contents/Eclipse/plugins/com.st.stm32cube.ide.mcu.externaltools.gnu-tools-for-stm32.11.3.rel1.macos64_1.1.0.202305231506/tools/bin/../lib/gcc/arm-none-eabi/11.3.1/thumb/v7e-m+fp/hard/libgcc.a
LOAD /Applications/STM32CubeIDE.app/Contents/Eclipse/plugins/com.st.stm32cube.ide.mcu.externaltools.gnu-tools-for-stm32.11.3.rel1.macos64_1.1.0.202305231506/tools/bin/../lib/gcc/arm-none-eabi/11.3.1/../../../../arm-none-eabi/lib/thumb/v7e-m+fp/hard/libc_nano.a
LOAD /Applications/STM32CubeIDE.app/Contents/Eclipse/plugins/com.st.stm32cube.ide.mcu.externaltools.gnu-tools-for-stm32.11.3.rel1.macos64_1.1.0.202305231506/tools/bin/../lib/gcc/arm-none-eabi/11.3.1/../../../../arm-none-eabi/lib/thumb/v7e-m+fp/hard/libnosys.a
END GROUP
LOAD /Applications/STM32CubeIDE.app/Contents/Eclipse/plugins/com.st.stm32cube.ide.mcu.externaltools.gnu-tools-for-stm32.11.3.rel1.macos64_1.1.0.202305231506/tools/bin/../lib/gcc/arm-none-eabi/11.3.1/thumb/v7e-m+fp/hard/crtend.o
LOAD /Applications/STM32CubeIDE.app/Contents/Eclipse/plugins/com.st.stm32cube.ide.mcu.externaltools.gnu-tools-for-stm32.11.3.rel1.macos64_1.1.0.202305231506/tools/bin/../lib/gcc/arm-none-eabi/11.3.1/thumb/v7e-m+fp/hard/crtn.o
                0x0000000020050000                _estack = (ORIGIN (RAM) + LENGTH (RAM))
                0x0000000000000200                _Min_Heap_Size = 0x200
                0x0000000000000400                _Min_Stack_Size = 0x400

.isr_vector     0x0000000008000000      0x1c8
                0x0000000008000000                . = ALIGN (0x4)
 *(.isr_vector)
 .isr_vector    0x0000000008000000      0x1c8 ./Core/Startup/startup_stm32f746zgtx.o
                0x0000000008000000                g_pfnVectors
                0x00000000080001c8                . = ALIGN (0x4)

.text           0x00000000080001d0     0x59d0
                0x00000000080001d0                . = ALIGN (0x4)
 *(.text)
 .text          0x00000000080001d0       0x40 /Applications/STM32CubeIDE.app/Contents/Eclipse/plugins/com.st.stm32cube.ide.mcu.externaltools.gnu-tools-for-stm32.11.3.rel1.macos64_1.1.0.202305231506/tools/bin/../lib/gcc/arm-none-eabi/11.3.1/thumb/v7e-m+fp/hard/crtbegin.o
 .text          0x0000000008000210       0xa0 /Applications/STM32CubeIDE.app/Contents/Eclipse/plugins/com.st.stm32cube.ide.mcu.externaltools.gnu-tools-for-stm32.11.3.rel1.macos64_1.1.0.202305231506/tools/bin/../lib/gcc/arm-none-eabi/11.3.1/../../../../arm-none-eabi/lib/thumb/v7e-m+fp/hard/libc_nano.a(libc_a-memchr.o)
                0x0000000008000210                memchr
 .text          0x00000000080002b0       0x30 /Applications/STM32CubeIDE.app/Contents/Eclipse/plugins/com.st.stm32cube.ide.mcu.externaltools.gnu-tools-for-stm32.11.3.rel1.macos64_1.1.0.202305231506/tools/bin/../lib/gcc/arm-none-eabi/11.3.1/thumb/v7e-m+fp/hard/libgcc.a(_aeabi_uldivmod.o)
                0x00000000080002b0                __aeabi_uldivmod
 .text          0x00000000080002e0      0x2c8 /Applications/STM32CubeIDE.app/Contents/Eclipse/plugins/com.st.stm32cube.ide.mcu.externaltools.gnu-tools-for-stm32.11.3.rel1.macos64_1.1.0.202305231506/tools/bin/../lib/gcc/arm-none-eabi/11.3.1/thumb/v7e-m+fp/hard/libgcc.a(_udivmoddi4.o)
                0x00000000080002e0                __udivmoddi4
 .text          0x00000000080005a8        0x4 /Applications/STM32CubeIDE.app/Contents/Eclipse/plugins/com.st.stm32cube.ide.mcu.externaltools.gnu-tools-for-stm32.11.3.rel1.macos64_1.1.0.202305231506/tools/bin/../lib/gcc/arm-none-eabi/11.3.1/thumb/v7e-m+fp/hard/libgcc.a(_dvmd_tls.o)
                0x00000000080005a8                __aeabi_ldiv0
                0x00000000080005a8                __aeabi_idiv0
 *(.text*)
 .text.ILI9163_writeCommand
                0x00000000080005ac       0x4c ./Core/Src/ili9163.o
                0x00000000080005ac                ILI9163_writeCommand
 .text.ILI9163_writeData
                0x00000000080005f8       0x4c ./Core/Src/ili9163.o
                0x00000000080005f8                ILI9163_writeData
 .text.ILI9163_writeData16
                0x0000000008000644       0x5c ./Core/Src/ili9163.o
                0x0000000008000644                ILI9163_writeData16
 .text.ILI9163_setAddress
                0x00000000080006a0       0x58 ./Core/Src/ili9163.o
                0x00000000080006a0                ILI9163_setAddress
 .text.ILI9163_reset
                0x00000000080006f8       0x30 ./Core/Src/ili9163.o
                0x00000000080006f8                ILI9163_reset
 .text.ILI9163_init
                0x0000000008000728      0x1d0 ./Core/Src/ili9163.o
                0x0000000008000728                ILI9163_init
 .text.ILI9163_newFrame
                0x00000000080008f8       0x38 ./Core/Src/ili9163.o
                0x00000000080008f8                ILI9163_newFrame
 .text.ILI9163_render
                0x0000000008000930       0x5c ./Core/Src/ili9163.o
                0x0000000008000930                ILI9163_render
 .text.ILI9163_drawPixel
                0x000000000800098c       0x48 ./Core/Src/ili9163.o
                0x000000000800098c                ILI9163_drawPixel
 .text.ILI9163_fillRect
                0x00000000080009d4       0x5c ./Core/Src/ili9163.o
                0x00000000080009d4                ILI9163_fillRect
 .text.ILI9163_drawRect
                0x0000000008000a30       0x86 ./Core/Src/ili9163.o
                0x0000000008000a30                ILI9163_drawRect
 .text.ILI9163_drawChar
                0x0000000008000ab6       0x96 ./Core/Src/ili9163.o
                0x0000000008000ab6                ILI9163_drawChar
 .text.ILI9163_drawString
                0x0000000008000b4c       0x82 ./Core/Src/ili9163.o
                0x0000000008000b4c                ILI9163_drawString
 .text.ILI9163_drawStringF
                0x0000000008000bce       0x4c ./Core/Src/ili9163.o
                0x0000000008000bce                ILI9163_drawStringF
 *fill*         0x0000000008000c1a        0x2 
 .text.main     0x0000000008000c1c       0xc0 ./Core/Src/main.o
                0x0000000008000c1c                main
 .text.SystemClock_Config
                0x0000000008000cdc       0xd0 ./Core/Src/main.o
                0x0000000008000cdc                SystemClock_Config
 .text.MX_SPI1_Init
                0x0000000008000dac       0x7c ./Core/Src/main.o
 .text.MX_USART3_UART_Init
                0x0000000008000e28       0x60 ./Core/Src/main.o
 .text.MX_USB_OTG_FS_PCD_Init
                0x0000000008000e88       0x5c ./Core/Src/main.o
 .text.MX_DMA_Init
                0x0000000008000ee4       0x3c ./Core/Src/main.o
 .text.MX_GPIO_Init
                0x0000000008000f20      0x1d4 ./Core/Src/main.o
 .text.HAL_SPI_TxCpltCallback
                0x00000000080010f4       0x40 ./Core/Src/main.o
                0x00000000080010f4                HAL_SPI_TxCpltCallback
 .text.Error_Handler
                0x0000000008001134        0xa ./Core/Src/main.o
                0x0000000008001134                Error_Handler
 *fill*         0x000000000800113e        0x2 
 .text.HAL_MspInit
                0x0000000008001140       0x48 ./Core/Src/stm32f7xx_hal_msp.o
                0x0000000008001140                HAL_MspInit
 .text.HAL_SPI_MspInit
                0x0000000008001188      0x13c ./Core/Src/stm32f7xx_hal_msp.o
                0x0000000008001188                HAL_SPI_MspInit
 .text.HAL_UART_MspInit
                0x00000000080012c4       0xc0 ./Core/Src/stm32f7xx_hal_msp.o
                0x00000000080012c4                HAL_UART_MspInit
 .text.HAL_PCD_MspInit
                0x0000000008001384       0xf4 ./Core/Src/stm32f7xx_hal_msp.o
                0x0000000008001384                HAL_PCD_MspInit
 .text.NMI_Handler
                0x0000000008001478        0x6 ./Core/Src/stm32f7xx_it.o
                0x0000000008001478                NMI_Handler
 .text.HardFault_Handler
                0x000000000800147e        0x6 ./Core/Src/stm32f7xx_it.o
                0x000000000800147e                HardFault_Handler
 .text.MemManage_Handler
                0x0000000008001484        0x6 ./Core/Src/stm32f7xx_it.o
                0x0000000008001484                MemManage_Handler
 .text.BusFault_Handler
                0x000000000800148a        0x6 ./Core/Src/stm32f7xx_it.o
                0x000000000800148a                BusFault_Handler
 .text.UsageFault_Handler
                0x0000000008001490        0x6 ./Core/Src/stm32f7xx_it.o
                0x0000000008001490                UsageFault_Handler
 .text.SVC_Handler
                0x0000000008001496        0xe ./Core/Src/stm32f7xx_it.o
                0x0000000008001496                SVC_Handler
 .text.DebugMon_Handler
                0x00000000080014a4        0xe ./Core/Src/stm32f7xx_it.o
                0x00000000080014a4                DebugMon_Handler
 .text.PendSV_Handler
                0x00000000080014b2        0xe ./Core/Src/stm32f7xx_it.o
                0x00000000080014b2                PendSV_Handler
 .text.SysTick_Handler
                0x00000000080014c0        0xc ./Core/Src/stm32f7xx_it.o
                0x00000000080014c0                SysTick_Handler
 .text.DMA2_Stream3_IRQHandler
                0x00000000080014cc       0x14 ./Core/Src/stm32f7xx_it.o
                0x00000000080014cc                DMA2_Stream3_IRQHandler
 .text._sbrk    0x00000000080014e0       0x6c ./Core/Src/sysmem.o
                0x00000000080014e0                _sbrk
 .text.SystemInit
                0x000000000800154c       0x24 ./Core/Src/system_stm32f7xx.o
                0x000000000800154c                SystemInit
 .text.Reset_Handler
                0x0000000008001570       0x50 ./Core/Startup/startup_stm32f746zgtx.o
                0x0000000008001570                Reset_Handler
 .text.Default_Handler
                0x00000000080015c0        0x2 ./Core/Startup/startup_stm32f746zgtx.o
                0x00000000080015c0                DMA1_Stream3_IRQHandler
                0x00000000080015c0                EXTI2_IRQHandler
                0x00000000080015c0                TIM8_CC_IRQHandler
                0x00000000080015c0                UART8_IRQHandler
                0x00000000080015c0                SPI4_IRQHandler
                0x00000000080015c0                TIM1_CC_IRQHandler
                0x00000000080015c0                DMA2_Stream5_IRQHandler
                0x00000000080015c0                DMA1_Stream5_IRQHandler
                0x00000000080015c0                PVD_IRQHandler
                0x00000000080015c0                TAMP_STAMP_IRQHandler
                0x00000000080015c0                CAN2_RX1_IRQHandler
                0x00000000080015c0                EXTI3_IRQHandler
                0x00000000080015c0                TIM8_TRG_COM_TIM14_IRQHandler
                0x00000000080015c0                TIM1_UP_TIM10_IRQHandler
                0x00000000080015c0                TIM8_UP_TIM13_IRQHandler
                0x00000000080015c0                I2C3_ER_IRQHandler
                0x00000000080015c0                EXTI0_IRQHandler
                0x00000000080015c0                I2C2_EV_IRQHandler
                0x00000000080015c0                DMA1_Stream2_IRQHandler
                0x00000000080015c0                CAN1_RX0_IRQHandler
                0x00000000080015c0                FPU_IRQHandler
                0x00000000080015c0                OTG_HS_WKUP_IRQHandler
                0x00000000080015c0                LTDC_ER_IRQHandler
                0x00000000080015c0                CAN2_SCE_IRQHandler
                0x00000000080015c0                DMA2_Stream2_IRQHandler
                0x00000000080015c0                SPI1_IRQHandler
                0x00000000080015c0                TIM6_DAC_IRQHandler
                0x00000000080015c0                TIM1_BRK_TIM9_IRQHandler
                0x00000000080015c0                DCMI_IRQHandler
                0x00000000080015c0                CAN2_RX0_IRQHandler
                0x00000000080015c0                SAI2_IRQHandler
                0x00000000080015c0                USART6_IRQHandler
                0x00000000080015c0                USART3_IRQHandler
                0x00000000080015c0                CAN1_RX1_IRQHandler
                0x00000000080015c0                UART5_IRQHandler
                0x00000000080015c0                DMA2_Stream0_IRQHandler
                0x00000000080015c0                TIM4_IRQHandler
                0x00000000080015c0                QUADSPI_IRQHandler
                0x00000000080015c0                I2C1_EV_IRQHandler
                0x00000000080015c0                DMA1_Stream6_IRQHandler
                0x00000000080015c0                DMA1_Stream1_IRQHandler
                0x00000000080015c0                UART4_IRQHandler
                0x00000000080015c0                TIM3_IRQHandler
                0x00000000080015c0                RCC_IRQHandler
                0x00000000080015c0                TIM8_BRK_TIM12_IRQHandler
                0x00000000080015c0                Default_Handler
                0x00000000080015c0                CEC_IRQHandler
                0x00000000080015c0                EXTI15_10_IRQHandler
                0x00000000080015c0                ADC_IRQHandler
                0x00000000080015c0                DMA1_Stream7_IRQHandler
                0x00000000080015c0                SPI5_IRQHandler
                0x00000000080015c0                TIM7_IRQHandler
                0x00000000080015c0                SDMMC1_IRQHandler
                0x00000000080015c0                CAN2_TX_IRQHandler
                0x00000000080015c0                TIM5_IRQHandler
                0x00000000080015c0                DMA2_Stream7_IRQHandler
                0x00000000080015c0                I2C3_EV_IRQHandler
                0x00000000080015c0                EXTI9_5_IRQHandler
                0x00000000080015c0                RTC_WKUP_IRQHandler
                0x00000000080015c0                LTDC_IRQHandler
                0x00000000080015c0                ETH_WKUP_IRQHandler
                0x00000000080015c0                SPDIF_RX_IRQHandler
                0x00000000080015c0                SPI2_IRQHandler
                0x00000000080015c0                OTG_HS_EP1_IN_IRQHandler
                0x00000000080015c0                DMA1_Stream0_IRQHandler
                0x00000000080015c0                CAN1_TX_IRQHandler
                0x00000000080015c0                EXTI4_IRQHandler
                0x00000000080015c0                RNG_IRQHandler
                0x00000000080015c0                ETH_IRQHandler
                0x00000000080015c0                OTG_HS_EP1_OUT_IRQHandler
                0x00000000080015c0                WWDG_IRQHandler
                0x00000000080015c0                SPI6_IRQHandler
                0x00000000080015c0                I2C4_EV_IRQHandler
                0x00000000080015c0                TIM2_IRQHandler
                0x00000000080015c0                OTG_FS_WKUP_IRQHandler
                0x00000000080015c0                TIM1_TRG_COM_TIM11_IRQHandler
                0x00000000080015c0                OTG_HS_IRQHandler
                0x00000000080015c0                DMA2D_IRQHandler
                0x00000000080015c0                EXTI1_IRQHandler
                0x00000000080015c0                UART7_IRQHandler
                0x00000000080015c0                USART2_IRQHandler
                0x00000000080015c0                I2C2_ER_IRQHandler
                0x00000000080015c0                DMA2_Stream1_IRQHandler
                0x00000000080015c0                CAN1_SCE_IRQHandler
                0x00000000080015c0                FLASH_IRQHandler
                0x00000000080015c0                DMA2_Stream4_IRQHandler
                0x00000000080015c0                USART1_IRQHandler
                0x00000000080015c0                OTG_FS_IRQHandler
                0x00000000080015c0                SPI3_IRQHandler
                0x00000000080015c0                DMA1_Stream4_IRQHandler
                0x00000000080015c0                I2C1_ER_IRQHandler
                0x00000000080015c0                FMC_IRQHandler
                0x00000000080015c0                LPTIM1_IRQHandler
                0x00000000080015c0                I2C4_ER_IRQHandler
                0x00000000080015c0                DMA2_Stream6_IRQHandler
                0x00000000080015c0                SAI1_IRQHandler
                0x00000000080015c0                RTC_Alarm_IRQHandler
 .text.HAL_Init
                0x00000000080015c2       0x1a ./Drivers/STM32F7xx_HAL_Driver/Src/stm32f7xx_hal 4.o
                0x00000000080015c2                HAL_Init
 .text.HAL_InitTick
                0x00000000080015dc       0x60 ./Drivers/STM32F7xx_HAL_Driver/Src/stm32f7xx_hal 4.o
                0x00000000080015dc                HAL_InitTick
 .text.HAL_IncTick
                0x000000000800163c       0x28 ./Drivers/STM32F7xx_HAL_Driver/Src/stm32f7xx_hal 4.o
                0x000000000800163c                HAL_IncTick
 .text.HAL_GetTick
                0x0000000008001664       0x18 ./Drivers/STM32F7xx_HAL_Driver/Src/stm32f7xx_hal 4.o
                0x0000000008001664                HAL_GetTick
 .text.HAL_Delay
                0x000000000800167c       0x48 ./Drivers/STM32F7xx_HAL_Driver/Src/stm32f7xx_hal 4.o
                0x000000000800167c                HAL_Delay
 .text.__NVIC_SetPriorityGrouping
                0x00000000080016c4       0x48 ./Drivers/STM32F7xx_HAL_Driver/Src/stm32f7xx_hal_cortex 4.o
 .text.__NVIC_GetPriorityGrouping
                0x000000000800170c       0x1c ./Drivers/STM32F7xx_HAL_Driver/Src/stm32f7xx_hal_cortex 4.o
 .text.__NVIC_EnableIRQ
                0x0000000008001728       0x3c ./Drivers/STM32F7xx_HAL_Driver/Src/stm32f7xx_hal_cortex 4.o
 .text.__NVIC_SetPriority
                0x0000000008001764       0x54 ./Drivers/STM32F7xx_HAL_Driver/Src/stm32f7xx_hal_cortex 4.o
 .text.NVIC_EncodePriority
                0x00000000080017b8       0x66 ./Drivers/STM32F7xx_HAL_Driver/Src/stm32f7xx_hal_cortex 4.o
 *fill*         0x000000000800181e        0x2 
 .text.SysTick_Config
                0x0000000008001820       0x44 ./Drivers/STM32F7xx_HAL_Driver/Src/stm32f7xx_hal_cortex 4.o
 .text.HAL_NVIC_SetPriorityGrouping
                0x0000000008001864       0x16 ./Drivers/STM32F7xx_HAL_Driver/Src/stm32f7xx_hal_cortex 4.o
                0x0000000008001864                HAL_NVIC_SetPriorityGrouping
 .text.HAL_NVIC_SetPriority
                0x000000000800187a       0x38 ./Drivers/STM32F7xx_HAL_Driver/Src/stm32f7xx_hal_cortex 4.o
                0x000000000800187a                HAL_NVIC_SetPriority
 .text.HAL_NVIC_EnableIRQ
                0x00000000080018b2       0x1c ./Drivers/STM32F7xx_HAL_Driver/Src/stm32f7xx_hal_cortex 4.o
                0x00000000080018b2                HAL_NVIC_EnableIRQ
 .text.HAL_SYSTICK_Config
                0x00000000080018ce       0x18 ./Drivers/STM32F7xx_HAL_Driver/Src/stm32f7xx_hal_cortex 4.o
                0x00000000080018ce                HAL_SYSTICK_Config
 *fill*         0x00000000080018e6        0x2 
 .text.HAL_DMA_Init
                0x00000000080018e8      0x15c ./Drivers/STM32F7xx_HAL_Driver/Src/stm32f7xx_hal_dma 4.o
                0x00000000080018e8                HAL_DMA_Init
 .text.HAL_DMA_Start_IT
                0x0000000008001a44       0xc0 ./Drivers/STM32F7xx_HAL_Driver/Src/stm32f7xx_hal_dma 4.o
                0x0000000008001a44                HAL_DMA_Start_IT
 .text.HAL_DMA_Abort
                0x0000000008001b04       0xe0 ./Drivers/STM32F7xx_HAL_Driver/Src/stm32f7xx_hal_dma 4.o
                0x0000000008001b04                HAL_DMA_Abort
 .text.HAL_DMA_IRQHandler
                0x0000000008001be4      0x314 ./Drivers/STM32F7xx_HAL_Driver/Src/stm32f7xx_hal_dma 4.o
                0x0000000008001be4                HAL_DMA_IRQHandler
 .text.DMA_SetConfig
                0x0000000008001ef8       0x5c ./Drivers/STM32F7xx_HAL_Driver/Src/stm32f7xx_hal_dma 4.o
 .text.DMA_CalcBaseAndBitshift
                0x0000000008001f54       0x6c ./Drivers/STM32F7xx_HAL_Driver/Src/stm32f7xx_hal_dma 4.o
 .text.DMA_CheckFifoParam
                0x0000000008001fc0       0xf8 ./Drivers/STM32F7xx_HAL_Driver/Src/stm32f7xx_hal_dma 4.o
 .text.HAL_GPIO_Init
                0x00000000080020b8      0x358 ./Drivers/STM32F7xx_HAL_Driver/Src/stm32f7xx_hal_gpio 4.o
                0x00000000080020b8                HAL_GPIO_Init
 .text.HAL_GPIO_WritePin
                0x0000000008002410       0x32 ./Drivers/STM32F7xx_HAL_Driver/Src/stm32f7xx_hal_gpio 4.o
                0x0000000008002410                HAL_GPIO_WritePin
 .text.HAL_PCD_Init
                0x0000000008002442      0x248 ./Drivers/STM32F7xx_HAL_Driver/Src/stm32f7xx_hal_pcd 4.o
                0x0000000008002442                HAL_PCD_Init
 *fill*         0x000000000800268a        0x2 
 .text.HAL_PCDEx_ActivateLPM
                0x000000000800268c       0x48 ./Drivers/STM32F7xx_HAL_Driver/Src/stm32f7xx_hal_pcd_ex 4.o
                0x000000000800268c                HAL_PCDEx_ActivateLPM
 .text.HAL_PWR_EnableBkUpAccess
                0x00000000080026d4       0x20 ./Drivers/STM32F7xx_HAL_Driver/Src/stm32f7xx_hal_pwr 4.o
                0x00000000080026d4                HAL_PWR_EnableBkUpAccess
 .text.HAL_RCC_OscConfig
                0x00000000080026f4      0x548 ./Drivers/STM32F7xx_HAL_Driver/Src/stm32f7xx_hal_rcc 4.o
                0x00000000080026f4                HAL_RCC_OscConfig
 .text.HAL_RCC_ClockConfig
                0x0000000008002c3c      0x1d8 ./Drivers/STM32F7xx_HAL_Driver/Src/stm32f7xx_hal_rcc 4.o
                0x0000000008002c3c                HAL_RCC_ClockConfig
 .text.HAL_RCC_GetSysClockFreq
                0x0000000008002e14      0x20c ./Drivers/STM32F7xx_HAL_Driver/Src/stm32f7xx_hal_rcc 4.o
                0x0000000008002e14                HAL_RCC_GetSysClockFreq
 .text.HAL_RCC_GetHCLKFreq
                0x0000000008003020       0x18 ./Drivers/STM32F7xx_HAL_Driver/Src/stm32f7xx_hal_rcc 4.o
                0x0000000008003020                HAL_RCC_GetHCLKFreq
 .text.HAL_RCC_GetPCLK1Freq
                0x0000000008003038       0x28 ./Drivers/STM32F7xx_HAL_Driver/Src/stm32f7xx_hal_rcc 4.o
                0x0000000008003038                HAL_RCC_GetPCLK1Freq
 .text.HAL_RCC_GetPCLK2Freq
                0x0000000008003060       0x28 ./Drivers/STM32F7xx_HAL_Driver/Src/stm32f7xx_hal_rcc 4.o
                0x0000000008003060                HAL_RCC_GetPCLK2Freq
 .text.HAL_RCCEx_PeriphCLKConfig
                0x0000000008003088      0x7e0 ./Drivers/STM32F7xx_HAL_Driver/Src/stm32f7xx_hal_rcc_ex 4.o
                0x0000000008003088                HAL_RCCEx_PeriphCLKConfig
 .text.HAL_SPI_Init
                0x0000000008003868      0x156 ./Drivers/STM32F7xx_HAL_Driver/Src/stm32f7xx_hal_spi 4.o
                0x0000000008003868                HAL_SPI_Init
 .text.HAL_SPI_Transmit
                0x00000000080039be      0x2dc ./Drivers/STM32F7xx_HAL_Driver/Src/stm32f7xx_hal_spi 4.o
                0x00000000080039be                HAL_SPI_Transmit
 *fill*         0x0000000008003c9a        0x2 
 .text.HAL_SPI_Transmit_DMA
                0x0000000008003c9c      0x1e8 ./Drivers/STM32F7xx_HAL_Driver/Src/stm32f7xx_hal_spi 4.o
                0x0000000008003c9c                HAL_SPI_Transmit_DMA
 .text.HAL_SPI_DMAStop
                0x0000000008003e84       0x7e ./Drivers/STM32F7xx_HAL_Driver/Src/stm32f7xx_hal_spi 4.o
                0x0000000008003e84                HAL_SPI_DMAStop
 .text.HAL_SPI_TxHalfCpltCallback
                0x0000000008003f02       0x14 ./Drivers/STM32F7xx_HAL_Driver/Src/stm32f7xx_hal_spi 4.o
                0x0000000008003f02                HAL_SPI_TxHalfCpltCallback
 .text.HAL_SPI_ErrorCallback
                0x0000000008003f16       0x14 ./Drivers/STM32F7xx_HAL_Driver/Src/stm32f7xx_hal_spi 4.o
                0x0000000008003f16                HAL_SPI_ErrorCallback
 .text.SPI_DMATransmitCplt
                0x0000000008003f2a       0xa8 ./Drivers/STM32F7xx_HAL_Driver/Src/stm32f7xx_hal_spi 4.o
 .text.SPI_DMAHalfTransmitCplt
                0x0000000008003fd2       0x1c ./Drivers/STM32F7xx_HAL_Driver/Src/stm32f7xx_hal_spi 4.o
 .text.SPI_DMAError
                0x0000000008003fee       0x40 ./Drivers/STM32F7xx_HAL_Driver/Src/stm32f7xx_hal_spi 4.o
 *fill*         0x000000000800402e        0x2 
 .text.SPI_WaitFlagStateUntilTimeout
                0x0000000008004030      0x110 ./Drivers/STM32F7xx_HAL_Driver/Src/stm32f7xx_hal_spi 4.o
 .text.SPI_WaitFifoStateUntilTimeout
                0x0000000008004140      0x12c ./Drivers/STM32F7xx_HAL_Driver/Src/stm32f7xx_hal_spi 4.o
 .text.SPI_EndRxTxTransaction
                0x000000000800426c       0xd4 ./Drivers/STM32F7xx_HAL_Driver/Src/stm32f7xx_hal_spi 4.o
 .text.HAL_UART_Init
                0x0000000008004340       0x9c ./Drivers/STM32F7xx_HAL_Driver/Src/stm32f7xx_hal_uart 4.o
                0x0000000008004340                HAL_UART_Init
 .text.UART_SetConfig
                0x00000000080043dc      0x4c8 ./Drivers/STM32F7xx_HAL_Driver/Src/stm32f7xx_hal_uart 4.o
                0x00000000080043dc                UART_SetConfig
 .text.UART_AdvFeatureConfig
                0x00000000080048a4      0x144 ./Drivers/STM32F7xx_HAL_Driver/Src/stm32f7xx_hal_uart 4.o
                0x00000000080048a4                UART_AdvFeatureConfig
 .text.UART_CheckIdleState
                0x00000000080049e8       0x6e ./Drivers/STM32F7xx_HAL_Driver/Src/stm32f7xx_hal_uart 4.o
                0x00000000080049e8                UART_CheckIdleState
 .text.UART_WaitOnFlagUntilTimeout
                0x0000000008004a56      0x18c ./Drivers/STM32F7xx_HAL_Driver/Src/stm32f7xx_hal_uart 4.o
                0x0000000008004a56                UART_WaitOnFlagUntilTimeout
 *fill*         0x0000000008004be2        0x2 
 .text.USB_CoreInit
                0x0000000008004be4       0xb0 ./Drivers/STM32F7xx_HAL_Driver/Src/stm32f7xx_ll_usb 4.o
                0x0000000008004be4                USB_CoreInit
 .text.USB_DisableGlobalInt
                0x0000000008004c94       0x22 ./Drivers/STM32F7xx_HAL_Driver/Src/stm32f7xx_ll_usb 4.o
                0x0000000008004c94                USB_DisableGlobalInt
 .text.USB_SetCurrentMode
                0x0000000008004cb6       0x98 ./Drivers/STM32F7xx_HAL_Driver/Src/stm32f7xx_ll_usb 4.o
                0x0000000008004cb6                USB_SetCurrentMode
 *fill*         0x0000000008004d4e        0x2 
 .text.USB_DevInit
                0x0000000008004d50      0x2bc ./Drivers/STM32F7xx_HAL_Driver/Src/stm32f7xx_ll_usb 4.o
                0x0000000008004d50                USB_DevInit
 .text.USB_FlushTxFifo
                0x000000000800500c       0x68 ./Drivers/STM32F7xx_HAL_Driver/Src/stm32f7xx_ll_usb 4.o
                0x000000000800500c                USB_FlushTxFifo
 .text.USB_FlushRxFifo
                0x0000000008005074       0x60 ./Drivers/STM32F7xx_HAL_Driver/Src/stm32f7xx_ll_usb 4.o
                0x0000000008005074                USB_FlushRxFifo
 .text.USB_SetDevSpeed
                0x00000000080050d4       0x32 ./Drivers/STM32F7xx_HAL_Driver/Src/stm32f7xx_ll_usb 4.o
                0x00000000080050d4                USB_SetDevSpeed
 .text.USB_DevDisconnect
                0x0000000008005106       0x42 ./Drivers/STM32F7xx_HAL_Driver/Src/stm32f7xx_ll_usb 4.o
                0x0000000008005106                USB_DevDisconnect
 .text.USB_GetMode
                0x0000000008005148       0x1c ./Drivers/STM32F7xx_HAL_Driver/Src/stm32f7xx_ll_usb 4.o
                0x0000000008005148                USB_GetMode
 .text.USB_CoreReset
                0x0000000008005164       0x68 ./Drivers/STM32F7xx_HAL_Driver/Src/stm32f7xx_ll_usb 4.o
 .text.sprintf  0x00000000080051cc       0x40 /Applications/STM32CubeIDE.app/Contents/Eclipse/plugins/com.st.stm32cube.ide.mcu.externaltools.gnu-tools-for-stm32.11.3.rel1.macos64_1.1.0.202305231506/tools/bin/../lib/gcc/arm-none-eabi/11.3.1/../../../../arm-none-eabi/lib/thumb/v7e-m+fp/hard/libc_nano.a(libc_a-sprintf.o)
                0x00000000080051cc                sprintf
                0x00000000080051cc                siprintf
 .text._vsnprintf_r
                0x000000000800520c       0x56 /Applications/STM32CubeIDE.app/Contents/Eclipse/plugins/com.st.stm32cube.ide.mcu.externaltools.gnu-tools-for-stm32.11.3.rel1.macos64_1.1.0.202305231506/tools/bin/../lib/gcc/arm-none-eabi/11.3.1/../../../../arm-none-eabi/lib/thumb/v7e-m+fp/hard/libc_nano.a(libc_a-vsnprintf.o)
                0x000000000800520c                _vsnprintf_r
                0x000000000800520c                _vsniprintf_r
 *fill*         0x0000000008005262        0x2 
 .text.vsnprintf
                0x0000000008005264       0x1c /Applications/STM32CubeIDE.app/Contents/Eclipse/plugins/com.st.stm32cube.ide.mcu.externaltools.gnu-tools-for-stm32.11.3.rel1.macos64_1.1.0.202305231506/tools/bin/../lib/gcc/arm-none-eabi/11.3.1/../../../../arm-none-eabi/lib/thumb/v7e-m+fp/hard/libc_nano.a(libc_a-vsnprintf.o)
                0x0000000008005264                vsnprintf
                0x0000000008005264                vsniprintf
 .text.memset   0x0000000008005280       0x10 /Applications/STM32CubeIDE.app/Contents/Eclipse/plugins/com.st.stm32cube.ide.mcu.externaltools.gnu-tools-for-stm32.11.3.rel1.macos64_1.1.0.202305231506/tools/bin/../lib/gcc/arm-none-eabi/11.3.1/../../../../arm-none-eabi/lib/thumb/v7e-m+fp/hard/libc_nano.a(libc_a-memset.o)
                0x0000000008005280                memset
 .text.__errno  0x0000000008005290        0xc /Applications/STM32CubeIDE.app/Contents/Eclipse/plugins/com.st.stm32cube.ide.mcu.externaltools.gnu-tools-for-stm32.11.3.rel1.macos64_1.1.0.202305231506/tools/bin/../lib/gcc/arm-none-eabi/11.3.1/../../../../arm-none-eabi/lib/thumb/v7e-m+fp/hard/libc_nano.a(libc_a-errno.o)
                0x0000000008005290                __errno
 .text.__libc_init_array
                0x000000000800529c       0x48 /Applications/STM32CubeIDE.app/Contents/Eclipse/plugins/com.st.stm32cube.ide.mcu.externaltools.gnu-tools-for-stm32.11.3.rel1.macos64_1.1.0.202305231506/tools/bin/../lib/gcc/arm-none-eabi/11.3.1/../../../../arm-none-eabi/lib/thumb/v7e-m+fp/hard/libc_nano.a(libc_a-init.o)
                0x000000000800529c                __libc_init_array
 .text.__retarget_lock_acquire_recursive
                0x00000000080052e4        0x2 /Applications/STM32CubeIDE.app/Contents/Eclipse/plugins/com.st.stm32cube.ide.mcu.externaltools.gnu-tools-for-stm32.11.3.rel1.macos64_1.1.0.202305231506/tools/bin/../lib/gcc/arm-none-eabi/11.3.1/../../../../arm-none-eabi/lib/thumb/v7e-m+fp/hard/libc_nano.a(libc_a-lock.o)
                0x00000000080052e4                __retarget_lock_acquire_recursive
 .text.__retarget_lock_release_recursive
                0x00000000080052e6        0x2 /Applications/STM32CubeIDE.app/Contents/Eclipse/plugins/com.st.stm32cube.ide.mcu.externaltools.gnu-tools-for-stm32.11.3.rel1.macos64_1.1.0.202305231506/tools/bin/../lib/gcc/arm-none-eabi/11.3.1/../../../../arm-none-eabi/lib/thumb/v7e-m+fp/hard/libc_nano.a(libc_a-lock.o)
                0x00000000080052e6                __retarget_lock_release_recursive
 .text.__ssputs_r
                0x00000000080052e8       0xb4 /Applications/STM32CubeIDE.app/Contents/Eclipse/plugins/com.st.stm32cube.ide.mcu.externaltools.gnu-tools-for-stm32.11.3.rel1.macos64_1.1.0.202305231506/tools/bin/../lib/gcc/arm-none-eabi/11.3.1/../../../../arm-none-eabi/lib/thumb/v7e-m+fp/hard/libc_nano.a(libc_a-nano-svfprintf.o)
                0x00000000080052e8                __ssputs_r
 .text._svfprintf_r
                0x000000000800539c      0x1fc /Applications/STM32CubeIDE.app/Contents/Eclipse/plugins/com.st.stm32cube.ide.mcu.externaltools.gnu-tools-for-stm32.11.3.rel1.macos64_1.1.0.202305231506/tools/bin/../lib/gcc/arm-none-eabi/11.3.1/../../../../arm-none-eabi/lib/thumb/v7e-m+fp/hard/libc_nano.a(libc_a-nano-svfprintf.o)
                0x000000000800539c                _svfprintf_r
                0x000000000800539c                _svfiprintf_r
 .text.sbrk_aligned
                0x0000000008005598       0x40 /Applications/STM32CubeIDE.app/Contents/Eclipse/plugins/com.st.stm32cube.ide.mcu.externaltools.gnu-tools-for-stm32.11.3.rel1.macos64_1.1.0.202305231506/tools/bin/../lib/gcc/arm-none-eabi/11.3.1/../../../../arm-none-eabi/lib/thumb/v7e-m+fp/hard/libc_nano.a(libc_a-mallocr.o)
 .text._malloc_r
                0x00000000080055d8      0x100 /Applications/STM32CubeIDE.app/Contents/Eclipse/plugins/com.st.stm32cube.ide.mcu.externaltools.gnu-tools-for-stm32.11.3.rel1.macos64_1.1.0.202305231506/tools/bin/../lib/gcc/arm-none-eabi/11.3.1/../../../../arm-none-eabi/lib/thumb/v7e-m+fp/hard/libc_nano.a(libc_a-mallocr.o)
                0x00000000080055d8                _malloc_r
 .text._printf_common
                0x00000000080056d8       0xda /Applications/STM32CubeIDE.app/Contents/Eclipse/plugins/com.st.stm32cube.ide.mcu.externaltools.gnu-tools-for-stm32.11.3.rel1.macos64_1.1.0.202305231506/tools/bin/../lib/gcc/arm-none-eabi/11.3.1/../../../../arm-none-eabi/lib/thumb/v7e-m+fp/hard/libc_nano.a(libc_a-nano-vfprintf_i.o)
                0x00000000080056d8                _printf_common
 *fill*         0x00000000080057b2        0x2 
 .text._printf_i
                0x00000000080057b4      0x244 /Applications/STM32CubeIDE.app/Contents/Eclipse/plugins/com.st.stm32cube.ide.mcu.externaltools.gnu-tools-for-stm32.11.3.rel1.macos64_1.1.0.202305231506/tools/bin/../lib/gcc/arm-none-eabi/11.3.1/../../../../arm-none-eabi/lib/thumb/v7e-m+fp/hard/libc_nano.a(libc_a-nano-vfprintf_i.o)
                0x00000000080057b4                _printf_i
 .text.__malloc_lock
                0x00000000080059f8        0xc /Applications/STM32CubeIDE.app/Contents/Eclipse/plugins/com.st.stm32cube.ide.mcu.externaltools.gnu-tools-for-stm32.11.3.rel1.macos64_1.1.0.202305231506/tools/bin/../lib/gcc/arm-none-eabi/11.3.1/../../../../arm-none-eabi/lib/thumb/v7e-m+fp/hard/libc_nano.a(libc_a-mlock.o)
                0x00000000080059f8                __malloc_lock
 .text.__malloc_unlock
                0x0000000008005a04        0xc /Applications/STM32CubeIDE.app/Contents/Eclipse/plugins/com.st.stm32cube.ide.mcu.externaltools.gnu-tools-for-stm32.11.3.rel1.macos64_1.1.0.202305231506/tools/bin/../lib/gcc/arm-none-eabi/11.3.1/../../../../arm-none-eabi/lib/thumb/v7e-m+fp/hard/libc_nano.a(libc_a-mlock.o)
                0x0000000008005a04                __malloc_unlock
 .text._realloc_r
                0x0000000008005a10       0x5e /Applications/STM32CubeIDE.app/Contents/Eclipse/plugins/com.st.stm32cube.ide.mcu.externaltools.gnu-tools-for-stm32.11.3.rel1.macos64_1.1.0.202305231506/tools/bin/../lib/gcc/arm-none-eabi/11.3.1/../../../../arm-none-eabi/lib/thumb/v7e-m+fp/hard/libc_nano.a(libc_a-reallocr.o)
                0x0000000008005a10                _realloc_r
 .text.memmove  0x0000000008005a6e       0x34 /Applications/STM32CubeIDE.app/Contents/Eclipse/plugins/com.st.stm32cube.ide.mcu.externaltools.gnu-tools-for-stm32.11.3.rel1.macos64_1.1.0.202305231506/tools/bin/../lib/gcc/arm-none-eabi/11.3.1/../../../../arm-none-eabi/lib/thumb/v7e-m+fp/hard/libc_nano.a(libc_a-memmove.o)
                0x0000000008005a6e                memmove
 *fill*         0x0000000008005aa2        0x2 
 .text._sbrk_r  0x0000000008005aa4       0x20 /Applications/STM32CubeIDE.app/Contents/Eclipse/plugins/com.st.stm32cube.ide.mcu.externaltools.gnu-tools-for-stm32.11.3.rel1.macos64_1.1.0.202305231506/tools/bin/../lib/gcc/arm-none-eabi/11.3.1/../../../../arm-none-eabi/lib/thumb/v7e-m+fp/hard/libc_nano.a(libc_a-sbrkr.o)
                0x0000000008005aa4                _sbrk_r
 .text.memcpy   0x0000000008005ac4       0x1c /Applications/STM32CubeIDE.app/Contents/Eclipse/plugins/com.st.stm32cube.ide.mcu.externaltools.gnu-tools-for-stm32.11.3.rel1.macos64_1.1.0.202305231506/tools/bin/../lib/gcc/arm-none-eabi/11.3.1/../../../../arm-none-eabi/lib/thumb/v7e-m+fp/hard/libc_nano.a(libc_a-memcpy-stub.o)
                0x0000000008005ac4                memcpy
 .text._free_r  0x0000000008005ae0       0x98 /Applications/STM32CubeIDE.app/Contents/Eclipse/plugins/com.st.stm32cube.ide.mcu.externaltools.gnu-tools-for-stm32.11.3.rel1.macos64_1.1.0.202305231506/tools/bin/../lib/gcc/arm-none-eabi/11.3.1/../../../../arm-none-eabi/lib/thumb/v7e-m+fp/hard/libc_nano.a(libc_a-freer.o)
                0x0000000008005ae0                _free_r
 .text._malloc_usable_size_r
                0x0000000008005b78       0x10 /Applications/STM32CubeIDE.app/Contents/Eclipse/plugins/com.st.stm32cube.ide.mcu.externaltools.gnu-tools-for-stm32.11.3.rel1.macos64_1.1.0.202305231506/tools/bin/../lib/gcc/arm-none-eabi/11.3.1/../../../../arm-none-eabi/lib/thumb/v7e-m+fp/hard/libc_nano.a(libc_a-msizer.o)
                0x0000000008005b78                _malloc_usable_size_r
 *(.glue_7)
 .glue_7        0x0000000008005b88        0x0 linker stubs
 *(.glue_7t)
 .glue_7t       0x0000000008005b88        0x0 linker stubs
 *(.eh_frame)
 .eh_frame      0x0000000008005b88        0x0 /Applications/STM32CubeIDE.app/Contents/Eclipse/plugins/com.st.stm32cube.ide.mcu.externaltools.gnu-tools-for-stm32.11.3.rel1.macos64_1.1.0.202305231506/tools/bin/../lib/gcc/arm-none-eabi/11.3.1/thumb/v7e-m+fp/hard/crtbegin.o
 *(.init)
 .init          0x0000000008005b88        0x4 /Applications/STM32CubeIDE.app/Contents/Eclipse/plugins/com.st.stm32cube.ide.mcu.externaltools.gnu-tools-for-stm32.11.3.rel1.macos64_1.1.0.202305231506/tools/bin/../lib/gcc/arm-none-eabi/11.3.1/thumb/v7e-m+fp/hard/crti.o
                0x0000000008005b88                _init
 .init          0x0000000008005b8c        0x8 /Applications/STM32CubeIDE.app/Contents/Eclipse/plugins/com.st.stm32cube.ide.mcu.externaltools.gnu-tools-for-stm32.11.3.rel1.macos64_1.1.0.202305231506/tools/bin/../lib/gcc/arm-none-eabi/11.3.1/thumb/v7e-m+fp/hard/crtn.o
 *(.fini)
 .fini          0x0000000008005b94        0x4 /Applications/STM32CubeIDE.app/Contents/Eclipse/plugins/com.st.stm32cube.ide.mcu.externaltools.gnu-tools-for-stm32.11.3.rel1.macos64_1.1.0.202305231506/tools/bin/../lib/gcc/arm-none-eabi/11.3.1/thumb/v7e-m+fp/hard/crti.o
                0x0000000008005b94                _fini
 .fini          0x0000000008005b98        0x8 /Applications/STM32CubeIDE.app/Contents/Eclipse/plugins/com.st.stm32cube.ide.mcu.externaltools.gnu-tools-for-stm32.11.3.rel1.macos64_1.1.0.202305231506/tools/bin/../lib/gcc/arm-none-eabi/11.3.1/thumb/v7e-m+fp/hard/crtn.o
                0x0000000008005ba0                . = ALIGN (0x4)
                0x0000000008005ba0                _etext = .

.vfp11_veneer   0x0000000008005ba0        0x0
 .vfp11_veneer  0x0000000008005ba0        0x0 linker stubs

.v4_bx          0x0000000008005ba0        0x0
 .v4_bx         0x0000000008005ba0        0x0 linker stubs

.iplt           0x0000000008005ba0        0x0
 .iplt          0x0000000008005ba0        0x0 /Applications/STM32CubeIDE.app/Contents/Eclipse/plugins/com.st.stm32cube.ide.mcu.externaltools.gnu-tools-for-stm32.11.3.rel1.macos64_1.1.0.202305231506/tools/bin/../lib/gcc/arm-none-eabi/11.3.1/thumb/v7e-m+fp/hard/crtbegin.o

.rodata         0x0000000008005ba0     0x1b1c
                0x0000000008005ba0                . = ALIGN (0x4)
 *(.rodata)
 .rodata        0x0000000008005ba0       0x10 ./Core/Src/main.o
 *(.rodata*)
 .rodata.Font7x10
                0x0000000008005bb0      0x76c ./Core/Src/fonts.o
 .rodata.Font16x26
                0x000000000800631c     0x134c ./Core/Src/fonts.o
 .rodata.AHBPrescTable
                0x0000000008007668       0x10 ./Core/Src/system_stm32f7xx.o
                0x0000000008007668                AHBPrescTable
 .rodata.APBPrescTable
                0x0000000008007678        0x8 ./Core/Src/system_stm32f7xx.o
                0x0000000008007678                APBPrescTable
 .rodata.flagBitshiftOffset.0
                0x0000000008007680        0x8 ./Drivers/STM32F7xx_HAL_Driver/Src/stm32f7xx_hal_dma 4.o
 .rodata._svfprintf_r.str1.1
                0x0000000008007688       0x11 /Applications/STM32CubeIDE.app/Contents/Eclipse/plugins/com.st.stm32cube.ide.mcu.externaltools.gnu-tools-for-stm32.11.3.rel1.macos64_1.1.0.202305231506/tools/bin/../lib/gcc/arm-none-eabi/11.3.1/../../../../arm-none-eabi/lib/thumb/v7e-m+fp/hard/libc_nano.a(libc_a-nano-svfprintf.o)
 .rodata._printf_i.str1.1
                0x0000000008007699       0x22 /Applications/STM32CubeIDE.app/Contents/Eclipse/plugins/com.st.stm32cube.ide.mcu.externaltools.gnu-tools-for-stm32.11.3.rel1.macos64_1.1.0.202305231506/tools/bin/../lib/gcc/arm-none-eabi/11.3.1/../../../../arm-none-eabi/lib/thumb/v7e-m+fp/hard/libc_nano.a(libc_a-nano-vfprintf_i.o)
                0x00000000080076bc                . = ALIGN (0x4)
 *fill*         0x00000000080076bb        0x1 

.ARM.extab      0x00000000080076bc        0x0
                0x00000000080076bc                . = ALIGN (0x4)
 *(.ARM.extab* .gnu.linkonce.armextab.*)
                0x00000000080076bc                . = ALIGN (0x4)

.ARM            0x00000000080076bc        0x8
                0x00000000080076bc                . = ALIGN (0x4)
                0x00000000080076bc                __exidx_start = .
 *(.ARM.exidx*)
 .ARM.exidx     0x00000000080076bc        0x8 /Applications/STM32CubeIDE.app/Contents/Eclipse/plugins/com.st.stm32cube.ide.mcu.externaltools.gnu-tools-for-stm32.11.3.rel1.macos64_1.1.0.202305231506/tools/bin/../lib/gcc/arm-none-eabi/11.3.1/thumb/v7e-m+fp/hard/libgcc.a(_udivmoddi4.o)
                0x00000000080076c4                __exidx_end = .
                0x00000000080076c4                . = ALIGN (0x4)

.rel.dyn        0x00000000080076c4        0x0
 .rel.iplt      0x00000000080076c4        0x0 /Applications/STM32CubeIDE.app/Contents/Eclipse/plugins/com.st.stm32cube.ide.mcu.externaltools.gnu-tools-for-stm32.11.3.rel1.macos64_1.1.0.202305231506/tools/bin/../lib/gcc/arm-none-eabi/11.3.1/thumb/v7e-m+fp/hard/crtbegin.o

.preinit_array  0x00000000080076c4        0x0
                0x00000000080076c4                . = ALIGN (0x4)
                0x00000000080076c4                PROVIDE (__preinit_array_start = .)
 *(.preinit_array*)
                0x00000000080076c4                PROVIDE (__preinit_array_end = .)
                0x00000000080076c4                . = ALIGN (0x4)

.init_array     0x00000000080076c4        0x4
                0x00000000080076c4                . = ALIGN (0x4)
                0x00000000080076c4                PROVIDE (__init_array_start = .)
 *(SORT_BY_NAME(.init_array.*))
 *(.init_array*)
 .init_array    0x00000000080076c4        0x4 /Applications/STM32CubeIDE.app/Contents/Eclipse/plugins/com.st.stm32cube.ide.mcu.externaltools.gnu-tools-for-stm32.11.3.rel1.macos64_1.1.0.202305231506/tools/bin/../lib/gcc/arm-none-eabi/11.3.1/thumb/v7e-m+fp/hard/crtbegin.o
                0x00000000080076c8                PROVIDE (__init_array_end = .)
                0x00000000080076c8                . = ALIGN (0x4)

.fini_array     0x00000000080076c8        0x4
                0x00000000080076c8                . = ALIGN (0x4)
                [!provide]                        PROVIDE (__fini_array_start = .)
 *(SORT_BY_NAME(.fini_array.*))
 *(.fini_array*)
 .fini_array    0x00000000080076c8        0x4 /Applications/STM32CubeIDE.app/Contents/Eclipse/plugins/com.st.stm32cube.ide.mcu.externaltools.gnu-tools-for-stm32.11.3.rel1.macos64_1.1.0.202305231506/tools/bin/../lib/gcc/arm-none-eabi/11.3.1/thumb/v7e-m+fp/hard/crtbegin.o
                [!provide]                        PROVIDE (__fini_array_end = .)
                0x00000000080076cc                . = ALIGN (0x4)
                0x00000000080076cc                _sidata = LOADADDR (.data)

.data           0x0000000020000000       0x70 load address 0x00000000080076cc
                0x0000000020000000                . = ALIGN (0x4)
                0x0000000020000000                _sdata = .
 *(.data)
 *(.data*)
 .data.Font_7x10
                0x0000000020000000        0x8 ./Core/Src/fonts.o
                0x0000000020000000                Font_7x10
 .data.Font_16x26
                0x0000000020000008        0x8 ./Core/Src/fonts.o
                0x0000000020000008                Font_16x26
 .data.SPI_DMA_CNT
                0x0000000020000010        0x4 ./Core/Src/main.o
                0x0000000020000010                SPI_DMA_CNT
 .data.SystemCoreClock
                0x0000000020000014        0x4 ./Core/Src/system_stm32f7xx.o
                0x0000000020000014                SystemCoreClock
 .data.uwTickPrio
                0x0000000020000018        0x4 ./Drivers/STM32F7xx_HAL_Driver/Src/stm32f7xx_hal 4.o
                0x0000000020000018                uwTickPrio
 .data.uwTickFreq
                0x000000002000001c        0x1 ./Drivers/STM32F7xx_HAL_Driver/Src/stm32f7xx_hal 4.o
                0x000000002000001c                uwTickFreq
 *fill*         0x000000002000001d        0x3 
 .data._impure_data
                0x0000000020000020       0x4c /Applications/STM32CubeIDE.app/Contents/Eclipse/plugins/com.st.stm32cube.ide.mcu.externaltools.gnu-tools-for-stm32.11.3.rel1.macos64_1.1.0.202305231506/tools/bin/../lib/gcc/arm-none-eabi/11.3.1/../../../../arm-none-eabi/lib/thumb/v7e-m+fp/hard/libc_nano.a(libc_a-impure.o)
                0x0000000020000020                _impure_data
 .data._impure_ptr
                0x000000002000006c        0x4 /Applications/STM32CubeIDE.app/Contents/Eclipse/plugins/com.st.stm32cube.ide.mcu.externaltools.gnu-tools-for-stm32.11.3.rel1.macos64_1.1.0.202305231506/tools/bin/../lib/gcc/arm-none-eabi/11.3.1/../../../../arm-none-eabi/lib/thumb/v7e-m+fp/hard/libc_nano.a(libc_a-impure.o)
                0x000000002000006c                _impure_ptr
 *(.RamFunc)
 *(.RamFunc*)
                0x0000000020000070                . = ALIGN (0x4)
                0x0000000020000070                _edata = .

.igot.plt       0x0000000020000070        0x0 load address 0x000000000800773c
 .igot.plt      0x0000000020000070        0x0 /Applications/STM32CubeIDE.app/Contents/Eclipse/plugins/com.st.stm32cube.ide.mcu.externaltools.gnu-tools-for-stm32.11.3.rel1.macos64_1.1.0.202305231506/tools/bin/../lib/gcc/arm-none-eabi/11.3.1/thumb/v7e-m+fp/hard/crtbegin.o
                0x0000000020000070                . = ALIGN (0x4)

.bss            0x0000000020000070     0xa7c4 load address 0x000000000800773c
                0x0000000020000070                _sbss = .
                0x0000000020000070                __bss_start__ = _sbss
 *(.bss)
 .bss           0x0000000020000070       0x1c /Applications/STM32CubeIDE.app/Contents/Eclipse/plugins/com.st.stm32cube.ide.mcu.externaltools.gnu-tools-for-stm32.11.3.rel1.macos64_1.1.0.202305231506/tools/bin/../lib/gcc/arm-none-eabi/11.3.1/thumb/v7e-m+fp/hard/crtbegin.o
 *(.bss*)
 .bss.frameBuffer
                0x000000002000008c     0xa000 ./Core/Src/ili9163.o
                0x000000002000008c                frameBuffer
 .bss.hspi1     0x000000002000a08c       0x64 ./Core/Src/main.o
                0x000000002000a08c                hspi1
 .bss.hdma_spi1_tx
                0x000000002000a0f0       0x60 ./Core/Src/main.o
                0x000000002000a0f0                hdma_spi1_tx
 .bss.huart3    0x000000002000a150       0x88 ./Core/Src/main.o
                0x000000002000a150                huart3
 .bss.hpcd_USB_OTG_FS
                0x000000002000a1d8      0x508 ./Core/Src/main.o
                0x000000002000a1d8                hpcd_USB_OTG_FS
 .bss.SPI_DMA_FL
                0x000000002000a6e0        0x1 ./Core/Src/main.o
                0x000000002000a6e0                SPI_DMA_FL
 *fill*         0x000000002000a6e1        0x3 
 .bss.__sbrk_heap_end
                0x000000002000a6e4        0x4 ./Core/Src/sysmem.o
 .bss.uwTick    0x000000002000a6e8        0x4 ./Drivers/STM32F7xx_HAL_Driver/Src/stm32f7xx_hal 4.o
                0x000000002000a6e8                uwTick
 .bss.__sf      0x000000002000a6ec      0x138 /Applications/STM32CubeIDE.app/Contents/Eclipse/plugins/com.st.stm32cube.ide.mcu.externaltools.gnu-tools-for-stm32.11.3.rel1.macos64_1.1.0.202305231506/tools/bin/../lib/gcc/arm-none-eabi/11.3.1/../../../../arm-none-eabi/lib/thumb/v7e-m+fp/hard/libc_nano.a(libc_a-findfp.o)
                0x000000002000a6ec                __sf
 .bss.__lock___malloc_recursive_mutex
                0x000000002000a824        0x1 /Applications/STM32CubeIDE.app/Contents/Eclipse/plugins/com.st.stm32cube.ide.mcu.externaltools.gnu-tools-for-stm32.11.3.rel1.macos64_1.1.0.202305231506/tools/bin/../lib/gcc/arm-none-eabi/11.3.1/../../../../arm-none-eabi/lib/thumb/v7e-m+fp/hard/libc_nano.a(libc_a-lock.o)
                0x000000002000a824                __lock___malloc_recursive_mutex
 *fill*         0x000000002000a825        0x3 
 .bss.__malloc_free_list
                0x000000002000a828        0x4 /Applications/STM32CubeIDE.app/Contents/Eclipse/plugins/com.st.stm32cube.ide.mcu.externaltools.gnu-tools-for-stm32.11.3.rel1.macos64_1.1.0.202305231506/tools/bin/../lib/gcc/arm-none-eabi/11.3.1/../../../../arm-none-eabi/lib/thumb/v7e-m+fp/hard/libc_nano.a(libc_a-mallocr.o)
                0x000000002000a828                __malloc_free_list
 .bss.__malloc_sbrk_start
                0x000000002000a82c        0x4 /Applications/STM32CubeIDE.app/Contents/Eclipse/plugins/com.st.stm32cube.ide.mcu.externaltools.gnu-tools-for-stm32.11.3.rel1.macos64_1.1.0.202305231506/tools/bin/../lib/gcc/arm-none-eabi/11.3.1/../../../../arm-none-eabi/lib/thumb/v7e-m+fp/hard/libc_nano.a(libc_a-mallocr.o)
                0x000000002000a82c                __malloc_sbrk_start
 .bss.errno     0x000000002000a830        0x4 /Applications/STM32CubeIDE.app/Contents/Eclipse/plugins/com.st.stm32cube.ide.mcu.externaltools.gnu-tools-for-stm32.11.3.rel1.macos64_1.1.0.202305231506/tools/bin/../lib/gcc/arm-none-eabi/11.3.1/../../../../arm-none-eabi/lib/thumb/v7e-m+fp/hard/libc_nano.a(libc_a-reent.o)
                0x000000002000a830                errno
 *(COMMON)
                0x000000002000a834                . = ALIGN (0x4)
                0x000000002000a834                _ebss = .
                0x000000002000a834                __bss_end__ = _ebss

._user_heap_stack
                0x000000002000a834      0x604 load address 0x000000000800773c
                0x000000002000a838                . = ALIGN (0x8)
 *fill*         0x000000002000a834        0x4 
                [!provide]                        PROVIDE (end = .)
                0x000000002000a838                PROVIDE (_end = .)
                0x000000002000aa38                . = (. + _Min_Heap_Size)
 *fill*         0x000000002000a838      0x200 
                0x000000002000ae38                . = (. + _Min_Stack_Size)
 *fill*         0x000000002000aa38      0x400 
                0x000000002000ae38                . = ALIGN (0x8)

/DISCARD/
 libc.a(*)
 libm.a(*)
 libgcc.a(*)

.ARM.attributes
                0x0000000000000000       0x30
 *(.ARM.attributes)
 .ARM.attributes
                0x0000000000000000       0x1e /Applications/STM32CubeIDE.app/Contents/Eclipse/plugins/com.st.stm32cube.ide.mcu.externaltools.gnu-tools-for-stm32.11.3.rel1.macos64_1.1.0.202305231506/tools/bin/../lib/gcc/arm-none-eabi/11.3.1/thumb/v7e-m+fp/hard/crti.o
 .ARM.attributes
                0x000000000000001e       0x34 /Applications/STM32CubeIDE.app/Contents/Eclipse/plugins/com.st.stm32cube.ide.mcu.externaltools.gnu-tools-for-stm32.11.3.rel1.macos64_1.1.0.202305231506/tools/bin/../lib/gcc/arm-none-eabi/11.3.1/thumb/v7e-m+fp/hard/crtbegin.o
 .ARM.attributes
                0x0000000000000052       0x34 ./Core/Src/fonts.o
 .ARM.attributes
                0x0000000000000086       0x34 ./Core/Src/ili9163.o
 .ARM.attributes
                0x00000000000000ba       0x34 ./Core/Src/main.o
 .ARM.attributes
                0x00000000000000ee       0x34 ./Core/Src/stm32f7xx_hal_msp.o
 .ARM.attributes
                0x0000000000000122       0x34 ./Core/Src/stm32f7xx_it.o
 .ARM.attributes
                0x0000000000000156       0x34 ./Core/Src/sysmem.o
 .ARM.attributes
                0x000000000000018a       0x34 ./Core/Src/system_stm32f7xx.o
 .ARM.attributes
                0x00000000000001be       0x21 ./Core/Startup/startup_stm32f746zgtx.o
 .ARM.attributes
                0x00000000000001df       0x34 ./Drivers/STM32F7xx_HAL_Driver/Src/stm32f7xx_hal 4.o
 .ARM.attributes
                0x0000000000000213       0x34 ./Drivers/STM32F7xx_HAL_Driver/Src/stm32f7xx_hal_cortex 4.o
 .ARM.attributes
                0x0000000000000247       0x34 ./Drivers/STM32F7xx_HAL_Driver/Src/stm32f7xx_hal_dma 4.o
 .ARM.attributes
                0x000000000000027b       0x34 ./Drivers/STM32F7xx_HAL_Driver/Src/stm32f7xx_hal_gpio 4.o
 .ARM.attributes
                0x00000000000002af       0x34 ./Drivers/STM32F7xx_HAL_Driver/Src/stm32f7xx_hal_pcd 4.o
 .ARM.attributes
                0x00000000000002e3       0x34 ./Drivers/STM32F7xx_HAL_Driver/Src/stm32f7xx_hal_pcd_ex 4.o
 .ARM.attributes
                0x0000000000000317       0x34 ./Drivers/STM32F7xx_HAL_Driver/Src/stm32f7xx_hal_pwr 4.o
 .ARM.attributes
                0x000000000000034b       0x34 ./Drivers/STM32F7xx_HAL_Driver/Src/stm32f7xx_hal_rcc 4.o
 .ARM.attributes
                0x000000000000037f       0x34 ./Drivers/STM32F7xx_HAL_Driver/Src/stm32f7xx_hal_rcc_ex 4.o
 .ARM.attributes
                0x00000000000003b3       0x34 ./Drivers/STM32F7xx_HAL_Driver/Src/stm32f7xx_hal_spi 4.o
 .ARM.attributes
                0x00000000000003e7       0x34 ./Drivers/STM32F7xx_HAL_Driver/Src/stm32f7xx_hal_uart 4.o
 .ARM.attributes
                0x000000000000041b       0x34 ./Drivers/STM32F7xx_HAL_Driver/Src/stm32f7xx_ll_usb 4.o
 .ARM.attributes
                0x000000000000044f       0x34 /Applications/STM32CubeIDE.app/Contents/Eclipse/plugins/com.st.stm32cube.ide.mcu.externaltools.gnu-tools-for-stm32.11.3.rel1.macos64_1.1.0.202305231506/tools/bin/../lib/gcc/arm-none-eabi/11.3.1/../../../../arm-none-eabi/lib/thumb/v7e-m+fp/hard/libc_nano.a(libc_a-sprintf.o)
 .ARM.attributes
                0x0000000000000483       0x34 /Applications/STM32CubeIDE.app/Contents/Eclipse/plugins/com.st.stm32cube.ide.mcu.externaltools.gnu-tools-for-stm32.11.3.rel1.macos64_1.1.0.202305231506/tools/bin/../lib/gcc/arm-none-eabi/11.3.1/../../../../arm-none-eabi/lib/thumb/v7e-m+fp/hard/libc_nano.a(libc_a-findfp.o)
 .ARM.attributes
                0x00000000000004b7       0x34 /Applications/STM32CubeIDE.app/Contents/Eclipse/plugins/com.st.stm32cube.ide.mcu.externaltools.gnu-tools-for-stm32.11.3.rel1.macos64_1.1.0.202305231506/tools/bin/../lib/gcc/arm-none-eabi/11.3.1/../../../../arm-none-eabi/lib/thumb/v7e-m+fp/hard/libc_nano.a(libc_a-vsnprintf.o)
 .ARM.attributes
                0x00000000000004eb       0x34 /Applications/STM32CubeIDE.app/Contents/Eclipse/plugins/com.st.stm32cube.ide.mcu.externaltools.gnu-tools-for-stm32.11.3.rel1.macos64_1.1.0.202305231506/tools/bin/../lib/gcc/arm-none-eabi/11.3.1/../../../../arm-none-eabi/lib/thumb/v7e-m+fp/hard/libc_nano.a(libc_a-memset.o)
 .ARM.attributes
                0x000000000000051f       0x34 /Applications/STM32CubeIDE.app/Contents/Eclipse/plugins/com.st.stm32cube.ide.mcu.externaltools.gnu-tools-for-stm32.11.3.rel1.macos64_1.1.0.202305231506/tools/bin/../lib/gcc/arm-none-eabi/11.3.1/../../../../arm-none-eabi/lib/thumb/v7e-m+fp/hard/libc_nano.a(libc_a-impure.o)
 .ARM.attributes
                0x0000000000000553       0x34 /Applications/STM32CubeIDE.app/Contents/Eclipse/plugins/com.st.stm32cube.ide.mcu.externaltools.gnu-tools-for-stm32.11.3.rel1.macos64_1.1.0.202305231506/tools/bin/../lib/gcc/arm-none-eabi/11.3.1/../../../../arm-none-eabi/lib/thumb/v7e-m+fp/hard/libc_nano.a(libc_a-errno.o)
 .ARM.attributes
                0x0000000000000587       0x34 /Applications/STM32CubeIDE.app/Contents/Eclipse/plugins/com.st.stm32cube.ide.mcu.externaltools.gnu-tools-for-stm32.11.3.rel1.macos64_1.1.0.202305231506/tools/bin/../lib/gcc/arm-none-eabi/11.3.1/../../../../arm-none-eabi/lib/thumb/v7e-m+fp/hard/libc_nano.a(libc_a-init.o)
 .ARM.attributes
                0x00000000000005bb       0x34 /Applications/STM32CubeIDE.app/Contents/Eclipse/plugins/com.st.stm32cube.ide.mcu.externaltools.gnu-tools-for-stm32.11.3.rel1.macos64_1.1.0.202305231506/tools/bin/../lib/gcc/arm-none-eabi/11.3.1/../../../../arm-none-eabi/lib/thumb/v7e-m+fp/hard/libc_nano.a(libc_a-lock.o)
 .ARM.attributes
                0x00000000000005ef       0x34 /Applications/STM32CubeIDE.app/Contents/Eclipse/plugins/com.st.stm32cube.ide.mcu.externaltools.gnu-tools-for-stm32.11.3.rel1.macos64_1.1.0.202305231506/tools/bin/../lib/gcc/arm-none-eabi/11.3.1/../../../../arm-none-eabi/lib/thumb/v7e-m+fp/hard/libc_nano.a(libc_a-nano-svfprintf.o)
 .ARM.attributes
                0x0000000000000623       0x34 /Applications/STM32CubeIDE.app/Contents/Eclipse/plugins/com.st.stm32cube.ide.mcu.externaltools.gnu-tools-for-stm32.11.3.rel1.macos64_1.1.0.202305231506/tools/bin/../lib/gcc/arm-none-eabi/11.3.1/../../../../arm-none-eabi/lib/thumb/v7e-m+fp/hard/libc_nano.a(libc_a-mallocr.o)
 .ARM.attributes
                0x0000000000000657       0x34 /Applications/STM32CubeIDE.app/Contents/Eclipse/plugins/com.st.stm32cube.ide.mcu.externaltools.gnu-tools-for-stm32.11.3.rel1.macos64_1.1.0.202305231506/tools/bin/../lib/gcc/arm-none-eabi/11.3.1/../../../../arm-none-eabi/lib/thumb/v7e-m+fp/hard/libc_nano.a(libc_a-nano-vfprintf_i.o)
 .ARM.attributes
                0x000000000000068b       0x34 /Applications/STM32CubeIDE.app/Contents/Eclipse/plugins/com.st.stm32cube.ide.mcu.externaltools.gnu-tools-for-stm32.11.3.rel1.macos64_1.1.0.202305231506/tools/bin/../lib/gcc/arm-none-eabi/11.3.1/../../../../arm-none-eabi/lib/thumb/v7e-m+fp/hard/libc_nano.a(libc_a-mlock.o)
 .ARM.attributes
                0x00000000000006bf       0x34 /Applications/STM32CubeIDE.app/Contents/Eclipse/plugins/com.st.stm32cube.ide.mcu.externaltools.gnu-tools-for-stm32.11.3.rel1.macos64_1.1.0.202305231506/tools/bin/../lib/gcc/arm-none-eabi/11.3.1/../../../../arm-none-eabi/lib/thumb/v7e-m+fp/hard/libc_nano.a(libc_a-reallocr.o)
 .ARM.attributes
                0x00000000000006f3       0x34 /Applications/STM32CubeIDE.app/Contents/Eclipse/plugins/com.st.stm32cube.ide.mcu.externaltools.gnu-tools-for-stm32.11.3.rel1.macos64_1.1.0.202305231506/tools/bin/../lib/gcc/arm-none-eabi/11.3.1/../../../../arm-none-eabi/lib/thumb/v7e-m+fp/hard/libc_nano.a(libc_a-memmove.o)
 .ARM.attributes
                0x0000000000000727       0x34 /Applications/STM32CubeIDE.app/Contents/Eclipse/plugins/com.st.stm32cube.ide.mcu.externaltools.gnu-tools-for-stm32.11.3.rel1.macos64_1.1.0.202305231506/tools/bin/../lib/gcc/arm-none-eabi/11.3.1/../../../../arm-none-eabi/lib/thumb/v7e-m+fp/hard/libc_nano.a(libc_a-reent.o)
 .ARM.attributes
                0x000000000000075b       0x34 /Applications/STM32CubeIDE.app/Contents/Eclipse/plugins/com.st.stm32cube.ide.mcu.externaltools.gnu-tools-for-stm32.11.3.rel1.macos64_1.1.0.202305231506/tools/bin/../lib/gcc/arm-none-eabi/11.3.1/../../../../arm-none-eabi/lib/thumb/v7e-m+fp/hard/libc_nano.a(libc_a-sbrkr.o)
 .ARM.attributes
                0x000000000000078f       0x1c /Applications/STM32CubeIDE.app/Contents/Eclipse/plugins/com.st.stm32cube.ide.mcu.externaltools.gnu-tools-for-stm32.11.3.rel1.macos64_1.1.0.202305231506/tools/bin/../lib/gcc/arm-none-eabi/11.3.1/../../../../arm-none-eabi/lib/thumb/v7e-m+fp/hard/libc_nano.a(libc_a-memchr.o)
 .ARM.attributes
                0x00000000000007ab       0x34 /Applications/STM32CubeIDE.app/Contents/Eclipse/plugins/com.st.stm32cube.ide.mcu.externaltools.gnu-tools-for-stm32.11.3.rel1.macos64_1.1.0.202305231506/tools/bin/../lib/gcc/arm-none-eabi/11.3.1/../../../../arm-none-eabi/lib/thumb/v7e-m+fp/hard/libc_nano.a(libc_a-memcpy-stub.o)
 .ARM.attributes
                0x00000000000007df       0x34 /Applications/STM32CubeIDE.app/Contents/Eclipse/plugins/com.st.stm32cube.ide.mcu.externaltools.gnu-tools-for-stm32.11.3.rel1.macos64_1.1.0.202305231506/tools/bin/../lib/gcc/arm-none-eabi/11.3.1/../../../../arm-none-eabi/lib/thumb/v7e-m+fp/hard/libc_nano.a(libc_a-freer.o)
 .ARM.attributes
                0x0000000000000813       0x34 /Applications/STM32CubeIDE.app/Contents/Eclipse/plugins/com.st.stm32cube.ide.mcu.externaltools.gnu-tools-for-stm32.11.3.rel1.macos64_1.1.0.202305231506/tools/bin/../lib/gcc/arm-none-eabi/11.3.1/../../../../arm-none-eabi/lib/thumb/v7e-m+fp/hard/libc_nano.a(libc_a-msizer.o)
 .ARM.attributes
                0x0000000000000847       0x1e /Applications/STM32CubeIDE.app/Contents/Eclipse/plugins/com.st.stm32cube.ide.mcu.externaltools.gnu-tools-for-stm32.11.3.rel1.macos64_1.1.0.202305231506/tools/bin/../lib/gcc/arm-none-eabi/11.3.1/thumb/v7e-m+fp/hard/libgcc.a(_aeabi_uldivmod.o)
 .ARM.attributes
                0x0000000000000865       0x34 /Applications/STM32CubeIDE.app/Contents/Eclipse/plugins/com.st.stm32cube.ide.mcu.externaltools.gnu-tools-for-stm32.11.3.rel1.macos64_1.1.0.202305231506/tools/bin/../lib/gcc/arm-none-eabi/11.3.1/thumb/v7e-m+fp/hard/libgcc.a(_udivmoddi4.o)
 .ARM.attributes
                0x0000000000000899       0x1e /Applications/STM32CubeIDE.app/Contents/Eclipse/plugins/com.st.stm32cube.ide.mcu.externaltools.gnu-tools-for-stm32.11.3.rel1.macos64_1.1.0.202305231506/tools/bin/../lib/gcc/arm-none-eabi/11.3.1/thumb/v7e-m+fp/hard/libgcc.a(_dvmd_tls.o)
 .ARM.attributes
                0x00000000000008b7       0x1e /Applications/STM32CubeIDE.app/Contents/Eclipse/plugins/com.st.stm32cube.ide.mcu.externaltools.gnu-tools-for-stm32.11.3.rel1.macos64_1.1.0.202305231506/tools/bin/../lib/gcc/arm-none-eabi/11.3.1/thumb/v7e-m+fp/hard/crtn.o
OUTPUT(Hopkins_Project2_V1.elf elf32-littlearm)
LOAD linker stubs
LOAD /Applications/STM32CubeIDE.app/Contents/Eclipse/plugins/com.st.stm32cube.ide.mcu.externaltools.gnu-tools-for-stm32.11.3.rel1.macos64_1.1.0.202305231506/tools/bin/../lib/gcc/arm-none-eabi/11.3.1/../../../../arm-none-eabi/lib/thumb/v7e-m+fp/hard/libc.a
LOAD /Applications/STM32CubeIDE.app/Contents/Eclipse/plugins/com.st.stm32cube.ide.mcu.externaltools.gnu-tools-for-stm32.11.3.rel1.macos64_1.1.0.202305231506/tools/bin/../lib/gcc/arm-none-eabi/11.3.1/../../../../arm-none-eabi/lib/thumb/v7e-m+fp/hard/libm.a
LOAD /Applications/STM32CubeIDE.app/Contents/Eclipse/plugins/com.st.stm32cube.ide.mcu.externaltools.gnu-tools-for-stm32.11.3.rel1.macos64_1.1.0.202305231506/tools/bin/../lib/gcc/arm-none-eabi/11.3.1/thumb/v7e-m+fp/hard/libgcc.a

.comment        0x0000000000000000       0x43
 .comment       0x0000000000000000       0x43 /Applications/STM32CubeIDE.app/Contents/Eclipse/plugins/com.st.stm32cube.ide.mcu.externaltools.gnu-tools-for-stm32.11.3.rel1.macos64_1.1.0.202305231506/tools/bin/../lib/gcc/arm-none-eabi/11.3.1/thumb/v7e-m+fp/hard/crtbegin.o
                                         0x44 (size before relaxing)
 .comment       0x0000000000000043       0x44 ./Core/Src/fonts.o
 .comment       0x0000000000000043       0x44 ./Core/Src/ili9163.o
 .comment       0x0000000000000043       0x44 ./Core/Src/main.o
 .comment       0x0000000000000043       0x44 ./Core/Src/stm32f7xx_hal_msp.o
 .comment       0x0000000000000043       0x44 ./Core/Src/stm32f7xx_it.o
 .comment       0x0000000000000043       0x44 ./Core/Src/sysmem.o
 .comment       0x0000000000000043       0x44 ./Core/Src/system_stm32f7xx.o
 .comment       0x0000000000000043       0x44 ./Drivers/STM32F7xx_HAL_Driver/Src/stm32f7xx_hal 4.o
 .comment       0x0000000000000043       0x44 ./Drivers/STM32F7xx_HAL_Driver/Src/stm32f7xx_hal_cortex 4.o
 .comment       0x0000000000000043       0x44 ./Drivers/STM32F7xx_HAL_Driver/Src/stm32f7xx_hal_dma 4.o
 .comment       0x0000000000000043       0x44 ./Drivers/STM32F7xx_HAL_Driver/Src/stm32f7xx_hal_gpio 4.o
 .comment       0x0000000000000043       0x44 ./Drivers/STM32F7xx_HAL_Driver/Src/stm32f7xx_hal_pcd 4.o
 .comment       0x0000000000000043       0x44 ./Drivers/STM32F7xx_HAL_Driver/Src/stm32f7xx_hal_pcd_ex 4.o
 .comment       0x0000000000000043       0x44 ./Drivers/STM32F7xx_HAL_Driver/Src/stm32f7xx_hal_pwr 4.o
 .comment       0x0000000000000043       0x44 ./Drivers/STM32F7xx_HAL_Driver/Src/stm32f7xx_hal_rcc 4.o
 .comment       0x0000000000000043       0x44 ./Drivers/STM32F7xx_HAL_Driver/Src/stm32f7xx_hal_rcc_ex 4.o
 .comment       0x0000000000000043       0x44 ./Drivers/STM32F7xx_HAL_Driver/Src/stm32f7xx_hal_spi 4.o
 .comment       0x0000000000000043       0x44 ./Drivers/STM32F7xx_HAL_Driver/Src/stm32f7xx_hal_uart 4.o
 .comment       0x0000000000000043       0x44 ./Drivers/STM32F7xx_HAL_Driver/Src/stm32f7xx_ll_usb 4.o

.debug_info     0x0000000000000000    0x113df
 .debug_info    0x0000000000000000      0x19a ./Core/Src/fonts.o
 .debug_info    0x000000000000019a      0xe03 ./Core/Src/ili9163.o
 .debug_info    0x0000000000000f9d     0x19a5 ./Core/Src/main.o
 .debug_info    0x0000000000002942     0x1551 ./Core/Src/stm32f7xx_hal_msp.o
 .debug_info    0x0000000000003e93      0x3a9 ./Core/Src/stm32f7xx_it.o
 .debug_info    0x000000000000423c      0x168 ./Core/Src/sysmem.o
 .debug_info    0x00000000000043a4      0x6ed ./Core/Src/system_stm32f7xx.o
 .debug_info    0x0000000000004a91       0x23 ./Core/Startup/startup_stm32f746zgtx.o
 .debug_info    0x0000000000004ab4      0x9d8 ./Drivers/STM32F7xx_HAL_Driver/Src/stm32f7xx_hal 4.o
 .debug_info    0x000000000000548c      0xf49 ./Drivers/STM32F7xx_HAL_Driver/Src/stm32f7xx_hal_cortex 4.o
 .debug_info    0x00000000000063d5      0x8e7 ./Drivers/STM32F7xx_HAL_Driver/Src/stm32f7xx_hal_dma 4.o
 .debug_info    0x0000000000006cbc      0x6e7 ./Drivers/STM32F7xx_HAL_Driver/Src/stm32f7xx_hal_gpio 4.o
 .debug_info    0x00000000000073a3     0x156c ./Drivers/STM32F7xx_HAL_Driver/Src/stm32f7xx_hal_pcd 4.o
 .debug_info    0x000000000000890f      0x78b ./Drivers/STM32F7xx_HAL_Driver/Src/stm32f7xx_hal_pcd_ex 4.o
 .debug_info    0x000000000000909a      0x90e ./Drivers/STM32F7xx_HAL_Driver/Src/stm32f7xx_hal_pwr 4.o
 .debug_info    0x00000000000099a8      0x8dc ./Drivers/STM32F7xx_HAL_Driver/Src/stm32f7xx_hal_rcc 4.o
 .debug_info    0x000000000000a284      0x6bd ./Drivers/STM32F7xx_HAL_Driver/Src/stm32f7xx_hal_rcc_ex 4.o
 .debug_info    0x000000000000a941     0x169b ./Drivers/STM32F7xx_HAL_Driver/Src/stm32f7xx_hal_spi 4.o
 .debug_info    0x000000000000bfdc     0x3a47 ./Drivers/STM32F7xx_HAL_Driver/Src/stm32f7xx_hal_uart 4.o
 .debug_info    0x000000000000fa23     0x19bc ./Drivers/STM32F7xx_HAL_Driver/Src/stm32f7xx_ll_usb 4.o

.debug_abbrev   0x0000000000000000     0x2915
 .debug_abbrev  0x0000000000000000       0xb3 ./Core/Src/fonts.o
 .debug_abbrev  0x00000000000000b3      0x300 ./Core/Src/ili9163.o
 .debug_abbrev  0x00000000000003b3      0x36e ./Core/Src/main.o
 .debug_abbrev  0x0000000000000721      0x26c ./Core/Src/stm32f7xx_hal_msp.o
 .debug_abbrev  0x000000000000098d      0x169 ./Core/Src/stm32f7xx_it.o
 .debug_abbrev  0x0000000000000af6       0xbc ./Core/Src/sysmem.o
 .debug_abbrev  0x0000000000000bb2      0x13b ./Core/Src/system_stm32f7xx.o
 .debug_abbrev  0x0000000000000ced       0x12 ./Core/Startup/startup_stm32f746zgtx.o
 .debug_abbrev  0x0000000000000cff      0x213 ./Drivers/STM32F7xx_HAL_Driver/Src/stm32f7xx_hal 4.o
 .debug_abbrev  0x0000000000000f12      0x329 ./Drivers/STM32F7xx_HAL_Driver/Src/stm32f7xx_hal_cortex 4.o
 .debug_abbrev  0x000000000000123b      0x264 ./Drivers/STM32F7xx_HAL_Driver/Src/stm32f7xx_hal_dma 4.o
 .debug_abbrev  0x000000000000149f      0x1d4 ./Drivers/STM32F7xx_HAL_Driver/Src/stm32f7xx_hal_gpio 4.o
 .debug_abbrev  0x0000000000001673      0x2e7 ./Drivers/STM32F7xx_HAL_Driver/Src/stm32f7xx_hal_pcd 4.o
 .debug_abbrev  0x000000000000195a      0x1ca ./Drivers/STM32F7xx_HAL_Driver/Src/stm32f7xx_hal_pcd_ex 4.o
 .debug_abbrev  0x0000000000001b24      0x1c5 ./Drivers/STM32F7xx_HAL_Driver/Src/stm32f7xx_hal_pwr 4.o
 .debug_abbrev  0x0000000000001ce9      0x288 ./Drivers/STM32F7xx_HAL_Driver/Src/stm32f7xx_hal_rcc 4.o
 .debug_abbrev  0x0000000000001f71      0x1c9 ./Drivers/STM32F7xx_HAL_Driver/Src/stm32f7xx_hal_rcc_ex 4.o
 .debug_abbrev  0x000000000000213a      0x269 ./Drivers/STM32F7xx_HAL_Driver/Src/stm32f7xx_hal_spi 4.o
 .debug_abbrev  0x00000000000023a3      0x2e6 ./Drivers/STM32F7xx_HAL_Driver/Src/stm32f7xx_hal_uart 4.o
 .debug_abbrev  0x0000000000002689      0x28c ./Drivers/STM32F7xx_HAL_Driver/Src/stm32f7xx_ll_usb 4.o

.debug_aranges  0x0000000000000000      0xdf8
 .debug_aranges
                0x0000000000000000       0x18 ./Core/Src/fonts.o
 .debug_aranges
                0x0000000000000018       0xa8 ./Core/Src/ili9163.o
 .debug_aranges
                0x00000000000000c0       0x60 ./Core/Src/main.o
 .debug_aranges
                0x0000000000000120       0x50 ./Core/Src/stm32f7xx_hal_msp.o
 .debug_aranges
                0x0000000000000170       0x68 ./Core/Src/stm32f7xx_it.o
 .debug_aranges
                0x00000000000001d8       0x20 ./Core/Src/sysmem.o
 .debug_aranges
                0x00000000000001f8       0x28 ./Core/Src/system_stm32f7xx.o
 .debug_aranges
                0x0000000000000220       0x28 ./Core/Startup/startup_stm32f746zgtx.o
 .debug_aranges
                0x0000000000000248      0x100 ./Drivers/STM32F7xx_HAL_Driver/Src/stm32f7xx_hal 4.o
 .debug_aranges
                0x0000000000000348      0x118 ./Drivers/STM32F7xx_HAL_Driver/Src/stm32f7xx_hal_cortex 4.o
 .debug_aranges
                0x0000000000000460       0x90 ./Drivers/STM32F7xx_HAL_Driver/Src/stm32f7xx_hal_dma 4.o
 .debug_aranges
                0x00000000000004f0       0x58 ./Drivers/STM32F7xx_HAL_Driver/Src/stm32f7xx_hal_gpio 4.o
 .debug_aranges
                0x0000000000000548      0x148 ./Drivers/STM32F7xx_HAL_Driver/Src/stm32f7xx_hal_pcd 4.o
 .debug_aranges
                0x0000000000000690       0x48 ./Drivers/STM32F7xx_HAL_Driver/Src/stm32f7xx_hal_pcd_ex 4.o
 .debug_aranges
                0x00000000000006d8       0xa0 ./Drivers/STM32F7xx_HAL_Driver/Src/stm32f7xx_hal_pwr 4.o
 .debug_aranges
                0x0000000000000778       0x88 ./Drivers/STM32F7xx_HAL_Driver/Src/stm32f7xx_hal_rcc 4.o
 .debug_aranges
                0x0000000000000800       0x50 ./Drivers/STM32F7xx_HAL_Driver/Src/stm32f7xx_hal_rcc_ex 4.o
 .debug_aranges
                0x0000000000000850      0x1d8 ./Drivers/STM32F7xx_HAL_Driver/Src/stm32f7xx_hal_spi 4.o
 .debug_aranges
                0x0000000000000a28      0x228 ./Drivers/STM32F7xx_HAL_Driver/Src/stm32f7xx_hal_uart 4.o
 .debug_aranges
                0x0000000000000c50      0x1a8 ./Drivers/STM32F7xx_HAL_Driver/Src/stm32f7xx_ll_usb 4.o

.debug_macro    0x0000000000000000    0x2693f
 .debug_macro   0x0000000000000000       0x6d ./Core/Src/fonts.o
 .debug_macro   0x000000000000006d      0xaa8 ./Core/Src/fonts.o
 .debug_macro   0x0000000000000b15       0x22 ./Core/Src/fonts.o
 .debug_macro   0x0000000000000b37       0x8e ./Core/Src/fonts.o
 .debug_macro   0x0000000000000bc5       0x51 ./Core/Src/fonts.o
 .debug_macro   0x0000000000000c16      0x103 ./Core/Src/fonts.o
 .debug_macro   0x0000000000000d19       0x6a ./Core/Src/fonts.o
 .debug_macro   0x0000000000000d83      0x1df ./Core/Src/fonts.o
 .debug_macro   0x0000000000000f62      0x343 ./Core/Src/ili9163.o
 .debug_macro   0x00000000000012a5      0x299 ./Core/Src/ili9163.o
 .debug_macro   0x000000000000153e       0x2e ./Core/Src/ili9163.o
 .debug_macro   0x000000000000156c       0x3b ./Core/Src/ili9163.o
 .debug_macro   0x00000000000015a7       0x1c ./Core/Src/ili9163.o
 .debug_macro   0x00000000000015c3       0x22 ./Core/Src/ili9163.o
 .debug_macro   0x00000000000015e5       0xd9 ./Core/Src/ili9163.o
 .debug_macro   0x00000000000016be     0x12cd ./Core/Src/ili9163.o
 .debug_macro   0x000000000000298b      0x11f ./Core/Src/ili9163.o
 .debug_macro   0x0000000000002aaa       0x19 ./Core/Src/ili9163.o
 .debug_macro   0x0000000000002ac3    0x1920a ./Core/Src/ili9163.o
 .debug_macro   0x000000000001bccd       0x6d ./Core/Src/ili9163.o
 .debug_macro   0x000000000001bd3a     0x3749 ./Core/Src/ili9163.o
 .debug_macro   0x000000000001f483      0x174 ./Core/Src/ili9163.o
 .debug_macro   0x000000000001f5f7       0x63 ./Core/Src/ili9163.o
 .debug_macro   0x000000000001f65a     0x18ad ./Core/Src/ili9163.o
 .debug_macro   0x0000000000020f07      0x6c4 ./Core/Src/ili9163.o
 .debug_macro   0x00000000000215cb      0x185 ./Core/Src/ili9163.o
 .debug_macro   0x0000000000021750      0x115 ./Core/Src/ili9163.o
 .debug_macro   0x0000000000021865      0x1fd ./Core/Src/ili9163.o
 .debug_macro   0x0000000000021a62       0xa5 ./Core/Src/ili9163.o
 .debug_macro   0x0000000000021b07      0x24f ./Core/Src/ili9163.o
 .debug_macro   0x0000000000021d56       0x41 ./Core/Src/ili9163.o
 .debug_macro   0x0000000000021d97       0x58 ./Core/Src/ili9163.o
 .debug_macro   0x0000000000021def      0x236 ./Core/Src/ili9163.o
 .debug_macro   0x0000000000022025      0x14e ./Core/Src/ili9163.o
 .debug_macro   0x0000000000022173      0x25a ./Core/Src/ili9163.o
 .debug_macro   0x00000000000223cd       0x12 ./Core/Src/ili9163.o
 .debug_macro   0x00000000000223df      0x22c ./Core/Src/ili9163.o
 .debug_macro   0x000000000002260b       0x61 ./Core/Src/ili9163.o
 .debug_macro   0x000000000002266c       0xa5 ./Core/Src/ili9163.o
 .debug_macro   0x0000000000022711      0x12e ./Core/Src/ili9163.o
 .debug_macro   0x000000000002283f      0x108 ./Core/Src/ili9163.o
 .debug_macro   0x0000000000022947       0x35 ./Core/Src/ili9163.o
 .debug_macro   0x000000000002297c      0x2fe ./Core/Src/ili9163.o
 .debug_macro   0x0000000000022c7a      0x56d ./Core/Src/ili9163.o
 .debug_macro   0x00000000000231e7       0x44 ./Core/Src/ili9163.o
 .debug_macro   0x000000000002322b      0x256 ./Core/Src/ili9163.o
 .debug_macro   0x0000000000023481       0xba ./Core/Src/ili9163.o
 .debug_macro   0x000000000002353b      0x14d ./Core/Src/ili9163.o
 .debug_macro   0x0000000000023688      0x13c ./Core/Src/ili9163.o
 .debug_macro   0x00000000000237c4       0x61 ./Core/Src/ili9163.o
 .debug_macro   0x0000000000023825       0x2a ./Core/Src/ili9163.o
 .debug_macro   0x000000000002384f       0x43 ./Core/Src/ili9163.o
 .debug_macro   0x0000000000023892       0x34 ./Core/Src/ili9163.o
 .debug_macro   0x00000000000238c6       0x16 ./Core/Src/ili9163.o
 .debug_macro   0x00000000000238dc       0x43 ./Core/Src/ili9163.o
 .debug_macro   0x000000000002391f       0x34 ./Core/Src/ili9163.o
 .debug_macro   0x0000000000023953       0x10 ./Core/Src/ili9163.o
 .debug_macro   0x0000000000023963       0x58 ./Core/Src/ili9163.o
 .debug_macro   0x00000000000239bb       0x8e ./Core/Src/ili9163.o
 .debug_macro   0x0000000000023a49       0x1c ./Core/Src/ili9163.o
 .debug_macro   0x0000000000023a65      0x177 ./Core/Src/ili9163.o
 .debug_macro   0x0000000000023bdc      0x369 ./Core/Src/ili9163.o
 .debug_macro   0x0000000000023f45       0x10 ./Core/Src/ili9163.o
 .debug_macro   0x0000000000023f55       0x35 ./Core/Src/ili9163.o
 .debug_macro   0x0000000000023f8a       0x20 ./Core/Src/ili9163.o
 .debug_macro   0x0000000000023faa       0x1c ./Core/Src/ili9163.o
 .debug_macro   0x0000000000023fc6       0x10 ./Core/Src/ili9163.o
 .debug_macro   0x0000000000023fd6       0x1c ./Core/Src/ili9163.o
 .debug_macro   0x0000000000023ff2       0x16 ./Core/Src/ili9163.o
 .debug_macro   0x0000000000024008      0x147 ./Core/Src/ili9163.o
 .debug_macro   0x000000000002414f       0x46 ./Core/Src/ili9163.o
 .debug_macro   0x0000000000024195      0x1ae ./Core/Src/ili9163.o
 .debug_macro   0x0000000000024343       0x4c ./Core/Src/ili9163.o
 .debug_macro   0x000000000002438f      0x33a ./Core/Src/main.o
 .debug_macro   0x00000000000246c9      0x216 ./Core/Src/stm32f7xx_hal_msp.o
 .debug_macro   0x00000000000248df      0x220 ./Core/Src/stm32f7xx_it.o
 .debug_macro   0x0000000000024aff       0xff ./Core/Src/sysmem.o
 .debug_macro   0x0000000000024bfe      0x23c ./Core/Src/sysmem.o
 .debug_macro   0x0000000000024e3a      0x207 ./Core/Src/system_stm32f7xx.o
 .debug_macro   0x0000000000025041      0x22b ./Drivers/STM32F7xx_HAL_Driver/Src/stm32f7xx_hal 4.o
 .debug_macro   0x000000000002526c      0x207 ./Drivers/STM32F7xx_HAL_Driver/Src/stm32f7xx_hal_cortex 4.o
 .debug_macro   0x0000000000025473      0x20d ./Drivers/STM32F7xx_HAL_Driver/Src/stm32f7xx_hal_dma 4.o
 .debug_macro   0x0000000000025680      0x20d ./Drivers/STM32F7xx_HAL_Driver/Src/stm32f7xx_hal_gpio 4.o
 .debug_macro   0x000000000002588d      0x213 ./Drivers/STM32F7xx_HAL_Driver/Src/stm32f7xx_hal_pcd 4.o
 .debug_macro   0x0000000000025aa0      0x207 ./Drivers/STM32F7xx_HAL_Driver/Src/stm32f7xx_hal_pcd_ex 4.o
 .debug_macro   0x0000000000025ca7      0x225 ./Drivers/STM32F7xx_HAL_Driver/Src/stm32f7xx_hal_pwr 4.o
 .debug_macro   0x0000000000025ecc      0x22b ./Drivers/STM32F7xx_HAL_Driver/Src/stm32f7xx_hal_rcc 4.o
 .debug_macro   0x00000000000260f7      0x207 ./Drivers/STM32F7xx_HAL_Driver/Src/stm32f7xx_hal_rcc_ex 4.o
 .debug_macro   0x00000000000262fe      0x216 ./Drivers/STM32F7xx_HAL_Driver/Src/stm32f7xx_hal_spi 4.o
 .debug_macro   0x0000000000026514      0x224 ./Drivers/STM32F7xx_HAL_Driver/Src/stm32f7xx_hal_uart 4.o
 .debug_macro   0x0000000000026738      0x207 ./Drivers/STM32F7xx_HAL_Driver/Src/stm32f7xx_ll_usb 4.o

.debug_line     0x0000000000000000    0x11bdc
 .debug_line    0x0000000000000000      0x393 ./Core/Src/fonts.o
 .debug_line    0x0000000000000393      0xceb ./Core/Src/ili9163.o
 .debug_line    0x000000000000107e      0xb1f ./Core/Src/main.o
 .debug_line    0x0000000000001b9d      0x8aa ./Core/Src/stm32f7xx_hal_msp.o
 .debug_line    0x0000000000002447      0x828 ./Core/Src/stm32f7xx_it.o
 .debug_line    0x0000000000002c6f      0x512 ./Core/Src/sysmem.o
 .debug_line    0x0000000000003181      0x7cd ./Core/Src/system_stm32f7xx.o
 .debug_line    0x000000000000394e       0x7a ./Core/Startup/startup_stm32f746zgtx.o
 .debug_line    0x00000000000039c8      0xa60 ./Drivers/STM32F7xx_HAL_Driver/Src/stm32f7xx_hal 4.o
 .debug_line    0x0000000000004428      0xce6 ./Drivers/STM32F7xx_HAL_Driver/Src/stm32f7xx_hal_cortex 4.o
 .debug_line    0x000000000000510e      0xfaf ./Drivers/STM32F7xx_HAL_Driver/Src/stm32f7xx_hal_dma 4.o
 .debug_line    0x00000000000060bd      0xbd4 ./Drivers/STM32F7xx_HAL_Driver/Src/stm32f7xx_hal_gpio 4.o
 .debug_line    0x0000000000006c91     0x14af ./Drivers/STM32F7xx_HAL_Driver/Src/stm32f7xx_hal_pcd 4.o
 .debug_line    0x0000000000008140      0x861 ./Drivers/STM32F7xx_HAL_Driver/Src/stm32f7xx_hal_pcd_ex 4.o
 .debug_line    0x00000000000089a1      0x964 ./Drivers/STM32F7xx_HAL_Driver/Src/stm32f7xx_hal_pwr 4.o
 .debug_line    0x0000000000009305      0xea0 ./Drivers/STM32F7xx_HAL_Driver/Src/stm32f7xx_hal_rcc 4.o
 .debug_line    0x000000000000a1a5      0xe54 ./Drivers/STM32F7xx_HAL_Driver/Src/stm32f7xx_hal_rcc_ex 4.o
 .debug_line    0x000000000000aff9     0x1fb6 ./Drivers/STM32F7xx_HAL_Driver/Src/stm32f7xx_hal_spi 4.o
 .debug_line    0x000000000000cfaf     0x3111 ./Drivers/STM32F7xx_HAL_Driver/Src/stm32f7xx_hal_uart 4.o
 .debug_line    0x00000000000100c0     0x1b1c ./Drivers/STM32F7xx_HAL_Driver/Src/stm32f7xx_ll_usb 4.o

.debug_str      0x0000000000000000    0xeb927
 .debug_str     0x0000000000000000     0x3bf8 ./Core/Src/fonts.o
                                       0x3d6e (size before relaxing)
 .debug_str     0x0000000000003bf8    0xe36af ./Core/Src/ili9163.o
                                      0xe79fd (size before relaxing)
 .debug_str     0x00000000000e72a7      0xece ./Core/Src/main.o
                                      0xe8651 (size before relaxing)
 .debug_str     0x00000000000e8175      0x32a ./Core/Src/stm32f7xx_hal_msp.o
                                      0xe3eb2 (size before relaxing)
 .debug_str     0x00000000000e849f       0xf4 ./Core/Src/stm32f7xx_it.o
                                      0xe3304 (size before relaxing)
 .debug_str     0x00000000000e8593      0x4dc ./Core/Src/sysmem.o
                                       0x6068 (size before relaxing)
 .debug_str     0x00000000000e8a6f      0x1a4 ./Core/Src/system_stm32f7xx.o
                                      0xe2d94 (size before relaxing)
 .debug_str     0x00000000000e8c13       0x34 ./Core/Startup/startup_stm32f746zgtx.o
                                         0x78 (size before relaxing)
 .debug_str     0x00000000000e8c47      0x404 ./Drivers/STM32F7xx_HAL_Driver/Src/stm32f7xx_hal 4.o
                                      0xe36ff (size before relaxing)
 .debug_str     0x00000000000e904b      0x332 ./Drivers/STM32F7xx_HAL_Driver/Src/stm32f7xx_hal_cortex 4.o
                                      0xe36ea (size before relaxing)
 .debug_str     0x00000000000e937d      0x2f8 ./Drivers/STM32F7xx_HAL_Driver/Src/stm32f7xx_hal_dma 4.o
                                      0xe30d5 (size before relaxing)
 .debug_str     0x00000000000e9675      0x107 ./Drivers/STM32F7xx_HAL_Driver/Src/stm32f7xx_hal_gpio 4.o
                                      0xe2e54 (size before relaxing)
 .debug_str     0x00000000000e977c      0x834 ./Drivers/STM32F7xx_HAL_Driver/Src/stm32f7xx_hal_pcd 4.o
                                      0xe37b3 (size before relaxing)
 .debug_str     0x00000000000e9fb0      0x12f ./Drivers/STM32F7xx_HAL_Driver/Src/stm32f7xx_hal_pcd_ex 4.o
                                      0xe30b4 (size before relaxing)
 .debug_str     0x00000000000ea0df      0x2ae ./Drivers/STM32F7xx_HAL_Driver/Src/stm32f7xx_hal_pwr 4.o
                                      0xe3037 (size before relaxing)
 .debug_str     0x00000000000ea38d      0x240 ./Drivers/STM32F7xx_HAL_Driver/Src/stm32f7xx_hal_rcc 4.o
                                      0xe30f8 (size before relaxing)
 .debug_str     0x00000000000ea5cd      0x151 ./Drivers/STM32F7xx_HAL_Driver/Src/stm32f7xx_hal_rcc_ex 4.o
                                      0xe3030 (size before relaxing)
 .debug_str     0x00000000000ea71e      0x55d ./Drivers/STM32F7xx_HAL_Driver/Src/stm32f7xx_hal_spi 4.o
                                      0xe35d6 (size before relaxing)
 .debug_str     0x00000000000eac7b      0x84a ./Drivers/STM32F7xx_HAL_Driver/Src/stm32f7xx_hal_uart 4.o
                                      0xe3a45 (size before relaxing)
 .debug_str     0x00000000000eb4c5      0x462 ./Drivers/STM32F7xx_HAL_Driver/Src/stm32f7xx_ll_usb 4.o
                                      0xe3639 (size before relaxing)

.debug_rnglists
                0x0000000000000000      0xaab
 .debug_rnglists
                0x0000000000000000       0x80 ./Core/Src/ili9163.o
 .debug_rnglists
                0x0000000000000080       0x46 ./Core/Src/main.o
 .debug_rnglists
                0x00000000000000c6       0x3a ./Core/Src/stm32f7xx_hal_msp.o
 .debug_rnglists
                0x0000000000000100       0x49 ./Core/Src/stm32f7xx_it.o
 .debug_rnglists
                0x0000000000000149       0x13 ./Core/Src/sysmem.o
 .debug_rnglists
                0x000000000000015c       0x1a ./Core/Src/system_stm32f7xx.o
 .debug_rnglists
                0x0000000000000176       0x19 ./Core/Startup/startup_stm32f746zgtx.o
 .debug_rnglists
                0x000000000000018f       0xbb ./Drivers/STM32F7xx_HAL_Driver/Src/stm32f7xx_hal 4.o
 .debug_rnglists
                0x000000000000024a       0xce ./Drivers/STM32F7xx_HAL_Driver/Src/stm32f7xx_hal_cortex 4.o
 .debug_rnglists
                0x0000000000000318       0x70 ./Drivers/STM32F7xx_HAL_Driver/Src/stm32f7xx_hal_dma 4.o
 .debug_rnglists
                0x0000000000000388       0x3f ./Drivers/STM32F7xx_HAL_Driver/Src/stm32f7xx_hal_gpio 4.o
 .debug_rnglists
                0x00000000000003c7       0xfc ./Drivers/STM32F7xx_HAL_Driver/Src/stm32f7xx_hal_pcd 4.o
 .debug_rnglists
                0x00000000000004c3       0x32 ./Drivers/STM32F7xx_HAL_Driver/Src/stm32f7xx_hal_pcd_ex 4.o
 .debug_rnglists
                0x00000000000004f5       0x74 ./Drivers/STM32F7xx_HAL_Driver/Src/stm32f7xx_hal_pwr 4.o
 .debug_rnglists
                0x0000000000000569       0x67 ./Drivers/STM32F7xx_HAL_Driver/Src/stm32f7xx_hal_rcc 4.o
 .debug_rnglists
                0x00000000000005d0       0x3c ./Drivers/STM32F7xx_HAL_Driver/Src/stm32f7xx_hal_rcc_ex 4.o
 .debug_rnglists
                0x000000000000060c      0x178 ./Drivers/STM32F7xx_HAL_Driver/Src/stm32f7xx_hal_spi 4.o
 .debug_rnglists
                0x0000000000000784      0x1d9 ./Drivers/STM32F7xx_HAL_Driver/Src/stm32f7xx_hal_uart 4.o
 .debug_rnglists
                0x000000000000095d      0x14e ./Drivers/STM32F7xx_HAL_Driver/Src/stm32f7xx_ll_usb 4.o

.debug_frame    0x0000000000000000     0x3f08
 .debug_frame   0x0000000000000000      0x2bc ./Core/Src/ili9163.o
 .debug_frame   0x00000000000002bc      0x12c ./Core/Src/main.o
 .debug_frame   0x00000000000003e8      0x118 ./Core/Src/stm32f7xx_hal_msp.o
 .debug_frame   0x0000000000000500      0x120 ./Core/Src/stm32f7xx_it.o
 .debug_frame   0x0000000000000620       0x34 ./Core/Src/sysmem.o
 .debug_frame   0x0000000000000654       0x58 ./Core/Src/system_stm32f7xx.o
 .debug_frame   0x00000000000006ac      0x3b4 ./Drivers/STM32F7xx_HAL_Driver/Src/stm32f7xx_hal 4.o
 .debug_frame   0x0000000000000a60      0x498 ./Drivers/STM32F7xx_HAL_Driver/Src/stm32f7xx_hal_cortex 4.o
 .debug_frame   0x0000000000000ef8      0x250 ./Drivers/STM32F7xx_HAL_Driver/Src/stm32f7xx_hal_dma 4.o
 .debug_frame   0x0000000000001148      0x14c ./Drivers/STM32F7xx_HAL_Driver/Src/stm32f7xx_hal_gpio 4.o
 .debug_frame   0x0000000000001294      0x5bc ./Drivers/STM32F7xx_HAL_Driver/Src/stm32f7xx_hal_pcd 4.o
 .debug_frame   0x0000000000001850      0x100 ./Drivers/STM32F7xx_HAL_Driver/Src/stm32f7xx_hal_pcd_ex 4.o
 .debug_frame   0x0000000000001950      0x254 ./Drivers/STM32F7xx_HAL_Driver/Src/stm32f7xx_hal_pwr 4.o
 .debug_frame   0x0000000000001ba4      0x1f8 ./Drivers/STM32F7xx_HAL_Driver/Src/stm32f7xx_hal_rcc 4.o
 .debug_frame   0x0000000000001d9c      0x118 ./Drivers/STM32F7xx_HAL_Driver/Src/stm32f7xx_hal_rcc_ex 4.o
 .debug_frame   0x0000000000001eb4      0x860 ./Drivers/STM32F7xx_HAL_Driver/Src/stm32f7xx_hal_spi 4.o
 .debug_frame   0x0000000000002714      0x9e4 ./Drivers/STM32F7xx_HAL_Driver/Src/stm32f7xx_hal_uart 4.o
 .debug_frame   0x00000000000030f8      0x7e8 ./Drivers/STM32F7xx_HAL_Driver/Src/stm32f7xx_ll_usb 4.o
 .debug_frame   0x00000000000038e0       0x6c /Applications/STM32CubeIDE.app/Contents/Eclipse/plugins/com.st.stm32cube.ide.mcu.externaltools.gnu-tools-for-stm32.11.3.rel1.macos64_1.1.0.202305231506/tools/bin/../lib/gcc/arm-none-eabi/11.3.1/../../../../arm-none-eabi/lib/thumb/v7e-m+fp/hard/libc_nano.a(libc_a-sprintf.o)
 .debug_frame   0x000000000000394c      0x13c /Applications/STM32CubeIDE.app/Contents/Eclipse/plugins/com.st.stm32cube.ide.mcu.externaltools.gnu-tools-for-stm32.11.3.rel1.macos64_1.1.0.202305231506/tools/bin/../lib/gcc/arm-none-eabi/11.3.1/../../../../arm-none-eabi/lib/thumb/v7e-m+fp/hard/libc_nano.a(libc_a-findfp.o)
 .debug_frame   0x0000000000003a88       0x4c /Applications/STM32CubeIDE.app/Contents/Eclipse/plugins/com.st.stm32cube.ide.mcu.externaltools.gnu-tools-for-stm32.11.3.rel1.macos64_1.1.0.202305231506/tools/bin/../lib/gcc/arm-none-eabi/11.3.1/../../../../arm-none-eabi/lib/thumb/v7e-m+fp/hard/libc_nano.a(libc_a-vsnprintf.o)
 .debug_frame   0x0000000000003ad4       0x20 /Applications/STM32CubeIDE.app/Contents/Eclipse/plugins/com.st.stm32cube.ide.mcu.externaltools.gnu-tools-for-stm32.11.3.rel1.macos64_1.1.0.202305231506/tools/bin/../lib/gcc/arm-none-eabi/11.3.1/../../../../arm-none-eabi/lib/thumb/v7e-m+fp/hard/libc_nano.a(libc_a-memset.o)
 .debug_frame   0x0000000000003af4       0x20 /Applications/STM32CubeIDE.app/Contents/Eclipse/plugins/com.st.stm32cube.ide.mcu.externaltools.gnu-tools-for-stm32.11.3.rel1.macos64_1.1.0.202305231506/tools/bin/../lib/gcc/arm-none-eabi/11.3.1/../../../../arm-none-eabi/lib/thumb/v7e-m+fp/hard/libc_nano.a(libc_a-errno.o)
 .debug_frame   0x0000000000003b14       0x2c /Applications/STM32CubeIDE.app/Contents/Eclipse/plugins/com.st.stm32cube.ide.mcu.externaltools.gnu-tools-for-stm32.11.3.rel1.macos64_1.1.0.202305231506/tools/bin/../lib/gcc/arm-none-eabi/11.3.1/../../../../arm-none-eabi/lib/thumb/v7e-m+fp/hard/libc_nano.a(libc_a-init.o)
 .debug_frame   0x0000000000003b40       0xb0 /Applications/STM32CubeIDE.app/Contents/Eclipse/plugins/com.st.stm32cube.ide.mcu.externaltools.gnu-tools-for-stm32.11.3.rel1.macos64_1.1.0.202305231506/tools/bin/../lib/gcc/arm-none-eabi/11.3.1/../../../../arm-none-eabi/lib/thumb/v7e-m+fp/hard/libc_nano.a(libc_a-lock.o)
 .debug_frame   0x0000000000003bf0       0x90 /Applications/STM32CubeIDE.app/Contents/Eclipse/plugins/com.st.stm32cube.ide.mcu.externaltools.gnu-tools-for-stm32.11.3.rel1.macos64_1.1.0.202305231506/tools/bin/../lib/gcc/arm-none-eabi/11.3.1/../../../../arm-none-eabi/lib/thumb/v7e-m+fp/hard/libc_nano.a(libc_a-nano-svfprintf.o)