../Core/Src/stm32f7xx_it.c:115:6:NMI_Handler	4	static
../Core/Src/stm32f7xx_it.c:128:6:HardFault_Handler	4	static
../Core/Src/stm32f7xx_it.c:143:6:MemManage_Handler	4	static
../Core/Src/stm32f7xx_it.c:158:6:BusFault_Handler	4	static
../Core/Src/stm32f7xx_it.c:173:6:UsageFault_Handler	4	static
../Core/Src/stm32f7xx_it.c:188:6:SVC_Handler	4	static
../Core/Src/stm32f7xx_it.c:201:6:DebugMon_Handler	4	static
../Core/Src/stm32f7xx_it.c:214:6:PendSV_Handler	4	static
../Core/Src/stm32f7xx_it.c:227:6:SysTick_Handler	8	static
../Core/Src/stm32f7xx_it.c:248:6:EXTI9_5_IRQHandler	16	static
../Core/Src/stm32f7xx_it.c:303:6:DMA2_Stream3_IRQHandler	8	static
../Core/Src/stm32f7xx_it.c:315:6:KeyPadGetChar	16	static
../Core/Src/stm32f7xx_it.c:358:6:KeyPadGetShift	16	static
../Core/Src/stm32f7xx_it.c:401:6:appendInput	24	static
../Core/Src/stm32f7xx_it.c:411:6:screenClr	8	static
