../Core/Src/stm32f7xx_it.c:116:6:NMI_Handler	4	static
../Core/Src/stm32f7xx_it.c:129:6:HardFault_Handler	4	static
../Core/Src/stm32f7xx_it.c:144:6:MemManage_Handler	4	static
../Core/Src/stm32f7xx_it.c:159:6:BusFault_Handler	4	static
../Core/Src/stm32f7xx_it.c:174:6:UsageFault_Handler	4	static
../Core/Src/stm32f7xx_it.c:189:6:SVC_Handler	4	static
../Core/Src/stm32f7xx_it.c:202:6:DebugMon_Handler	4	static
../Core/Src/stm32f7xx_it.c:215:6:PendSV_Handler	4	static
../Core/Src/stm32f7xx_it.c:228:6:SysTick_Handler	8	static
../Core/Src/stm32f7xx_it.c:249:6:EXTI9_5_IRQHandler	16	static
../Core/Src/stm32f7xx_it.c:302:6:KeyPadGetChar	16	static
../Core/Src/stm32f7xx_it.c:345:6:KeyPadGetShift	16	static
../Core/Src/stm32f7xx_it.c:389:6:appendInput	24	static
../Core/Src/stm32f7xx_it.c:399:6:screenClear	8	static
