../Core/Src/stm32f7xx_it.c:117:6:NMI_Handler	4	static
../Core/Src/stm32f7xx_it.c:130:6:HardFault_Handler	4	static
../Core/Src/stm32f7xx_it.c:145:6:MemManage_Handler	4	static
../Core/Src/stm32f7xx_it.c:160:6:BusFault_Handler	4	static
../Core/Src/stm32f7xx_it.c:175:6:UsageFault_Handler	4	static
../Core/Src/stm32f7xx_it.c:190:6:SVC_Handler	4	static
../Core/Src/stm32f7xx_it.c:203:6:DebugMon_Handler	4	static
../Core/Src/stm32f7xx_it.c:216:6:PendSV_Handler	4	static
../Core/Src/stm32f7xx_it.c:229:6:SysTick_Handler	8	static
../Core/Src/stm32f7xx_it.c:250:6:EXTI9_5_IRQHandler	16	static
../Core/Src/stm32f7xx_it.c:305:6:DMA2_Stream3_IRQHandler	8	static
../Core/Src/stm32f7xx_it.c:317:6:KeyPadGetChar	16	static
../Core/Src/stm32f7xx_it.c:360:6:KeyPadGetShift	16	static
../Core/Src/stm32f7xx_it.c:404:6:appendInput	24	static
