../Core/Src/stm32f7xx_it.c:131:6:NMI_Handler	4	static
../Core/Src/stm32f7xx_it.c:146:6:HardFault_Handler	4	static
../Core/Src/stm32f7xx_it.c:161:6:MemManage_Handler	4	static
../Core/Src/stm32f7xx_it.c:176:6:BusFault_Handler	4	static
../Core/Src/stm32f7xx_it.c:191:6:UsageFault_Handler	4	static
../Core/Src/stm32f7xx_it.c:206:6:SVC_Handler	4	static
../Core/Src/stm32f7xx_it.c:219:6:DebugMon_Handler	4	static
../Core/Src/stm32f7xx_it.c:232:6:PendSV_Handler	4	static
../Core/Src/stm32f7xx_it.c:245:6:SysTick_Handler	8	static
../Core/Src/stm32f7xx_it.c:266:6:EXTI9_5_IRQHandler	16	static
../Core/Src/stm32f7xx_it.c:322:6:DMA2_Stream3_IRQHandler	8	static
../Core/Src/stm32f7xx_it.c:334:6:KeyPadGetChar	16	static
../Core/Src/stm32f7xx_it.c:381:6:append	24	static
../Core/Src/stm32f7xx_it.c:387:6:screenClear	4	static
../Core/Src/stm32f7xx_it.c:392:6:backspace	16	static
../Core/Src/stm32f7xx_it.c:398:6:setPassword	16	static
